Copyright 1986-2020 Xilinx, Inc. All Rights Reserved.
---------------------------------------------------------------------------------------------------------------
| Tool Version : Vivado v.2020.2 (win64) Build 3064766 Wed Nov 18 09:12:45 MST 2020
| Date         : Mon Aug 31 21:42:28 2026
| Host         : REDACTED
| Command      : report_timing_summary -file <USER_HOME>/Verilog/nonPipelined/rbkf_l1/timing_post_route.rpt
| Design       : rbkf_core
| Device       : 7z020-clg400
| Speed File   : -1  PRODUCTION 1.12 2019-11-22
---------------------------------------------------------------------------------------------------------------

Timing Summary Report

------------------------------------------------------------------------------------------------
| Timer Settings
| --------------
------------------------------------------------------------------------------------------------

  Enable Multi Corner Analysis               :  Yes
  Enable Pessimism Removal                   :  Yes
  Pessimism Removal Resolution               :  Nearest Common Node
  Enable Input Delay Default Clock           :  No
  Enable Preset / Clear Arcs                 :  No
  Disable Flight Delays                      :  No
  Ignore I/O Paths                           :  No
  Timing Early Launch at Borrowing Latches   :  No
  Borrow Time for Max Delay Exceptions       :  Yes
  Merge Timing Exceptions                    :  Yes

  Corner  Analyze    Analyze    
  Name    Max Paths  Min Paths  
  ------  ---------  ---------  
  Slow    Yes        Yes        
  Fast    Yes        Yes        



check_timing report

Table of Contents
-----------------
1. checking no_clock (0)
2. checking constant_clock (0)
3. checking pulse_width_clock (0)
4. checking unconstrained_internal_endpoints (0)
5. checking no_input_delay (513)
6. checking no_output_delay (376)
7. checking multiple_clock (0)
8. checking generated_clocks (0)
9. checking loops (0)
10. checking partial_input_delay (0)
11. checking partial_output_delay (0)
12. checking latch_loops (0)

1. checking no_clock (0)
------------------------
 There are 0 register/latch pins with no clock.


2. checking constant_clock (0)
------------------------------
 There are 0 register/latch pins with constant_clock.


3. checking pulse_width_clock (0)
---------------------------------
 There are 0 register/latch pins which need pulse_width check


4. checking unconstrained_internal_endpoints (0)
------------------------------------------------
 There are 0 pins that are not constrained for maximum delay.

 There are 0 pins that are not constrained for maximum delay due to constant clock.


5. checking no_input_delay (513)
--------------------------------
 There are 513 input ports with no input delay specified. (HIGH)

 There are 0 input ports with no input delay but user has a false path constraint.


6. checking no_output_delay (376)
---------------------------------
 There are 376 ports with no output delay specified. (HIGH)

 There are 0 ports with no output delay but user has a false path constraint

 There are 0 ports with no output delay but with a timing clock defined on it or propagating through it


7. checking multiple_clock (0)
------------------------------
 There are 0 register/latch pins with multiple clocks.


8. checking generated_clocks (0)
--------------------------------
 There are 0 generated clocks that are not connected to a clock source.


9. checking loops (0)
---------------------
 There are 0 combinational loops in the design.


10. checking partial_input_delay (0)
------------------------------------
 There are 0 input ports with partial input delay specified.


11. checking partial_output_delay (0)
-------------------------------------
 There are 0 ports with partial output delay specified.


12. checking latch_loops (0)
----------------------------
 There are 0 combinational latch loops in the design through latch input



------------------------------------------------------------------------------------------------
| Design Timing Summary
| ---------------------
------------------------------------------------------------------------------------------------

    WNS(ns)      TNS(ns)  TNS Failing Endpoints  TNS Total Endpoints      WHS(ns)      THS(ns)  THS Failing Endpoints  THS Total Endpoints     WPWS(ns)     TPWS(ns)  TPWS Failing Endpoints  TPWS Total Endpoints  
    -------      -------  ---------------------  -------------------      -------      -------  ---------------------  -------------------     --------     --------  ----------------------  --------------------  
    -15.217   -32706.703                   4082                 7354        0.155        0.000                      0                 7354        4.500        0.000                       0                  3754  


Timing constraints are not met.


------------------------------------------------------------------------------------------------
| Clock Summary
| -------------
------------------------------------------------------------------------------------------------

Clock          Waveform(ns)       Period(ns)      Frequency(MHz)
-----          ------------       ----------      --------------
estimator_clk  {0.000 5.000}      10.000          100.000         


------------------------------------------------------------------------------------------------
| Intra Clock Table
| -----------------
------------------------------------------------------------------------------------------------

Clock              WNS(ns)      TNS(ns)  TNS Failing Endpoints  TNS Total Endpoints      WHS(ns)      THS(ns)  THS Failing Endpoints  THS Total Endpoints     WPWS(ns)     TPWS(ns)  TPWS Failing Endpoints  TPWS Total Endpoints  
-----              -------      -------  ---------------------  -------------------      -------      -------  ---------------------  -------------------     --------     --------  ----------------------  --------------------  
estimator_clk      -15.217   -32706.703                   4082                 7354        0.155        0.000                      0                 7354        4.500        0.000                       0                  3754  


------------------------------------------------------------------------------------------------
| Inter Clock Table
| -----------------
------------------------------------------------------------------------------------------------

From Clock    To Clock          WNS(ns)      TNS(ns)  TNS Failing Endpoints  TNS Total Endpoints      WHS(ns)      THS(ns)  THS Failing Endpoints  THS Total Endpoints  
----------    --------          -------      -------  ---------------------  -------------------      -------      -------  ---------------------  -------------------  


------------------------------------------------------------------------------------------------
| Other Path Groups Table
| -----------------------
------------------------------------------------------------------------------------------------

Path Group    From Clock    To Clock          WNS(ns)      TNS(ns)  TNS Failing Endpoints  TNS Total Endpoints      WHS(ns)      THS(ns)  THS Failing Endpoints  THS Total Endpoints  
----------    ----------    --------          -------      -------  ---------------------  -------------------      -------      -------  ---------------------  -------------------  


------------------------------------------------------------------------------------------------
| Timing Details
| --------------
------------------------------------------------------------------------------------------------


---------------------------------------------------------------------------------------------------
From Clock:  estimator_clk
  To Clock:  estimator_clk

Setup :         4082  Failing Endpoints,  Worst Slack      -15.217ns,  Total Violation   -32706.703ns
Hold  :            0  Failing Endpoints,  Worst Slack        0.155ns,  Total Violation        0.000ns
PW    :            0  Failing Endpoints,  Worst Slack        4.500ns,  Total Violation        0.000ns
---------------------------------------------------------------------------------------------------


Max Delay Paths
--------------------------------------------------------------------------------------
Slack (VIOLATED) :        -15.217ns  (required time - arrival time)
  Source:                 u_engine/element_index_reg[1]_rep__4/C
                            (rising edge-triggered cell FDCE clocked by estimator_clk  {rise@0.000ns fall@5.000ns period=10.000ns})
  Destination:            u_engine/cofactor_reg[7][12]/D
                            (rising edge-triggered cell FDCE clocked by estimator_clk  {rise@0.000ns fall@5.000ns period=10.000ns})
  Path Group:             estimator_clk
  Path Type:              Setup (Max at Slow Process Corner)
  Requirement:            10.000ns  (estimator_clk rise@10.000ns - estimator_clk rise@0.000ns)
  Data Path Delay:        25.028ns  (logic 13.940ns (55.698%)  route 11.088ns (44.302%))
  Logic Levels:           35  (CARRY4=20 DSP48E1=2 LUT1=2 LUT2=1 LUT3=2 LUT4=1 LUT5=1 LUT6=4 MUXF7=1 MUXF8=1)
  Clock Path Skew:        -0.049ns (DCD - SCD + CPR)
    Destination Clock Delay (DCD):    0.924ns = ( 10.924 - 10.000 ) 
    Source Clock Delay      (SCD):    0.973ns
    Clock Pessimism Removal (CPR):    0.000ns
  Clock Uncertainty:      0.035ns  ((TSJ^2 + TIJ^2)^1/2 + DJ) / 2 + PE
    Total System Jitter     (TSJ):    0.071ns
    Total Input Jitter      (TIJ):    0.000ns
    Discrete Jitter          (DJ):    0.000ns
    Phase Error              (PE):    0.000ns

    Location             Delay type                Incr(ns)  Path(ns)    Netlist Resource(s)
  -------------------------------------------------------------------    -------------------
                         (clock estimator_clk rise edge)
                                                      0.000     0.000 r  
                                                      0.000     0.000 r  clk (IN)
                         net (fo=3753, unset)         0.973     0.973    u_engine/clk
    SLICE_X62Y20         FDCE                                         r  u_engine/element_index_reg[1]_rep__4/C
  -------------------------------------------------------------------    -------------------
    SLICE_X62Y20         FDCE (Prop_fdce_C_Q)         0.518     1.491 r  u_engine/element_index_reg[1]_rep__4/Q
                         net (fo=106, routed)         1.377     2.868    u_engine/element_index_reg[1]_rep__4_n_0
    SLICE_X58Y25         LUT6 (Prop_lut6_I2_O)        0.124     2.992 r  u_engine/multiply_product_i_1440/O
                         net (fo=1, routed)           0.396     3.388    u_engine/multiply_product_i_1440_n_0
    SLICE_X57Y25         LUT6 (Prop_lut6_I0_O)        0.124     3.512 r  u_engine/multiply_product_i_1429/O
                         net (fo=1, routed)           0.464     3.977    u_engine/multiply_product_i_1429_n_0
    SLICE_X56Y25         LUT3 (Prop_lut3_I2_O)        0.124     4.101 r  u_engine/multiply_product_i_1242/O
                         net (fo=1, routed)           0.823     4.924    u_engine/multiply_product_i_1242_n_0
    SLICE_X51Y24         LUT6 (Prop_lut6_I3_O)        0.124     5.048 r  u_engine/multiply_product_i_830/O
                         net (fo=1, routed)           0.000     5.048    u_engine/multiply_product_i_830_n_0
    SLICE_X51Y24         MUXF7 (Prop_muxf7_I0_O)      0.238     5.286 r  u_engine/multiply_product_i_365/O
                         net (fo=1, routed)           0.000     5.286    u_engine/multiply_product_i_365_n_0
    SLICE_X51Y24         MUXF8 (Prop_muxf8_I0_O)      0.104     5.390 r  u_engine/multiply_product_i_117/O
                         net (fo=1, routed)           0.914     6.304    u_engine/multiply_product_i_117_n_0
    SLICE_X46Y23         LUT5 (Prop_lut5_I0_O)        0.316     6.620 r  u_engine/multiply_product_i_27/O
                         net (fo=2, routed)           0.890     7.510    u_engine/mul_b[14]
    DSP48_X2Y8           DSP48E1 (Prop_dsp48e1_A[14]_PCOUT[47])
                                                      4.036    11.546 r  u_engine/multiply_product/PCOUT[47]
                         net (fo=1, routed)           0.002    11.548    u_engine/multiply_product_n_106
    DSP48_X2Y9           DSP48E1 (Prop_dsp48e1_PCIN[47]_P[0])
                                                      1.518    13.066 f  u_engine/multiply_product__0/P[0]
                         net (fo=4, routed)           0.898    13.964    u_engine/multiply_product__1[17]
    SLICE_X35Y18         LUT1 (Prop_lut1_I0_O)        0.124    14.088 r  u_engine/b_diag[2][4]_i_12/O
                         net (fo=1, routed)           0.000    14.088    u_engine/b_diag[2][4]_i_12_n_0
    SLICE_X35Y18         CARRY4 (Prop_carry4_S[0]_CO[3])
                                                      0.532    14.620 r  u_engine/b_diag_reg[2][4]_i_8/CO[3]
                         net (fo=1, routed)           0.000    14.620    u_engine/b_diag_reg[2][4]_i_8_n_0
    SLICE_X35Y19         CARRY4 (Prop_carry4_CI_CO[3])
                                                      0.114    14.734 r  u_engine/b_diag_reg[2][8]_i_7/CO[3]
                         net (fo=1, routed)           0.000    14.734    u_engine/b_diag_reg[2][8]_i_7_n_0
    SLICE_X35Y20         CARRY4 (Prop_carry4_CI_O[1])
                                                      0.334    15.068 f  u_engine/b_diag_reg[2][12]_i_7/O[1]
                         net (fo=1, routed)           0.726    15.794    rounded_value2[26]
    SLICE_X33Y20         LUT1 (Prop_lut1_I0_O)        0.303    16.097 r  b_diag[2][12]_i_5/O
                         net (fo=1, routed)           0.000    16.097    b_diag[2][12]_i_5_n_0
    SLICE_X33Y20         CARRY4 (Prop_carry4_S[1]_CO[3])
                                                      0.550    16.647 r  b_diag_reg[2][12]_i_2/CO[3]
                         net (fo=1, routed)           0.000    16.647    b_diag_reg[2][12]_i_2_n_0
    SLICE_X33Y21         CARRY4 (Prop_carry4_CI_CO[3])
                                                      0.114    16.761 r  b_diag_reg[2][16]_i_2/CO[3]
                         net (fo=1, routed)           0.000    16.761    b_diag_reg[2][16]_i_2_n_0
    SLICE_X33Y22         CARRY4 (Prop_carry4_CI_CO[3])
                                                      0.114    16.875 r  b_diag_reg[2][20]_i_2/CO[3]
                         net (fo=1, routed)           0.000    16.875    b_diag_reg[2][20]_i_2_n_0
    SLICE_X33Y23         CARRY4 (Prop_carry4_CI_CO[3])
                                                      0.114    16.989 r  b_diag_reg[2][23]_i_7/CO[3]
                         net (fo=1, routed)           0.000    16.989    b_diag_reg[2][23]_i_7_n_0
    SLICE_X33Y24         CARRY4 (Prop_carry4_CI_CO[3])
                                                      0.114    17.103 r  b_diag_reg[2][23]_i_67/CO[3]
                         net (fo=1, routed)           0.009    17.112    u_engine/b_diag[2][23]_i_72_0[0]
    SLICE_X33Y25         CARRY4 (Prop_carry4_CI_CO[3])
                                                      0.114    17.226 r  u_engine/b_diag_reg[2][23]_i_47/CO[3]
                         net (fo=1, routed)           0.000    17.226    u_engine/b_diag_reg[2][23]_i_47_n_0
    SLICE_X33Y26         CARRY4 (Prop_carry4_CI_CO[0])
                                                      0.271    17.497 f  u_engine/b_diag_reg[2][23]_i_30/CO[0]
                         net (fo=27, routed)          1.058    18.555    u_engine/b_diag_reg[2][23]_i_30_n_3
    SLICE_X31Y24         LUT4 (Prop_lut4_I0_O)        0.373    18.928 r  u_engine/b_diag[2][23]_i_44/O
                         net (fo=1, routed)           0.000    18.928    u_engine/b_diag[2][23]_i_44_n_0
    SLICE_X31Y24         CARRY4 (Prop_carry4_S[1]_CO[3])
                                                      0.550    19.478 r  u_engine/b_diag_reg[2][23]_i_20/CO[3]
                         net (fo=1, routed)           0.009    19.487    u_engine/b_diag_reg[2][23]_i_20_n_0
    SLICE_X31Y25         CARRY4 (Prop_carry4_CI_CO[3])
                                                      0.114    19.601 r  u_engine/b_diag_reg[2][23]_i_9/CO[3]
                         net (fo=1, routed)           0.000    19.601    u_engine/b_diag_reg[2][23]_i_9_n_0
    SLICE_X31Y26         CARRY4 (Prop_carry4_CI_CO[1])
                                                      0.157    19.758 r  u_engine/b_diag_reg[2][23]_i_5/CO[1]
                         net (fo=138, routed)         1.015    20.773    u_engine/round_sat481
    SLICE_X34Y23         LUT6 (Prop_lut6_I4_O)        0.329    21.102 r  u_engine/cofactor[3][3]_i_6/O
                         net (fo=1, routed)           0.000    21.102    u_engine/cofactor[3][3]_i_6_n_0
    SLICE_X34Y23         CARRY4 (Prop_carry4_S[0]_CO[3])
                                                      0.513    21.615 r  u_engine/cofactor_reg[3][3]_i_2/CO[3]
                         net (fo=1, routed)           0.000    21.615    u_engine/cofactor_reg[3][3]_i_2_n_0
    SLICE_X34Y24         CARRY4 (Prop_carry4_CI_CO[3])
                                                      0.117    21.732 r  u_engine/cofactor_reg[3][7]_i_2/CO[3]
                         net (fo=1, routed)           0.009    21.741    u_engine/cofactor_reg[3][7]_i_2_n_0
    SLICE_X34Y25         CARRY4 (Prop_carry4_CI_CO[3])
                                                      0.117    21.858 r  u_engine/cofactor_reg[3][11]_i_2/CO[3]
                         net (fo=1, routed)           0.000    21.858    u_engine/cofactor_reg[3][11]_i_2_n_0
    SLICE_X34Y26         CARRY4 (Prop_carry4_CI_CO[3])
                                                      0.117    21.975 r  u_engine/cofactor_reg[3][15]_i_2/CO[3]
                         net (fo=1, routed)           0.000    21.975    u_engine/cofactor_reg[3][15]_i_2_n_0
    SLICE_X34Y27         CARRY4 (Prop_carry4_CI_CO[3])
                                                      0.117    22.092 r  u_engine/cofactor_reg[3][19]_i_2/CO[3]
                         net (fo=1, routed)           0.000    22.092    u_engine/cofactor_reg[3][19]_i_2_n_0
    SLICE_X34Y28         CARRY4 (Prop_carry4_CI_O[3])
                                                      0.315    22.407 f  u_engine/cofactor_reg[3][23]_i_5/O[3]
                         net (fo=5, routed)           0.788    23.195    u_engine_n_119
    SLICE_X36Y30         LUT2 (Prop_lut2_I1_O)        0.307    23.502 r  cofactor[3][23]_i_16/O
                         net (fo=1, routed)           0.000    23.502    cofactor[3][23]_i_16_n_0
    SLICE_X36Y30         CARRY4 (Prop_carry4_S[0]_CO[1])
                                                      0.458    23.960 r  cofactor_reg[3][23]_i_6/CO[1]
                         net (fo=26, routed)          0.876    24.836    u_engine/cofactor_reg[5][23]_0[0]
    SLICE_X37Y31         LUT3 (Prop_lut3_I0_O)        0.332    25.168 r  u_engine/cofactor[3][12]_i_1/O
                         net (fo=9, routed)           0.833    26.001    u_engine/cofactor[3][12]_i_1_n_0
    SLICE_X39Y31         FDCE                                         r  u_engine/cofactor_reg[7][12]/D
  -------------------------------------------------------------------    -------------------

                         (clock estimator_clk rise edge)
                                                     10.000    10.000 r  
                                                      0.000    10.000 r  clk (IN)
                         net (fo=3753, unset)         0.924    10.924    u_engine/clk
    SLICE_X39Y31         FDCE                                         r  u_engine/cofactor_reg[7][12]/C
                         clock pessimism              0.000    10.924    
                         clock uncertainty           -0.035    10.889    
    SLICE_X39Y31         FDCE (Setup_fdce_C_D)       -0.105    10.784    u_engine/cofactor_reg[7][12]
  -------------------------------------------------------------------
                         required time                         10.784    
                         arrival time                         -26.001    
  -------------------------------------------------------------------
                         slack                                -15.217    





Min Delay Paths
--------------------------------------------------------------------------------------
Slack (MET) :             0.155ns  (arrival time - required time)
  Source:                 u_engine/u_divider/bit_index_reg[4]/C
                            (rising edge-triggered cell FDCE clocked by estimator_clk  {rise@0.000ns fall@5.000ns period=10.000ns})
  Destination:            u_engine/u_divider/quotient_reg_reg[2]/D
                            (rising edge-triggered cell FDCE clocked by estimator_clk  {rise@0.000ns fall@5.000ns period=10.000ns})
  Path Group:             estimator_clk
  Path Type:              Hold (Min at Fast Process Corner)
  Requirement:            0.000ns  (estimator_clk rise@0.000ns - estimator_clk rise@0.000ns)
  Data Path Delay:        0.298ns  (logic 0.186ns (62.469%)  route 0.112ns (37.531%))
  Logic Levels:           1  (LUT6=1)
  Clock Path Skew:        0.022ns (DCD - SCD - CPR)
    Destination Clock Delay (DCD):    0.432ns
    Source Clock Delay      (SCD):    0.410ns
    Clock Pessimism Removal (CPR):    -0.000ns

    Location             Delay type                Incr(ns)  Path(ns)    Netlist Resource(s)
  -------------------------------------------------------------------    -------------------
                         (clock estimator_clk rise edge)
                                                      0.000     0.000 r  
                                                      0.000     0.000 r  clk (IN)
                         net (fo=3753, unset)         0.410     0.410    u_engine/u_divider/clk
    SLICE_X43Y44         FDCE                                         r  u_engine/u_divider/bit_index_reg[4]/C
  -------------------------------------------------------------------    -------------------
    SLICE_X43Y44         FDCE (Prop_fdce_C_Q)         0.141     0.551 f  u_engine/u_divider/bit_index_reg[4]/Q
                         net (fo=46, routed)          0.112     0.663    u_engine/u_divider/bit_index_reg[4]
    SLICE_X42Y44         LUT6 (Prop_lut6_I2_O)        0.045     0.708 r  u_engine/u_divider/quotient_reg[2]_i_1/O
                         net (fo=1, routed)           0.000     0.708    u_engine/u_divider/quotient_reg[2]_i_1_n_0
    SLICE_X42Y44         FDCE                                         r  u_engine/u_divider/quotient_reg_reg[2]/D
  -------------------------------------------------------------------    -------------------

                         (clock estimator_clk rise edge)
                                                      0.000     0.000 r  
                                                      0.000     0.000 r  clk (IN)
                         net (fo=3753, unset)         0.432     0.432    u_engine/u_divider/clk
    SLICE_X42Y44         FDCE                                         r  u_engine/u_divider/quotient_reg_reg[2]/C
                         clock pessimism              0.000     0.432    
    SLICE_X42Y44         FDCE (Hold_fdce_C_D)         0.121     0.553    u_engine/u_divider/quotient_reg_reg[2]
  -------------------------------------------------------------------
                         required time                         -0.553    
                         arrival time                           0.708    
  -------------------------------------------------------------------
                         slack                                  0.155    





Pulse Width Checks
--------------------------------------------------------------------------------------
Clock Name:         estimator_clk
Waveform(ns):       { 0.000 5.000 }
Period(ns):         10.000
Sources:            { clk }

Check Type        Corner  Lib Pin             Reference Pin  Required(ns)  Actual(ns)  Slack(ns)  Location      Pin
Min Period        n/a     RAMB36E1/CLKARDCLK  n/a            2.576         10.000      7.424      RAMB36_X2Y5   u_engine/u_arcsine_cov_lut/y_reg_4/CLKARDCLK
Low Pulse Width   Fast    FDCE/C              n/a            0.500         5.000       4.500      SLICE_X82Y20  u_engine/measurement_cov_reg[0][1]/C
High Pulse Width  Slow    FDCE/C              n/a            0.500         5.000       4.500      SLICE_X82Y20  u_engine/measurement_cov_reg[0][1]/C



