Copyright 1986-2020 Xilinx, Inc. All Rights Reserved.
-----------------------------------------------------------------------------------------------------------
| Tool Version : Vivado v.2020.2 (win64) Build 3064766 Wed Nov 18 09:12:45 MST 2020
| Date         : Mon Aug 31 21:44:58 2026
| Host         : REDACTED
| Command      : report_timing_summary -file <USER_HOME>/Verilog/nonPipelined/ekf/timing_post_route.rpt
| Design       : ekf_core
| Device       : 7z020-clg400
| Speed File   : -1  PRODUCTION 1.12 2019-11-22
-----------------------------------------------------------------------------------------------------------

Timing Summary Report

------------------------------------------------------------------------------------------------
| Timer Settings
| --------------
------------------------------------------------------------------------------------------------

  Enable Multi Corner Analysis               :  Yes
  Enable Pessimism Removal                   :  Yes
  Pessimism Removal Resolution               :  Nearest Common Node
  Enable Input Delay Default Clock           :  No
  Enable Preset / Clear Arcs                 :  No
  Disable Flight Delays                      :  No
  Ignore I/O Paths                           :  No
  Timing Early Launch at Borrowing Latches   :  No
  Borrow Time for Max Delay Exceptions       :  Yes
  Merge Timing Exceptions                    :  Yes

  Corner  Analyze    Analyze    
  Name    Max Paths  Min Paths  
  ------  ---------  ---------  
  Slow    Yes        Yes        
  Fast    Yes        Yes        



check_timing report

Table of Contents
-----------------
1. checking no_clock (0)
2. checking constant_clock (0)
3. checking pulse_width_clock (0)
4. checking unconstrained_internal_endpoints (0)
5. checking no_input_delay (580)
6. checking no_output_delay (302)
7. checking multiple_clock (0)
8. checking generated_clocks (0)
9. checking loops (0)
10. checking partial_input_delay (0)
11. checking partial_output_delay (0)
12. checking latch_loops (0)

1. checking no_clock (0)
------------------------
 There are 0 register/latch pins with no clock.


2. checking constant_clock (0)
------------------------------
 There are 0 register/latch pins with constant_clock.


3. checking pulse_width_clock (0)
---------------------------------
 There are 0 register/latch pins which need pulse_width check


4. checking unconstrained_internal_endpoints (0)
------------------------------------------------
 There are 0 pins that are not constrained for maximum delay.

 There are 0 pins that are not constrained for maximum delay due to constant clock.


5. checking no_input_delay (580)
--------------------------------
 There are 580 input ports with no input delay specified. (HIGH)

 There are 0 input ports with no input delay but user has a false path constraint.


6. checking no_output_delay (302)
---------------------------------
 There are 302 ports with no output delay specified. (HIGH)

 There are 0 ports with no output delay but user has a false path constraint

 There are 0 ports with no output delay but with a timing clock defined on it or propagating through it


7. checking multiple_clock (0)
------------------------------
 There are 0 register/latch pins with multiple clocks.


8. checking generated_clocks (0)
--------------------------------
 There are 0 generated clocks that are not connected to a clock source.


9. checking loops (0)
---------------------
 There are 0 combinational loops in the design.


10. checking partial_input_delay (0)
------------------------------------
 There are 0 input ports with partial input delay specified.


11. checking partial_output_delay (0)
-------------------------------------
 There are 0 ports with partial output delay specified.


12. checking latch_loops (0)
----------------------------
 There are 0 combinational latch loops in the design through latch input



------------------------------------------------------------------------------------------------
| Design Timing Summary
| ---------------------
------------------------------------------------------------------------------------------------

    WNS(ns)      TNS(ns)  TNS Failing Endpoints  TNS Total Endpoints      WHS(ns)      THS(ns)  THS Failing Endpoints  THS Total Endpoints     WPWS(ns)     TPWS(ns)  TPWS Failing Endpoints  TPWS Total Endpoints  
    -------      -------  ---------------------  -------------------      -------      -------  ---------------------  -------------------     --------     --------  ----------------------  --------------------  
    -15.808   -32358.031                   4204                 7568        0.156        0.000                      0                 7568        4.500        0.000                       0                  3894  


Timing constraints are not met.


------------------------------------------------------------------------------------------------
| Clock Summary
| -------------
------------------------------------------------------------------------------------------------

Clock          Waveform(ns)       Period(ns)      Frequency(MHz)
-----          ------------       ----------      --------------
estimator_clk  {0.000 5.000}      10.000          100.000         


------------------------------------------------------------------------------------------------
| Intra Clock Table
| -----------------
------------------------------------------------------------------------------------------------

Clock              WNS(ns)      TNS(ns)  TNS Failing Endpoints  TNS Total Endpoints      WHS(ns)      THS(ns)  THS Failing Endpoints  THS Total Endpoints     WPWS(ns)     TPWS(ns)  TPWS Failing Endpoints  TPWS Total Endpoints  
-----              -------      -------  ---------------------  -------------------      -------      -------  ---------------------  -------------------     --------     --------  ----------------------  --------------------  
estimator_clk      -15.808   -32358.031                   4204                 7568        0.156        0.000                      0                 7568        4.500        0.000                       0                  3894  


------------------------------------------------------------------------------------------------
| Inter Clock Table
| -----------------
------------------------------------------------------------------------------------------------

From Clock    To Clock          WNS(ns)      TNS(ns)  TNS Failing Endpoints  TNS Total Endpoints      WHS(ns)      THS(ns)  THS Failing Endpoints  THS Total Endpoints  
----------    --------          -------      -------  ---------------------  -------------------      -------      -------  ---------------------  -------------------  


------------------------------------------------------------------------------------------------
| Other Path Groups Table
| -----------------------
------------------------------------------------------------------------------------------------

Path Group    From Clock    To Clock          WNS(ns)      TNS(ns)  TNS Failing Endpoints  TNS Total Endpoints      WHS(ns)      THS(ns)  THS Failing Endpoints  THS Total Endpoints  
----------    ----------    --------          -------      -------  ---------------------  -------------------      -------      -------  ---------------------  -------------------  


------------------------------------------------------------------------------------------------
| Timing Details
| --------------
------------------------------------------------------------------------------------------------


---------------------------------------------------------------------------------------------------
From Clock:  estimator_clk
  To Clock:  estimator_clk

Setup :         4204  Failing Endpoints,  Worst Slack      -15.808ns,  Total Violation   -32358.032ns
Hold  :            0  Failing Endpoints,  Worst Slack        0.156ns,  Total Violation        0.000ns
PW    :            0  Failing Endpoints,  Worst Slack        4.500ns,  Total Violation        0.000ns
---------------------------------------------------------------------------------------------------


Max Delay Paths
--------------------------------------------------------------------------------------
Slack (VIOLATED) :        -15.808ns  (required time - arrival time)
  Source:                 u_engine/row_index_reg[1]/C
                            (rising edge-triggered cell FDCE clocked by estimator_clk  {rise@0.000ns fall@5.000ns period=10.000ns})
  Destination:            u_engine/solver_error_reg/D
                            (rising edge-triggered cell FDCE clocked by estimator_clk  {rise@0.000ns fall@5.000ns period=10.000ns})
  Path Group:             estimator_clk
  Path Type:              Setup (Max at Slow Process Corner)
  Requirement:            10.000ns  (estimator_clk rise@10.000ns - estimator_clk rise@0.000ns)
  Data Path Delay:        25.753ns  (logic 11.784ns (45.758%)  route 13.969ns (54.242%))
  Logic Levels:           37  (CARRY4=20 DSP48E1=1 LUT1=2 LUT2=2 LUT4=2 LUT5=3 LUT6=6 MUXF7=1)
  Clock Path Skew:        -0.049ns (DCD - SCD + CPR)
    Destination Clock Delay (DCD):    0.924ns = ( 10.924 - 10.000 ) 
    Source Clock Delay      (SCD):    0.973ns
    Clock Pessimism Removal (CPR):    0.000ns
  Clock Uncertainty:      0.035ns  ((TSJ^2 + TIJ^2)^1/2 + DJ) / 2 + PE
    Total System Jitter     (TSJ):    0.071ns
    Total Input Jitter      (TIJ):    0.000ns
    Discrete Jitter          (DJ):    0.000ns
    Phase Error              (PE):    0.000ns

    Location             Delay type                Incr(ns)  Path(ns)    Netlist Resource(s)
  -------------------------------------------------------------------    -------------------
                         (clock estimator_clk rise edge)
                                                      0.000     0.000 r  
                                                      0.000     0.000 r  clk (IN)
                         net (fo=3893, unset)         0.973     0.973    u_engine/clk
    SLICE_X50Y26         FDCE                                         r  u_engine/row_index_reg[1]/C
  -------------------------------------------------------------------    -------------------
    SLICE_X50Y26         FDCE (Prop_fdce_C_Q)         0.518     1.491 r  u_engine/row_index_reg[1]/Q
                         net (fo=48, routed)          0.777     2.268    u_engine/row_index_reg_n_0_[1]
    SLICE_X52Y28         LUT4 (Prop_lut4_I2_O)        0.124     2.392 r  u_engine/multiply_product_i_896/O
                         net (fo=170, routed)         1.289     3.681    u_engine/multiply_product_i_896_n_0
    SLICE_X56Y29         LUT6 (Prop_lut6_I2_O)        0.124     3.805 r  u_engine/multiply_product_i_927/O
                         net (fo=1, routed)           0.742     4.547    u_engine/multiply_product_i_927_n_0
    SLICE_X54Y31         LUT5 (Prop_lut5_I4_O)        0.124     4.671 r  u_engine/multiply_product_i_445/O
                         net (fo=1, routed)           0.912     5.582    u_engine/multiply_product_i_445_n_0
    SLICE_X53Y34         LUT6 (Prop_lut6_I5_O)        0.124     5.706 r  u_engine/multiply_product_i_187/O
                         net (fo=1, routed)           0.000     5.706    u_engine/multiply_product_i_187_n_0
    SLICE_X53Y34         MUXF7 (Prop_muxf7_I1_O)      0.217     5.923 r  u_engine/multiply_product_i_53/O
                         net (fo=1, routed)           0.881     6.804    u_engine/multiply_product_i_53_n_0
    SLICE_X43Y34         LUT5 (Prop_lut5_I0_O)        0.299     7.103 r  u_engine/multiply_product_i_4/O
                         net (fo=1, routed)           0.582     7.685    u_engine/multiply_product_i_4_n_0
    DSP48_X2Y12          DSP48E1 (Prop_dsp48e1_B[13]_P[0])
                                                      3.656    11.341 r  u_engine/multiply_product/P[0]
                         net (fo=3, routed)           1.156    12.498    u_engine/multiply_product__1[0]
    SLICE_X36Y25         LUT2 (Prop_lut2_I1_O)        0.124    12.622 r  u_engine/mac_accumulator[3]_i_6/O
                         net (fo=1, routed)           0.000    12.622    u_engine/mac_accumulator[3]_i_6_n_0
    SLICE_X36Y25         CARRY4 (Prop_carry4_S[0]_O[0])
                                                      0.252    12.874 f  u_engine/mac_accumulator_reg[3]_i_2/O[0]
                         net (fo=2, routed)           0.631    13.505    u_engine_n_134
    SLICE_X37Y22         LUT1 (Prop_lut1_I0_O)        0.295    13.800 r  cov_correction[0][0]_i_18/O
                         net (fo=1, routed)           0.833    14.633    cov_correction[0][0]_i_18_n_0
    SLICE_X37Y26         CARRY4 (Prop_carry4_CYINIT_CO[3])
                                                      0.580    15.213 r  cov_correction_reg[0][0]_i_13/CO[3]
                         net (fo=1, routed)           0.000    15.213    cov_correction_reg[0][0]_i_13_n_0
    SLICE_X37Y27         CARRY4 (Prop_carry4_CI_CO[3])
                                                      0.114    15.327 r  cov_correction_reg[0][0]_i_8/CO[3]
                         net (fo=1, routed)           0.000    15.327    cov_correction_reg[0][0]_i_8_n_0
    SLICE_X37Y28         CARRY4 (Prop_carry4_CI_CO[3])
                                                      0.114    15.441 r  cov_correction_reg[0][0]_i_3/CO[3]
                         net (fo=1, routed)           0.000    15.441    cov_correction_reg[0][0]_i_3_n_0
    SLICE_X37Y29         CARRY4 (Prop_carry4_CI_O[3])
                                                      0.313    15.754 f  cov_correction_reg[0][0]_i_2/O[3]
                         net (fo=4, routed)           0.719    16.473    cov_correction_reg[0][0]_i_2_n_4
    SLICE_X43Y28         LUT1 (Prop_lut1_I0_O)        0.306    16.779 r  cov_correction[0][4]_i_3/O
                         net (fo=1, routed)           0.776    17.554    cov_correction[0][4]_i_3_n_0
    SLICE_X38Y30         CARRY4 (Prop_carry4_CYINIT_CO[3])
                                                      0.595    18.149 r  cov_correction_reg[0][4]_i_2/CO[3]
                         net (fo=1, routed)           0.000    18.149    cov_correction_reg[0][4]_i_2_n_0
    SLICE_X38Y31         CARRY4 (Prop_carry4_CI_CO[3])
                                                      0.117    18.266 r  cov_correction_reg[0][8]_i_2/CO[3]
                         net (fo=1, routed)           0.000    18.266    cov_correction_reg[0][8]_i_2_n_0
    SLICE_X38Y32         CARRY4 (Prop_carry4_CI_CO[3])
                                                      0.117    18.383 r  cov_correction_reg[0][12]_i_2/CO[3]
                         net (fo=1, routed)           0.000    18.383    cov_correction_reg[0][12]_i_2_n_0
    SLICE_X38Y33         CARRY4 (Prop_carry4_CI_CO[3])
                                                      0.117    18.500 r  cov_correction_reg[0][16]_i_2/CO[3]
                         net (fo=1, routed)           0.000    18.500    cov_correction_reg[0][16]_i_2_n_0
    SLICE_X38Y34         CARRY4 (Prop_carry4_CI_CO[3])
                                                      0.117    18.617 r  cov_correction_reg[0][20]_i_2/CO[3]
                         net (fo=1, routed)           0.000    18.617    cov_correction_reg[0][20]_i_2_n_0
    SLICE_X38Y35         CARRY4 (Prop_carry4_CI_CO[3])
                                                      0.117    18.734 r  cov_correction_reg[0][23]_i_6/CO[3]
                         net (fo=1, routed)           0.000    18.734    cov_correction_reg[0][23]_i_6_n_0
    SLICE_X38Y36         CARRY4 (Prop_carry4_CI_CO[3])
                                                      0.117    18.851 r  cov_correction_reg[0][23]_i_80/CO[3]
                         net (fo=1, routed)           0.000    18.851    cov_correction_reg[0][23]_i_80_n_0
    SLICE_X38Y37         CARRY4 (Prop_carry4_CI_CO[3])
                                                      0.117    18.968 r  cov_correction_reg[0][23]_i_60/CO[3]
                         net (fo=1, routed)           0.000    18.968    cov_correction_reg[0][23]_i_60_n_0
    SLICE_X38Y38         CARRY4 (Prop_carry4_CI_O[1])
                                                      0.323    19.291 r  cov_correction_reg[0][23]_i_40/O[1]
                         net (fo=4, routed)           0.802    20.093    cov_correction_reg[0][23]_i_40_n_6
    SLICE_X41Y37         LUT4 (Prop_lut4_I0_O)        0.306    20.399 r  cov_correction[0][23]_i_56/O
                         net (fo=1, routed)           0.000    20.399    cov_correction[0][23]_i_56_n_0
    SLICE_X41Y37         CARRY4 (Prop_carry4_S[2]_CO[3])
                                                      0.398    20.797 r  cov_correction_reg[0][23]_i_30/CO[3]
                         net (fo=1, routed)           0.000    20.797    cov_correction_reg[0][23]_i_30_n_0
    SLICE_X41Y38         CARRY4 (Prop_carry4_CI_CO[3])
                                                      0.114    20.911 r  cov_correction_reg[0][23]_i_19/CO[3]
                         net (fo=1, routed)           0.000    20.911    cov_correction_reg[0][23]_i_19_n_0
    SLICE_X41Y39         CARRY4 (Prop_carry4_CI_CO[2])
                                                      0.228    21.139 f  cov_correction_reg[0][23]_i_9/CO[2]
                         net (fo=52, routed)          0.681    21.820    u_engine/state_correction_reg[0][0]_1[0]
    SLICE_X40Y39         LUT5 (Prop_lut5_I1_O)        0.313    22.133 r  u_engine/cov_correction[0][1]_i_1/O
                         net (fo=47, routed)          0.703    22.836    u_engine/cov_correction[0][1]_i_1_n_0
    SLICE_X43Y39         LUT6 (Prop_lut6_I5_O)        0.124    22.960 r  u_engine/determinant[22]_i_29/O
                         net (fo=1, routed)           0.543    23.503    u_engine/determinant[22]_i_29_n_0
    SLICE_X42Y37         CARRY4 (Prop_carry4_DI[0]_CO[3])
                                                      0.550    24.053 r  u_engine/determinant_reg[22]_i_17/CO[3]
                         net (fo=1, routed)           0.000    24.053    u_engine/determinant_reg[22]_i_17_n_0
    SLICE_X42Y38         CARRY4 (Prop_carry4_CI_CO[3])
                                                      0.117    24.170 r  u_engine/determinant_reg[22]_i_6/CO[3]
                         net (fo=1, routed)           0.000    24.170    u_engine/determinant_reg[22]_i_6_n_0
    SLICE_X42Y39         CARRY4 (Prop_carry4_CI_CO[3])
                                                      0.117    24.287 r  u_engine/determinant_reg[22]_i_3/CO[3]
                         net (fo=24, routed)          1.079    25.366    u_engine/determinant2
    SLICE_X47Y40         LUT2 (Prop_lut2_I1_O)        0.124    25.490 r  u_engine/solver_error_i_2/O
                         net (fo=2, routed)           0.165    25.655    u_engine/determinant1
    SLICE_X47Y40         LUT6 (Prop_lut6_I5_O)        0.124    25.779 f  u_engine/solver_error_i_4/O
                         net (fo=1, routed)           0.264    26.043    u_engine/u_divider/solver_error_reg
    SLICE_X47Y40         LUT6 (Prop_lut6_I1_O)        0.124    26.167 r  u_engine/u_divider/solver_error_i_3/O
                         net (fo=1, routed)           0.435    26.602    u_engine/u_divider/solver_error_i_3_n_0
    SLICE_X47Y41         LUT6 (Prop_lut6_I4_O)        0.124    26.726 r  u_engine/u_divider/solver_error_i_1/O
                         net (fo=1, routed)           0.000    26.726    u_engine/u_divider_n_15
    SLICE_X47Y41         FDCE                                         r  u_engine/solver_error_reg/D
  -------------------------------------------------------------------    -------------------

                         (clock estimator_clk rise edge)
                                                     10.000    10.000 r  
                                                      0.000    10.000 r  clk (IN)
                         net (fo=3893, unset)         0.924    10.924    u_engine/clk
    SLICE_X47Y41         FDCE                                         r  u_engine/solver_error_reg/C
                         clock pessimism              0.000    10.924    
                         clock uncertainty           -0.035    10.889    
    SLICE_X47Y41         FDCE (Setup_fdce_C_D)        0.029    10.918    u_engine/solver_error_reg
  -------------------------------------------------------------------
                         required time                         10.918    
                         arrival time                         -26.726    
  -------------------------------------------------------------------
                         slack                                -15.808    





Min Delay Paths
--------------------------------------------------------------------------------------
Slack (MET) :             0.156ns  (arrival time - required time)
  Source:                 u_engine/u_divider/remainder_reg_reg[22]/C
                            (rising edge-triggered cell FDCE clocked by estimator_clk  {rise@0.000ns fall@5.000ns period=10.000ns})
  Destination:            u_engine/u_divider/remainder_reg_reg[23]/D
                            (rising edge-triggered cell FDCE clocked by estimator_clk  {rise@0.000ns fall@5.000ns period=10.000ns})
  Path Group:             estimator_clk
  Path Type:              Hold (Min at Fast Process Corner)
  Requirement:            0.000ns  (estimator_clk rise@0.000ns - estimator_clk rise@0.000ns)
  Data Path Delay:        0.269ns  (logic 0.186ns (69.208%)  route 0.083ns (30.792%))
  Logic Levels:           1  (LUT4=1)
  Clock Path Skew:        0.022ns (DCD - SCD - CPR)
    Destination Clock Delay (DCD):    0.432ns
    Source Clock Delay      (SCD):    0.410ns
    Clock Pessimism Removal (CPR):    -0.000ns

    Location             Delay type                Incr(ns)  Path(ns)    Netlist Resource(s)
  -------------------------------------------------------------------    -------------------
                         (clock estimator_clk rise edge)
                                                      0.000     0.000 r  
                                                      0.000     0.000 r  clk (IN)
                         net (fo=3893, unset)         0.410     0.410    u_engine/u_divider/clk
    SLICE_X61Y61         FDCE                                         r  u_engine/u_divider/remainder_reg_reg[22]/C
  -------------------------------------------------------------------    -------------------
    SLICE_X61Y61         FDCE (Prop_fdce_C_Q)         0.141     0.551 r  u_engine/u_divider/remainder_reg_reg[22]/Q
                         net (fo=7, routed)           0.083     0.634    u_engine/u_divider/shifted_remainder[23]
    SLICE_X60Y61         LUT4 (Prop_lut4_I0_O)        0.045     0.679 r  u_engine/u_divider/remainder_reg[23]_i_1/O
                         net (fo=1, routed)           0.000     0.679    u_engine/u_divider/remainder_reg[23]_i_1_n_0
    SLICE_X60Y61         FDCE                                         r  u_engine/u_divider/remainder_reg_reg[23]/D
  -------------------------------------------------------------------    -------------------

                         (clock estimator_clk rise edge)
                                                      0.000     0.000 r  
                                                      0.000     0.000 r  clk (IN)
                         net (fo=3893, unset)         0.432     0.432    u_engine/u_divider/clk
    SLICE_X60Y61         FDCE                                         r  u_engine/u_divider/remainder_reg_reg[23]/C
                         clock pessimism              0.000     0.432    
    SLICE_X60Y61         FDCE (Hold_fdce_C_D)         0.091     0.523    u_engine/u_divider/remainder_reg_reg[23]
  -------------------------------------------------------------------
                         required time                         -0.523    
                         arrival time                           0.679    
  -------------------------------------------------------------------
                         slack                                  0.156    





Pulse Width Checks
--------------------------------------------------------------------------------------
Clock Name:         estimator_clk
Waveform(ns):       { 0.000 5.000 }
Period(ns):         10.000
Sources:            { clk }

Check Type        Corner  Lib Pin             Reference Pin  Required(ns)  Actual(ns)  Slack(ns)  Location      Pin
Min Period        n/a     RAMB36E1/CLKARDCLK  n/a            2.576         10.000      7.424      RAMB36_X2Y7   u_engine/u_arcsine_cov_lut/y_reg_3/CLKARDCLK
Low Pulse Width   Fast    FDCE/C              n/a            0.500         5.000       4.500      SLICE_X56Y22  u_engine/cov_predict_reg[4][2]/C
High Pulse Width  Slow    FDCE/C              n/a            0.500         5.000       4.500      SLICE_X56Y22  u_engine/cov_predict_reg[4][2]/C



