Copyright 1986-2020 Xilinx, Inc. All Rights Reserved.
-------------------------------------------------------------------------------------------------------------
| Tool Version : Vivado v.2020.2 (win64) Build 3064766 Wed Nov 18 09:12:45 MST 2020
| Date         : Mon Aug 31 19:07:12 2026
| Host         : REDACTED
| Command      : report_timing_summary -file <USER_HOME>/Verilog/Pipelined_BKF3/ekf/timing_post_route.rpt
| Design       : ekf_core
| Device       : 7z020-clg400
| Speed File   : -1  PRODUCTION 1.12 2019-11-22
-------------------------------------------------------------------------------------------------------------

Timing Summary Report

------------------------------------------------------------------------------------------------
| Timer Settings
| --------------
------------------------------------------------------------------------------------------------

  Enable Multi Corner Analysis               :  Yes
  Enable Pessimism Removal                   :  Yes
  Pessimism Removal Resolution               :  Nearest Common Node
  Enable Input Delay Default Clock           :  No
  Enable Preset / Clear Arcs                 :  No
  Disable Flight Delays                      :  No
  Ignore I/O Paths                           :  No
  Timing Early Launch at Borrowing Latches   :  No
  Borrow Time for Max Delay Exceptions       :  Yes
  Merge Timing Exceptions                    :  Yes

  Corner  Analyze    Analyze    
  Name    Max Paths  Min Paths  
  ------  ---------  ---------  
  Slow    Yes        Yes        
  Fast    Yes        Yes        



check_timing report

Table of Contents
-----------------
1. checking no_clock (0)
2. checking constant_clock (0)
3. checking pulse_width_clock (0)
4. checking unconstrained_internal_endpoints (0)
5. checking no_input_delay (580)
6. checking no_output_delay (302)
7. checking multiple_clock (0)
8. checking generated_clocks (0)
9. checking loops (0)
10. checking partial_input_delay (0)
11. checking partial_output_delay (0)
12. checking latch_loops (0)

1. checking no_clock (0)
------------------------
 There are 0 register/latch pins with no clock.


2. checking constant_clock (0)
------------------------------
 There are 0 register/latch pins with constant_clock.


3. checking pulse_width_clock (0)
---------------------------------
 There are 0 register/latch pins which need pulse_width check


4. checking unconstrained_internal_endpoints (0)
------------------------------------------------
 There are 0 pins that are not constrained for maximum delay.

 There are 0 pins that are not constrained for maximum delay due to constant clock.


5. checking no_input_delay (580)
--------------------------------
 There are 580 input ports with no input delay specified. (HIGH)

 There are 0 input ports with no input delay but user has a false path constraint.


6. checking no_output_delay (302)
---------------------------------
 There are 302 ports with no output delay specified. (HIGH)

 There are 0 ports with no output delay but user has a false path constraint

 There are 0 ports with no output delay but with a timing clock defined on it or propagating through it


7. checking multiple_clock (0)
------------------------------
 There are 0 register/latch pins with multiple clocks.


8. checking generated_clocks (0)
--------------------------------
 There are 0 generated clocks that are not connected to a clock source.


9. checking loops (0)
---------------------
 There are 0 combinational loops in the design.


10. checking partial_input_delay (0)
------------------------------------
 There are 0 input ports with partial input delay specified.


11. checking partial_output_delay (0)
-------------------------------------
 There are 0 ports with partial output delay specified.


12. checking latch_loops (0)
----------------------------
 There are 0 combinational latch loops in the design through latch input



------------------------------------------------------------------------------------------------
| Design Timing Summary
| ---------------------
------------------------------------------------------------------------------------------------

    WNS(ns)      TNS(ns)  TNS Failing Endpoints  TNS Total Endpoints      WHS(ns)      THS(ns)  THS Failing Endpoints  THS Total Endpoints     WPWS(ns)     TPWS(ns)  TPWS Failing Endpoints  TPWS Total Endpoints  
    -------      -------  ---------------------  -------------------      -------      -------  ---------------------  -------------------     --------     --------  ----------------------  --------------------  
     -0.401       -0.401                      1                 9617        0.098        0.000                      0                 9617        4.500        0.000                       0                  4871  


Timing constraints are not met.


------------------------------------------------------------------------------------------------
| Clock Summary
| -------------
------------------------------------------------------------------------------------------------

Clock          Waveform(ns)       Period(ns)      Frequency(MHz)
-----          ------------       ----------      --------------
estimator_clk  {0.000 5.000}      10.000          100.000         


------------------------------------------------------------------------------------------------
| Intra Clock Table
| -----------------
------------------------------------------------------------------------------------------------

Clock              WNS(ns)      TNS(ns)  TNS Failing Endpoints  TNS Total Endpoints      WHS(ns)      THS(ns)  THS Failing Endpoints  THS Total Endpoints     WPWS(ns)     TPWS(ns)  TPWS Failing Endpoints  TPWS Total Endpoints  
-----              -------      -------  ---------------------  -------------------      -------      -------  ---------------------  -------------------     --------     --------  ----------------------  --------------------  
estimator_clk       -0.401       -0.401                      1                 9617        0.098        0.000                      0                 9617        4.500        0.000                       0                  4871  


------------------------------------------------------------------------------------------------
| Inter Clock Table
| -----------------
------------------------------------------------------------------------------------------------

From Clock    To Clock          WNS(ns)      TNS(ns)  TNS Failing Endpoints  TNS Total Endpoints      WHS(ns)      THS(ns)  THS Failing Endpoints  THS Total Endpoints  
----------    --------          -------      -------  ---------------------  -------------------      -------      -------  ---------------------  -------------------  


------------------------------------------------------------------------------------------------
| Other Path Groups Table
| -----------------------
------------------------------------------------------------------------------------------------

Path Group    From Clock    To Clock          WNS(ns)      TNS(ns)  TNS Failing Endpoints  TNS Total Endpoints      WHS(ns)      THS(ns)  THS Failing Endpoints  THS Total Endpoints  
----------    ----------    --------          -------      -------  ---------------------  -------------------      -------      -------  ---------------------  -------------------  


------------------------------------------------------------------------------------------------
| Timing Details
| --------------
------------------------------------------------------------------------------------------------


---------------------------------------------------------------------------------------------------
From Clock:  estimator_clk
  To Clock:  estimator_clk

Setup :            1  Failing Endpoint ,  Worst Slack       -0.401ns,  Total Violation       -0.401ns
Hold  :            0  Failing Endpoints,  Worst Slack        0.098ns,  Total Violation        0.000ns
PW    :            0  Failing Endpoints,  Worst Slack        4.500ns,  Total Violation        0.000ns
---------------------------------------------------------------------------------------------------


Max Delay Paths
--------------------------------------------------------------------------------------
Slack (VIOLATED) :        -0.401ns  (required time - arrival time)
  Source:                 u_engine/cov_predict_mac_accumulator_reg_reg[0]/C
                            (rising edge-triggered cell FDCE clocked by estimator_clk  {rise@0.000ns fall@5.000ns period=10.000ns})
  Destination:            u_engine/overflow_flag_reg/D
                            (rising edge-triggered cell FDCE clocked by estimator_clk  {rise@0.000ns fall@5.000ns period=10.000ns})
  Path Group:             estimator_clk
  Path Type:              Setup (Max at Slow Process Corner)
  Requirement:            10.000ns  (estimator_clk rise@10.000ns - estimator_clk rise@0.000ns)
  Data Path Delay:        10.349ns  (logic 5.706ns (55.137%)  route 4.643ns (44.863%))
  Logic Levels:           25  (CARRY4=17 LUT1=2 LUT5=1 LUT6=5)
  Clock Path Skew:        -0.049ns (DCD - SCD + CPR)
    Destination Clock Delay (DCD):    0.924ns = ( 10.924 - 10.000 ) 
    Source Clock Delay      (SCD):    0.973ns
    Clock Pessimism Removal (CPR):    0.000ns
  Clock Uncertainty:      0.035ns  ((TSJ^2 + TIJ^2)^1/2 + DJ) / 2 + PE
    Total System Jitter     (TSJ):    0.071ns
    Total Input Jitter      (TIJ):    0.000ns
    Discrete Jitter          (DJ):    0.000ns
    Phase Error              (PE):    0.000ns

    Location             Delay type                Incr(ns)  Path(ns)    Netlist Resource(s)
  -------------------------------------------------------------------    -------------------
                         (clock estimator_clk rise edge)
                                                      0.000     0.000 r  
                                                      0.000     0.000 r  clk (IN)
                         net (fo=4870, unset)         0.973     0.973    u_engine/clk
    SLICE_X56Y22         FDCE                                         r  u_engine/cov_predict_mac_accumulator_reg_reg[0]/C
  -------------------------------------------------------------------    -------------------
    SLICE_X56Y22         FDCE (Prop_fdce_C_Q)         0.456     1.429 f  u_engine/cov_predict_mac_accumulator_reg_reg[0]/Q
                         net (fo=1, routed)           0.154     1.583    u_engine/cov_predict_mac_accumulator_reg_reg_n_0_[0]
    SLICE_X57Y22         LUT1 (Prop_lut1_I0_O)        0.124     1.707 r  u_engine/cov_predict[6][0]_i_26/O
                         net (fo=1, routed)           0.330     2.037    u_engine/cov_predict[6][0]_i_26_n_0
    SLICE_X57Y23         CARRY4 (Prop_carry4_CYINIT_CO[3])
                                                      0.580     2.617 r  u_engine/cov_predict_reg[6][0]_i_21/CO[3]
                         net (fo=1, routed)           0.000     2.617    u_engine/cov_predict_reg[6][0]_i_21_n_0
    SLICE_X57Y24         CARRY4 (Prop_carry4_CI_CO[3])
                                                      0.114     2.731 r  u_engine/cov_predict_reg[6][0]_i_16/CO[3]
                         net (fo=1, routed)           0.009     2.740    u_engine/cov_predict_reg[6][0]_i_16_n_0
    SLICE_X57Y25         CARRY4 (Prop_carry4_CI_CO[3])
                                                      0.114     2.854 r  u_engine/cov_predict_reg[6][0]_i_11/CO[3]
                         net (fo=1, routed)           0.000     2.854    u_engine/cov_predict_reg[6][0]_i_11_n_0
    SLICE_X57Y26         CARRY4 (Prop_carry4_CI_CO[3])
                                                      0.114     2.968 r  u_engine/cov_predict_reg[6][0]_i_6/CO[3]
                         net (fo=1, routed)           0.000     2.968    u_engine/cov_predict_reg[6][0]_i_6_n_0
    SLICE_X57Y27         CARRY4 (Prop_carry4_CI_O[1])
                                                      0.334     3.302 f  u_engine/cov_predict_reg[6][4]_i_17/O[1]
                         net (fo=1, routed)           0.565     3.867    rounded_value2[18]
    SLICE_X58Y27         LUT1 (Prop_lut1_I0_O)        0.303     4.170 r  cov_predict[6][4]_i_15/O
                         net (fo=1, routed)           0.000     4.170    cov_predict[6][4]_i_15_n_0
    SLICE_X58Y27         CARRY4 (Prop_carry4_S[1]_CO[3])
                                                      0.533     4.703 r  cov_predict_reg[6][4]_i_6/CO[3]
                         net (fo=1, routed)           0.000     4.703    cov_predict_reg[6][4]_i_6_n_0
    SLICE_X58Y28         CARRY4 (Prop_carry4_CI_CO[3])
                                                      0.117     4.820 r  cov_predict_reg[6][8]_i_6/CO[3]
                         net (fo=1, routed)           0.000     4.820    cov_predict_reg[6][8]_i_6_n_0
    SLICE_X58Y29         CARRY4 (Prop_carry4_CI_CO[3])
                                                      0.117     4.937 r  cov_predict_reg[6][12]_i_6/CO[3]
                         net (fo=1, routed)           0.000     4.937    cov_predict_reg[6][12]_i_6_n_0
    SLICE_X58Y30         CARRY4 (Prop_carry4_CI_CO[3])
                                                      0.117     5.054 r  cov_predict_reg[6][16]_i_6/CO[3]
                         net (fo=1, routed)           0.000     5.054    cov_predict_reg[6][16]_i_6_n_0
    SLICE_X58Y31         CARRY4 (Prop_carry4_CI_CO[3])
                                                      0.117     5.171 r  cov_predict_reg[6][20]_i_6/CO[3]
                         net (fo=1, routed)           0.000     5.171    cov_predict_reg[6][20]_i_6_n_0
    SLICE_X58Y32         CARRY4 (Prop_carry4_CI_CO[3])
                                                      0.117     5.288 r  cov_predict_reg[6][23]_i_11/CO[3]
                         net (fo=1, routed)           0.000     5.288    cov_predict_reg[6][23]_i_11_n_0
    SLICE_X58Y33         CARRY4 (Prop_carry4_CI_CO[3])
                                                      0.117     5.405 r  cov_predict_reg[6][23]_i_96/CO[3]
                         net (fo=1, routed)           0.000     5.405    cov_predict_reg[6][23]_i_96_n_0
    SLICE_X58Y34         CARRY4 (Prop_carry4_CI_CO[3])
                                                      0.117     5.522 r  cov_predict_reg[6][23]_i_76/CO[3]
                         net (fo=1, routed)           0.000     5.522    cov_predict_reg[6][23]_i_76_n_0
    SLICE_X58Y35         CARRY4 (Prop_carry4_CI_O[0])
                                                      0.219     5.741 r  cov_predict_reg[6][23]_i_52/O[0]
                         net (fo=4, routed)           0.761     6.501    u_engine/rounded_value00_in_2[32]
    SLICE_X59Y34         LUT5 (Prop_lut5_I1_O)        0.295     6.796 r  u_engine/cov_predict[6][23]_i_73/O
                         net (fo=1, routed)           0.000     6.796    u_engine/cov_predict[6][23]_i_73_n_0
    SLICE_X59Y34         CARRY4 (Prop_carry4_S[1]_CO[3])
                                                      0.550     7.346 r  u_engine/cov_predict_reg[6][23]_i_42/CO[3]
                         net (fo=1, routed)           0.000     7.346    u_engine/cov_predict_reg[6][23]_i_42_n_0
    SLICE_X59Y35         CARRY4 (Prop_carry4_CI_CO[3])
                                                      0.114     7.460 r  u_engine/cov_predict_reg[6][23]_i_24/CO[3]
                         net (fo=1, routed)           0.000     7.460    u_engine/cov_predict_reg[6][23]_i_24_n_0
    SLICE_X59Y36         CARRY4 (Prop_carry4_CI_CO[2])
                                                      0.228     7.688 r  u_engine/cov_predict_reg[6][23]_i_13/CO[2]
                         net (fo=25, routed)          0.625     8.313    u_engine/overflow50_return0
    SLICE_X61Y37         LUT6 (Prop_lut6_I3_O)        0.313     8.626 r  u_engine/overflow_flag_i_31/O
                         net (fo=10, routed)          0.552     9.178    u_engine/u_mul_mac_pipeline/overflow_flag_i_14_2
    SLICE_X62Y38         LUT6 (Prop_lut6_I5_O)        0.124     9.302 r  u_engine/u_mul_mac_pipeline/overflow_flag_i_23/O
                         net (fo=2, routed)           0.458     9.760    u_engine/u_mul_mac_pipeline/overflow_flag_i_23_n_0
    SLICE_X64Y39         LUT6 (Prop_lut6_I0_O)        0.124     9.884 r  u_engine/u_mul_mac_pipeline/overflow_flag_i_11/O
                         net (fo=1, routed)           0.607    10.491    u_engine/u_mul_mac_pipeline/overflow_flag_i_11_n_0
    SLICE_X65Y39         LUT6 (Prop_lut6_I5_O)        0.124    10.615 r  u_engine/u_mul_mac_pipeline/overflow_flag_i_2_comp_1/O
                         net (fo=1, routed)           0.582    11.198    u_engine/u_mul_mac_pipeline/overflow_flag_i_2_n_0
    SLICE_X63Y39         LUT6 (Prop_lut6_I3_O)        0.124    11.322 r  u_engine/u_mul_mac_pipeline/overflow_flag_i_1_comp/O
                         net (fo=1, routed)           0.000    11.322    u_engine/u_mul_mac_pipeline_n_412
    SLICE_X63Y39         FDCE                                         r  u_engine/overflow_flag_reg/D
  -------------------------------------------------------------------    -------------------

                         (clock estimator_clk rise edge)
                                                     10.000    10.000 r  
                                                      0.000    10.000 r  clk (IN)
                         net (fo=4870, unset)         0.924    10.924    u_engine/clk
    SLICE_X63Y39         FDCE                                         r  u_engine/overflow_flag_reg/C
                         clock pessimism              0.000    10.924    
                         clock uncertainty           -0.035    10.889    
    SLICE_X63Y39         FDCE (Setup_fdce_C_D)        0.032    10.921    u_engine/overflow_flag_reg
  -------------------------------------------------------------------
                         required time                         10.921    
                         arrival time                         -11.322    
  -------------------------------------------------------------------
                         slack                                 -0.401    





Min Delay Paths
--------------------------------------------------------------------------------------
Slack (MET) :             0.098ns  (arrival time - required time)
  Source:                 u_engine/sign_cov_pre_reg[5][16]/C
                            (rising edge-triggered cell FDCE clocked by estimator_clk  {rise@0.000ns fall@5.000ns period=10.000ns})
  Destination:            u_engine/sign_sym_left_reg_reg[16]/D
                            (rising edge-triggered cell FDCE clocked by estimator_clk  {rise@0.000ns fall@5.000ns period=10.000ns})
  Path Group:             estimator_clk
  Path Type:              Hold (Min at Fast Process Corner)
  Requirement:            0.000ns  (estimator_clk rise@0.000ns - estimator_clk rise@0.000ns)
  Data Path Delay:        0.240ns  (logic 0.186ns (77.466%)  route 0.054ns (22.534%))
  Logic Levels:           1  (LUT5=1)
  Clock Path Skew:        0.022ns (DCD - SCD - CPR)
    Destination Clock Delay (DCD):    0.432ns
    Source Clock Delay      (SCD):    0.410ns
    Clock Pessimism Removal (CPR):    -0.000ns

    Location             Delay type                Incr(ns)  Path(ns)    Netlist Resource(s)
  -------------------------------------------------------------------    -------------------
                         (clock estimator_clk rise edge)
                                                      0.000     0.000 r  
                                                      0.000     0.000 r  clk (IN)
                         net (fo=4870, unset)         0.410     0.410    u_engine/clk
    SLICE_X47Y17         FDCE                                         r  u_engine/sign_cov_pre_reg[5][16]/C
  -------------------------------------------------------------------    -------------------
    SLICE_X47Y17         FDCE (Prop_fdce_C_Q)         0.141     0.551 r  u_engine/sign_cov_pre_reg[5][16]/Q
                         net (fo=1, routed)           0.054     0.605    u_engine/sign_cov_pre_reg[5]_20[16]
    SLICE_X46Y17         LUT5 (Prop_lut5_I0_O)        0.045     0.650 r  u_engine/sign_sym_left_reg[16]_i_1/O
                         net (fo=1, routed)           0.000     0.650    u_engine/sign_sym_left_reg[16]_i_1_n_0
    SLICE_X46Y17         FDCE                                         r  u_engine/sign_sym_left_reg_reg[16]/D
  -------------------------------------------------------------------    -------------------

                         (clock estimator_clk rise edge)
                                                      0.000     0.000 r  
                                                      0.000     0.000 r  clk (IN)
                         net (fo=4870, unset)         0.432     0.432    u_engine/clk
    SLICE_X46Y17         FDCE                                         r  u_engine/sign_sym_left_reg_reg[16]/C
                         clock pessimism              0.000     0.432    
    SLICE_X46Y17         FDCE (Hold_fdce_C_D)         0.121     0.553    u_engine/sign_sym_left_reg_reg[16]
  -------------------------------------------------------------------
                         required time                         -0.553    
                         arrival time                           0.650    
  -------------------------------------------------------------------
                         slack                                  0.098    





Pulse Width Checks
--------------------------------------------------------------------------------------
Clock Name:         estimator_clk
Waveform(ns):       { 0.000 5.000 }
Period(ns):         10.000
Sources:            { clk }

Check Type        Corner  Lib Pin             Reference Pin  Required(ns)  Actual(ns)  Slack(ns)  Location      Pin
Min Period        n/a     RAMB36E1/CLKARDCLK  n/a            2.576         10.000      7.424      RAMB36_X1Y2   u_engine/u_arcsine_cov_lut/y_reg_5/CLKARDCLK
Low Pulse Width   Fast    FDCE/C              n/a            0.500         5.000       4.500      SLICE_X44Y13  u_engine/sign_sym_left_reg_reg[0]/C
High Pulse Width  Slow    FDCE/C              n/a            0.500         5.000       4.500      SLICE_X44Y13  u_engine/sign_sym_left_reg_reg[0]/C



