Copyright 1986-2020 Xilinx, Inc. All Rights Reserved.
-----------------------------------------------------------------------------------------------------------------
| Tool Version : Vivado v.2020.2 (win64) Build 3064766 Wed Nov 18 09:12:45 MST 2020
| Date         : Sun Aug 30 20:55:18 2026
| Host         : REDACTED
| Command      : report_timing_summary -file <USER_HOME>/Verilog/Pipelined_BKF2/rbkf_l1/timing_post_route.rpt
| Design       : rbkf_core
| Device       : 7z020-clg400
| Speed File   : -1  PRODUCTION 1.12 2019-11-22
-----------------------------------------------------------------------------------------------------------------

Timing Summary Report

------------------------------------------------------------------------------------------------
| Timer Settings
| --------------
------------------------------------------------------------------------------------------------

  Enable Multi Corner Analysis               :  Yes
  Enable Pessimism Removal                   :  Yes
  Pessimism Removal Resolution               :  Nearest Common Node
  Enable Input Delay Default Clock           :  No
  Enable Preset / Clear Arcs                 :  No
  Disable Flight Delays                      :  No
  Ignore I/O Paths                           :  No
  Timing Early Launch at Borrowing Latches   :  No
  Borrow Time for Max Delay Exceptions       :  Yes
  Merge Timing Exceptions                    :  Yes

  Corner  Analyze    Analyze    
  Name    Max Paths  Min Paths  
  ------  ---------  ---------  
  Slow    Yes        Yes        
  Fast    Yes        Yes        



check_timing report

Table of Contents
-----------------
1. checking no_clock (0)
2. checking constant_clock (0)
3. checking pulse_width_clock (0)
4. checking unconstrained_internal_endpoints (0)
5. checking no_input_delay (513)
6. checking no_output_delay (376)
7. checking multiple_clock (0)
8. checking generated_clocks (0)
9. checking loops (0)
10. checking partial_input_delay (0)
11. checking partial_output_delay (0)
12. checking latch_loops (0)

1. checking no_clock (0)
------------------------
 There are 0 register/latch pins with no clock.


2. checking constant_clock (0)
------------------------------
 There are 0 register/latch pins with constant_clock.


3. checking pulse_width_clock (0)
---------------------------------
 There are 0 register/latch pins which need pulse_width check


4. checking unconstrained_internal_endpoints (0)
------------------------------------------------
 There are 0 pins that are not constrained for maximum delay.

 There are 0 pins that are not constrained for maximum delay due to constant clock.


5. checking no_input_delay (513)
--------------------------------
 There are 513 input ports with no input delay specified. (HIGH)

 There are 0 input ports with no input delay but user has a false path constraint.


6. checking no_output_delay (376)
---------------------------------
 There are 376 ports with no output delay specified. (HIGH)

 There are 0 ports with no output delay but user has a false path constraint

 There are 0 ports with no output delay but with a timing clock defined on it or propagating through it


7. checking multiple_clock (0)
------------------------------
 There are 0 register/latch pins with multiple clocks.


8. checking generated_clocks (0)
--------------------------------
 There are 0 generated clocks that are not connected to a clock source.


9. checking loops (0)
---------------------
 There are 0 combinational loops in the design.


10. checking partial_input_delay (0)
------------------------------------
 There are 0 input ports with partial input delay specified.


11. checking partial_output_delay (0)
-------------------------------------
 There are 0 ports with partial output delay specified.


12. checking latch_loops (0)
----------------------------
 There are 0 combinational latch loops in the design through latch input



------------------------------------------------------------------------------------------------
| Design Timing Summary
| ---------------------
------------------------------------------------------------------------------------------------

    WNS(ns)      TNS(ns)  TNS Failing Endpoints  TNS Total Endpoints      WHS(ns)      THS(ns)  THS Failing Endpoints  THS Total Endpoints     WPWS(ns)     TPWS(ns)  TPWS Failing Endpoints  TPWS Total Endpoints  
    -------      -------  ---------------------  -------------------      -------      -------  ---------------------  -------------------     --------     --------  ----------------------  --------------------  
     -0.631      -94.385                    427                 8315        0.143        0.000                      0                 8315        4.500        0.000                       0                  4180  


Timing constraints are not met.


------------------------------------------------------------------------------------------------
| Clock Summary
| -------------
------------------------------------------------------------------------------------------------

Clock          Waveform(ns)       Period(ns)      Frequency(MHz)
-----          ------------       ----------      --------------
estimator_clk  {0.000 5.000}      10.000          100.000         


------------------------------------------------------------------------------------------------
| Intra Clock Table
| -----------------
------------------------------------------------------------------------------------------------

Clock              WNS(ns)      TNS(ns)  TNS Failing Endpoints  TNS Total Endpoints      WHS(ns)      THS(ns)  THS Failing Endpoints  THS Total Endpoints     WPWS(ns)     TPWS(ns)  TPWS Failing Endpoints  TPWS Total Endpoints  
-----              -------      -------  ---------------------  -------------------      -------      -------  ---------------------  -------------------     --------     --------  ----------------------  --------------------  
estimator_clk       -0.631      -94.385                    427                 8315        0.143        0.000                      0                 8315        4.500        0.000                       0                  4180  


------------------------------------------------------------------------------------------------
| Inter Clock Table
| -----------------
------------------------------------------------------------------------------------------------

From Clock    To Clock          WNS(ns)      TNS(ns)  TNS Failing Endpoints  TNS Total Endpoints      WHS(ns)      THS(ns)  THS Failing Endpoints  THS Total Endpoints  
----------    --------          -------      -------  ---------------------  -------------------      -------      -------  ---------------------  -------------------  


------------------------------------------------------------------------------------------------
| Other Path Groups Table
| -----------------------
------------------------------------------------------------------------------------------------

Path Group    From Clock    To Clock          WNS(ns)      TNS(ns)  TNS Failing Endpoints  TNS Total Endpoints      WHS(ns)      THS(ns)  THS Failing Endpoints  THS Total Endpoints  
----------    ----------    --------          -------      -------  ---------------------  -------------------      -------      -------  ---------------------  -------------------  


------------------------------------------------------------------------------------------------
| Timing Details
| --------------
------------------------------------------------------------------------------------------------


---------------------------------------------------------------------------------------------------
From Clock:  estimator_clk
  To Clock:  estimator_clk

Setup :          427  Failing Endpoints,  Worst Slack       -0.631ns,  Total Violation      -94.385ns
Hold  :            0  Failing Endpoints,  Worst Slack        0.143ns,  Total Violation        0.000ns
PW    :            0  Failing Endpoints,  Worst Slack        4.500ns,  Total Violation        0.000ns
---------------------------------------------------------------------------------------------------


Max Delay Paths
--------------------------------------------------------------------------------------
Slack (VIOLATED) :        -0.631ns  (required time - arrival time)
  Source:                 u_engine/u_mul_mac_pipeline/stage3_mac_sum_reg[0]/C
                            (rising edge-triggered cell FDCE clocked by estimator_clk  {rise@0.000ns fall@5.000ns period=10.000ns})
  Destination:            u_engine/determinant_reg[0]/D
                            (rising edge-triggered cell FDCE clocked by estimator_clk  {rise@0.000ns fall@5.000ns period=10.000ns})
  Path Group:             estimator_clk
  Path Type:              Setup (Max at Slow Process Corner)
  Requirement:            10.000ns  (estimator_clk rise@10.000ns - estimator_clk rise@0.000ns)
  Data Path Delay:        10.622ns  (logic 6.071ns (57.155%)  route 4.551ns (42.845%))
  Logic Levels:           23  (CARRY4=17 LUT1=2 LUT3=1 LUT5=2 LUT6=1)
  Clock Path Skew:        -0.049ns (DCD - SCD + CPR)
    Destination Clock Delay (DCD):    0.924ns = ( 10.924 - 10.000 ) 
    Source Clock Delay      (SCD):    0.973ns
    Clock Pessimism Removal (CPR):    0.000ns
  Clock Uncertainty:      0.035ns  ((TSJ^2 + TIJ^2)^1/2 + DJ) / 2 + PE
    Total System Jitter     (TSJ):    0.071ns
    Total Input Jitter      (TIJ):    0.000ns
    Discrete Jitter          (DJ):    0.000ns
    Phase Error              (PE):    0.000ns

    Location             Delay type                Incr(ns)  Path(ns)    Netlist Resource(s)
  -------------------------------------------------------------------    -------------------
                         (clock estimator_clk rise edge)
                                                      0.000     0.000 r  
                                                      0.000     0.000 r  clk (IN)
                         net (fo=4179, unset)         0.973     0.973    u_engine/u_mul_mac_pipeline/clk
    SLICE_X57Y74         FDCE                                         r  u_engine/u_mul_mac_pipeline/stage3_mac_sum_reg[0]/C
  -------------------------------------------------------------------    -------------------
    SLICE_X57Y74         FDCE (Prop_fdce_C_Q)         0.456     1.429 f  u_engine/u_mul_mac_pipeline/stage3_mac_sum_reg[0]/Q
                         net (fo=2, routed)           0.174     1.603    u_engine/u_mul_mac_pipeline/pipe_mac_sum[0]
    SLICE_X56Y74         LUT1 (Prop_lut1_I0_O)        0.124     1.727 r  u_engine/u_mul_mac_pipeline/state_predict[2][0]_i_18/O
                         net (fo=1, routed)           0.572     2.299    u_engine/u_mul_mac_pipeline/state_predict[2][0]_i_18_n_0
    SLICE_X59Y79         CARRY4 (Prop_carry4_CYINIT_CO[3])
                                                      0.580     2.879 r  u_engine/u_mul_mac_pipeline/state_predict_reg[2][0]_i_13/CO[3]
                         net (fo=1, routed)           0.000     2.879    u_engine/u_mul_mac_pipeline/state_predict_reg[2][0]_i_13_n_0
    SLICE_X59Y80         CARRY4 (Prop_carry4_CI_CO[3])
                                                      0.114     2.993 r  u_engine/u_mul_mac_pipeline/state_predict_reg[2][0]_i_8/CO[3]
                         net (fo=1, routed)           0.000     2.993    u_engine/u_mul_mac_pipeline/state_predict_reg[2][0]_i_8_n_0
    SLICE_X59Y81         CARRY4 (Prop_carry4_CI_CO[3])
                                                      0.114     3.107 r  u_engine/u_mul_mac_pipeline/state_predict_reg[2][0]_i_3/CO[3]
                         net (fo=1, routed)           0.000     3.107    u_engine/u_mul_mac_pipeline/state_predict_reg[2][0]_i_3_n_0
    SLICE_X59Y82         CARRY4 (Prop_carry4_CI_O[3])
                                                      0.313     3.420 f  u_engine/u_mul_mac_pipeline/state_predict_reg[2][0]_i_2/O[3]
                         net (fo=4, routed)           0.314     3.734    u_engine_n_34
    SLICE_X56Y82         LUT1 (Prop_lut1_I0_O)        0.306     4.040 r  state_predict[2][4]_i_3/O
                         net (fo=1, routed)           0.465     4.504    state_predict[2][4]_i_3_n_0
    SLICE_X58Y83         CARRY4 (Prop_carry4_CYINIT_CO[3])
                                                      0.595     5.099 r  state_predict_reg[2][4]_i_2/CO[3]
                         net (fo=1, routed)           0.000     5.099    state_predict_reg[2][4]_i_2_n_0
    SLICE_X58Y84         CARRY4 (Prop_carry4_CI_CO[3])
                                                      0.117     5.216 r  state_predict_reg[2][8]_i_2/CO[3]
                         net (fo=1, routed)           0.000     5.216    state_predict_reg[2][8]_i_2_n_0
    SLICE_X58Y85         CARRY4 (Prop_carry4_CI_CO[3])
                                                      0.117     5.333 r  state_predict_reg[2][12]_i_2/CO[3]
                         net (fo=1, routed)           0.000     5.333    state_predict_reg[2][12]_i_2_n_0
    SLICE_X58Y86         CARRY4 (Prop_carry4_CI_CO[3])
                                                      0.117     5.450 r  state_predict_reg[2][16]_i_2/CO[3]
                         net (fo=1, routed)           0.000     5.450    state_predict_reg[2][16]_i_2_n_0
    SLICE_X58Y87         CARRY4 (Prop_carry4_CI_CO[3])
                                                      0.117     5.567 r  state_predict_reg[2][20]_i_2/CO[3]
                         net (fo=1, routed)           0.000     5.567    state_predict_reg[2][20]_i_2_n_0
    SLICE_X58Y88         CARRY4 (Prop_carry4_CI_CO[3])
                                                      0.117     5.684 r  state_predict_reg[2][23]_i_5/CO[3]
                         net (fo=1, routed)           0.000     5.684    state_predict_reg[2][23]_i_5_n_0
    SLICE_X58Y89         CARRY4 (Prop_carry4_CI_CO[3])
                                                      0.117     5.801 r  state_predict_reg[2][23]_i_74/CO[3]
                         net (fo=1, routed)           0.000     5.801    state_predict_reg[2][23]_i_74_n_0
    SLICE_X58Y90         CARRY4 (Prop_carry4_CI_O[3])
                                                      0.315     6.116 r  state_predict_reg[2][23]_i_54/O[3]
                         net (fo=4, routed)           0.658     6.775    u_engine/u_mul_mac_pipeline/state_predict_reg[2][23]_i_24_0[3]
    SLICE_X56Y91         LUT5 (Prop_lut5_I1_O)        0.307     7.082 r  u_engine/u_mul_mac_pipeline/state_predict[2][23]_i_51/O
                         net (fo=1, routed)           0.000     7.082    u_engine/u_mul_mac_pipeline/state_predict[2][23]_i_51_n_0
    SLICE_X56Y91         CARRY4 (Prop_carry4_S[1]_CO[3])
                                                      0.550     7.632 r  u_engine/u_mul_mac_pipeline/state_predict_reg[2][23]_i_24/CO[3]
                         net (fo=1, routed)           0.000     7.632    u_engine/u_mul_mac_pipeline/state_predict_reg[2][23]_i_24_n_0
    SLICE_X56Y92         CARRY4 (Prop_carry4_CI_CO[3])
                                                      0.114     7.746 r  u_engine/u_mul_mac_pipeline/state_predict_reg[2][23]_i_13/CO[3]
                         net (fo=1, routed)           0.000     7.746    u_engine/u_mul_mac_pipeline/state_predict_reg[2][23]_i_13_n_0
    SLICE_X56Y93         CARRY4 (Prop_carry4_CI_CO[2])
                                                      0.228     7.974 f  u_engine/u_mul_mac_pipeline/state_predict_reg[2][23]_i_7/CO[2]
                         net (fo=57, routed)          0.729     8.703    u_engine/u_mul_mac_pipeline/stage3_mac_sum_reg[49]_2[0]
    SLICE_X59Y94         LUT5 (Prop_lut5_I1_O)        0.313     9.016 r  u_engine/u_mul_mac_pipeline/state_predict[2][11]_i_1/O
                         net (fo=46, routed)          0.548     9.564    u_engine/u_mul_mac_pipeline/pipe_rounded_mac[11]
    SLICE_X57Y95         LUT6 (Prop_lut6_I5_O)        0.124     9.688 r  u_engine/u_mul_mac_pipeline/determinant[22]_i_20/O
                         net (fo=1, routed)           0.000     9.688    u_engine/u_mul_mac_pipeline/determinant[22]_i_20_n_0
    SLICE_X57Y95         CARRY4 (Prop_carry4_S[1]_CO[3])
                                                      0.550    10.238 r  u_engine/u_mul_mac_pipeline/determinant_reg[22]_i_6/CO[3]
                         net (fo=1, routed)           0.000    10.238    u_engine/u_mul_mac_pipeline/determinant_reg[22]_i_6_n_0
    SLICE_X57Y96         CARRY4 (Prop_carry4_CI_CO[3])
                                                      0.114    10.352 f  u_engine/u_mul_mac_pipeline/determinant_reg[22]_i_3/CO[3]
                         net (fo=24, routed)          1.091    11.443    u_engine/u_mul_mac_pipeline/determinant2
    SLICE_X56Y96         LUT3 (Prop_lut3_I1_O)        0.152    11.595 r  u_engine/u_mul_mac_pipeline/determinant[0]_i_1/O
                         net (fo=1, routed)           0.000    11.595    u_engine/u_mul_mac_pipeline_n_140
    SLICE_X56Y96         FDCE                                         r  u_engine/determinant_reg[0]/D
  -------------------------------------------------------------------    -------------------

                         (clock estimator_clk rise edge)
                                                     10.000    10.000 r  
                                                      0.000    10.000 r  clk (IN)
                         net (fo=4179, unset)         0.924    10.924    u_engine/clk
    SLICE_X56Y96         FDCE                                         r  u_engine/determinant_reg[0]/C
                         clock pessimism              0.000    10.924    
                         clock uncertainty           -0.035    10.889    
    SLICE_X56Y96         FDCE (Setup_fdce_C_D)        0.075    10.964    u_engine/determinant_reg[0]
  -------------------------------------------------------------------
                         required time                         10.964    
                         arrival time                         -11.595    
  -------------------------------------------------------------------
                         slack                                 -0.631    





Min Delay Paths
--------------------------------------------------------------------------------------
Slack (MET) :             0.143ns  (arrival time - required time)
  Source:                 u_engine/cofactor_reg[8][0]/C
                            (rising edge-triggered cell FDCE clocked by estimator_clk  {rise@0.000ns fall@5.000ns period=10.000ns})
  Destination:            u_engine/u_divider/dividend_input_reg_reg[16]/D
                            (rising edge-triggered cell FDCE clocked by estimator_clk  {rise@0.000ns fall@5.000ns period=10.000ns})
  Path Group:             estimator_clk
  Path Type:              Hold (Min at Fast Process Corner)
  Requirement:            0.000ns  (estimator_clk rise@0.000ns - estimator_clk rise@0.000ns)
  Data Path Delay:        0.284ns  (logic 0.186ns (65.445%)  route 0.098ns (34.555%))
  Logic Levels:           1  (LUT5=1)
  Clock Path Skew:        0.022ns (DCD - SCD - CPR)
    Destination Clock Delay (DCD):    0.432ns
    Source Clock Delay      (SCD):    0.410ns
    Clock Pessimism Removal (CPR):    -0.000ns

    Location             Delay type                Incr(ns)  Path(ns)    Netlist Resource(s)
  -------------------------------------------------------------------    -------------------
                         (clock estimator_clk rise edge)
                                                      0.000     0.000 r  
                                                      0.000     0.000 r  clk (IN)
                         net (fo=4179, unset)         0.410     0.410    u_engine/clk
    SLICE_X33Y84         FDCE                                         r  u_engine/cofactor_reg[8][0]/C
  -------------------------------------------------------------------    -------------------
    SLICE_X33Y84         FDCE (Prop_fdce_C_Q)         0.141     0.551 r  u_engine/cofactor_reg[8][0]/Q
                         net (fo=2, routed)           0.098     0.649    u_engine/u_divider/dividend_input_reg_reg[40]_0[0]
    SLICE_X32Y84         LUT5 (Prop_lut5_I0_O)        0.045     0.694 r  u_engine/u_divider/dividend_input_reg[16]_i_1/O
                         net (fo=1, routed)           0.000     0.694    u_engine/u_divider/dividend_input_reg[16]_i_1_n_0
    SLICE_X32Y84         FDCE                                         r  u_engine/u_divider/dividend_input_reg_reg[16]/D
  -------------------------------------------------------------------    -------------------

                         (clock estimator_clk rise edge)
                                                      0.000     0.000 r  
                                                      0.000     0.000 r  clk (IN)
                         net (fo=4179, unset)         0.432     0.432    u_engine/u_divider/clk
    SLICE_X32Y84         FDCE                                         r  u_engine/u_divider/dividend_input_reg_reg[16]/C
                         clock pessimism              0.000     0.432    
    SLICE_X32Y84         FDCE (Hold_fdce_C_D)         0.120     0.552    u_engine/u_divider/dividend_input_reg_reg[16]
  -------------------------------------------------------------------
                         required time                         -0.552    
                         arrival time                           0.694    
  -------------------------------------------------------------------
                         slack                                  0.143    





Pulse Width Checks
--------------------------------------------------------------------------------------
Clock Name:         estimator_clk
Waveform(ns):       { 0.000 5.000 }
Period(ns):         10.000
Sources:            { clk }

Check Type        Corner  Lib Pin             Reference Pin  Required(ns)  Actual(ns)  Slack(ns)  Location       Pin
Min Period        n/a     RAMB36E1/CLKARDCLK  n/a            2.576         10.000      7.424      RAMB36_X2Y12   u_engine/u_arcsine_cov_lut/y_reg_3/CLKARDCLK
Low Pulse Width   Fast    FDCE/C              n/a            0.500         5.000       4.500      SLICE_X59Y103  u_engine/f_matrix_reg[8][23]/C
High Pulse Width  Slow    FDCE/C              n/a            0.500         5.000       4.500      SLICE_X59Y103  u_engine/f_matrix_reg[8][23]/C



