Copyright 1986-2020 Xilinx, Inc. All Rights Reserved.
---------------------------------------------------------------------------------------------------------------
| Tool Version : Vivado v.2020.2 (win64) Build 3064766 Wed Nov 18 09:12:45 MST 2020
| Date         : Sun Aug 30 19:51:05 2026
| Host         : REDACTED
| Command      : report_timing_summary -file <USER_HOME>/Verilog/Pipelined_BKF/bkf_l1/timing_post_route.rpt
| Design       : bkf_l1_core
| Device       : 7z020-clg400
| Speed File   : -1  PRODUCTION 1.12 2019-11-22
---------------------------------------------------------------------------------------------------------------

Timing Summary Report

------------------------------------------------------------------------------------------------
| Timer Settings
| --------------
------------------------------------------------------------------------------------------------

  Enable Multi Corner Analysis               :  Yes
  Enable Pessimism Removal                   :  Yes
  Pessimism Removal Resolution               :  Nearest Common Node
  Enable Input Delay Default Clock           :  No
  Enable Preset / Clear Arcs                 :  No
  Disable Flight Delays                      :  No
  Ignore I/O Paths                           :  No
  Timing Early Launch at Borrowing Latches   :  No
  Borrow Time for Max Delay Exceptions       :  Yes
  Merge Timing Exceptions                    :  Yes

  Corner  Analyze    Analyze    
  Name    Max Paths  Min Paths  
  ------  ---------  ---------  
  Slow    Yes        Yes        
  Fast    Yes        Yes        



check_timing report

Table of Contents
-----------------
1. checking no_clock (0)
2. checking constant_clock (0)
3. checking pulse_width_clock (0)
4. checking unconstrained_internal_endpoints (0)
5. checking no_input_delay (513)
6. checking no_output_delay (376)
7. checking multiple_clock (0)
8. checking generated_clocks (0)
9. checking loops (0)
10. checking partial_input_delay (0)
11. checking partial_output_delay (0)
12. checking latch_loops (0)

1. checking no_clock (0)
------------------------
 There are 0 register/latch pins with no clock.


2. checking constant_clock (0)
------------------------------
 There are 0 register/latch pins with constant_clock.


3. checking pulse_width_clock (0)
---------------------------------
 There are 0 register/latch pins which need pulse_width check


4. checking unconstrained_internal_endpoints (0)
------------------------------------------------
 There are 0 pins that are not constrained for maximum delay.

 There are 0 pins that are not constrained for maximum delay due to constant clock.


5. checking no_input_delay (513)
--------------------------------
 There are 513 input ports with no input delay specified. (HIGH)

 There are 0 input ports with no input delay but user has a false path constraint.


6. checking no_output_delay (376)
---------------------------------
 There are 376 ports with no output delay specified. (HIGH)

 There are 0 ports with no output delay but user has a false path constraint

 There are 0 ports with no output delay but with a timing clock defined on it or propagating through it


7. checking multiple_clock (0)
------------------------------
 There are 0 register/latch pins with multiple clocks.


8. checking generated_clocks (0)
--------------------------------
 There are 0 generated clocks that are not connected to a clock source.


9. checking loops (0)
---------------------
 There are 0 combinational loops in the design.


10. checking partial_input_delay (0)
------------------------------------
 There are 0 input ports with partial input delay specified.


11. checking partial_output_delay (0)
-------------------------------------
 There are 0 ports with partial output delay specified.


12. checking latch_loops (0)
----------------------------
 There are 0 combinational latch loops in the design through latch input



------------------------------------------------------------------------------------------------
| Design Timing Summary
| ---------------------
------------------------------------------------------------------------------------------------

    WNS(ns)      TNS(ns)  TNS Failing Endpoints  TNS Total Endpoints      WHS(ns)      THS(ns)  THS Failing Endpoints  THS Total Endpoints     WPWS(ns)     TPWS(ns)  TPWS Failing Endpoints  TPWS Total Endpoints  
    -------      -------  ---------------------  -------------------      -------      -------  ---------------------  -------------------     --------     --------  ----------------------  --------------------  
     -3.212     -515.864                   1051                 7985        0.155        0.000                      0                 7985        4.500        0.000                       0                  4014  


Timing constraints are not met.


------------------------------------------------------------------------------------------------
| Clock Summary
| -------------
------------------------------------------------------------------------------------------------

Clock          Waveform(ns)       Period(ns)      Frequency(MHz)
-----          ------------       ----------      --------------
estimator_clk  {0.000 5.000}      10.000          100.000         


------------------------------------------------------------------------------------------------
| Intra Clock Table
| -----------------
------------------------------------------------------------------------------------------------

Clock              WNS(ns)      TNS(ns)  TNS Failing Endpoints  TNS Total Endpoints      WHS(ns)      THS(ns)  THS Failing Endpoints  THS Total Endpoints     WPWS(ns)     TPWS(ns)  TPWS Failing Endpoints  TPWS Total Endpoints  
-----              -------      -------  ---------------------  -------------------      -------      -------  ---------------------  -------------------     --------     --------  ----------------------  --------------------  
estimator_clk       -3.212     -515.864                   1051                 7985        0.155        0.000                      0                 7985        4.500        0.000                       0                  4014  


------------------------------------------------------------------------------------------------
| Inter Clock Table
| -----------------
------------------------------------------------------------------------------------------------

From Clock    To Clock          WNS(ns)      TNS(ns)  TNS Failing Endpoints  TNS Total Endpoints      WHS(ns)      THS(ns)  THS Failing Endpoints  THS Total Endpoints  
----------    --------          -------      -------  ---------------------  -------------------      -------      -------  ---------------------  -------------------  


------------------------------------------------------------------------------------------------
| Other Path Groups Table
| -----------------------
------------------------------------------------------------------------------------------------

Path Group    From Clock    To Clock          WNS(ns)      TNS(ns)  TNS Failing Endpoints  TNS Total Endpoints      WHS(ns)      THS(ns)  THS Failing Endpoints  THS Total Endpoints  
----------    ----------    --------          -------      -------  ---------------------  -------------------      -------      -------  ---------------------  -------------------  


------------------------------------------------------------------------------------------------
| Timing Details
| --------------
------------------------------------------------------------------------------------------------


---------------------------------------------------------------------------------------------------
From Clock:  estimator_clk
  To Clock:  estimator_clk

Setup :         1051  Failing Endpoints,  Worst Slack       -3.212ns,  Total Violation     -515.864ns
Hold  :            0  Failing Endpoints,  Worst Slack        0.155ns,  Total Violation        0.000ns
PW    :            0  Failing Endpoints,  Worst Slack        4.500ns,  Total Violation        0.000ns
---------------------------------------------------------------------------------------------------


Max Delay Paths
--------------------------------------------------------------------------------------
Slack (VIOLATED) :        -3.212ns  (required time - arrival time)
  Source:                 u_engine/u_divider/dividend_reg_reg[20]/C
                            (rising edge-triggered cell FDCE clocked by estimator_clk  {rise@0.000ns fall@5.000ns period=10.000ns})
  Destination:            u_engine/u_divider/quotient_reg[10]/D
                            (rising edge-triggered cell FDCE clocked by estimator_clk  {rise@0.000ns fall@5.000ns period=10.000ns})
  Path Group:             estimator_clk
  Path Type:              Setup (Max at Slow Process Corner)
  Requirement:            10.000ns  (estimator_clk rise@10.000ns - estimator_clk rise@0.000ns)
  Data Path Delay:        13.203ns  (logic 6.470ns (49.003%)  route 6.733ns (50.997%))
  Logic Levels:           30  (CARRY4=20 LUT3=1 LUT4=3 LUT5=2 LUT6=4)
  Clock Path Skew:        -0.049ns (DCD - SCD + CPR)
    Destination Clock Delay (DCD):    0.924ns = ( 10.924 - 10.000 ) 
    Source Clock Delay      (SCD):    0.973ns
    Clock Pessimism Removal (CPR):    0.000ns
  Clock Uncertainty:      0.035ns  ((TSJ^2 + TIJ^2)^1/2 + DJ) / 2 + PE
    Total System Jitter     (TSJ):    0.071ns
    Total Input Jitter      (TIJ):    0.000ns
    Discrete Jitter          (DJ):    0.000ns
    Phase Error              (PE):    0.000ns

    Location             Delay type                Incr(ns)  Path(ns)    Netlist Resource(s)
  -------------------------------------------------------------------    -------------------
                         (clock estimator_clk rise edge)
                                                      0.000     0.000 r  
                                                      0.000     0.000 r  clk (IN)
                         net (fo=4013, unset)         0.973     0.973    u_engine/u_divider/clk
    SLICE_X89Y134        FDCE                                         r  u_engine/u_divider/dividend_reg_reg[20]/C
  -------------------------------------------------------------------    -------------------
    SLICE_X89Y134        FDCE (Prop_fdce_C_Q)         0.419     1.392 f  u_engine/u_divider/dividend_reg_reg[20]/Q
                         net (fo=1, routed)           0.804     2.196    u_engine/u_divider/dividend_reg_reg_n_0_[20]
    SLICE_X87Y134        LUT6 (Prop_lut6_I2_O)        0.299     2.495 f  u_engine/u_divider/remainder_reg[0]_i_8/O
                         net (fo=1, routed)           0.578     3.073    u_engine/u_divider/remainder_reg[0]_i_8_n_0
    SLICE_X85Y134        LUT6 (Prop_lut6_I0_O)        0.124     3.197 r  u_engine/u_divider/remainder_reg[0]_i_5/O
                         net (fo=1, routed)           0.151     3.348    u_engine/u_divider/remainder_reg[0]_i_5_n_0
    SLICE_X85Y134        LUT6 (Prop_lut6_I5_O)        0.124     3.472 r  u_engine/u_divider/remainder_reg[0]_i_2/O
                         net (fo=6, routed)           0.570     4.042    u_engine/u_divider/remainder_reg[0]_i_2_n_0
    SLICE_X84Y137        LUT4 (Prop_lut4_I0_O)        0.124     4.166 r  u_engine/u_divider/remainder_reg[40]_i_52/O
                         net (fo=1, routed)           0.000     4.166    u_engine/u_divider/remainder_reg[40]_i_52_n_0
    SLICE_X84Y137        CARRY4 (Prop_carry4_S[0]_CO[3])
                                                      0.532     4.698 r  u_engine/u_divider/remainder_reg_reg[40]_i_36/CO[3]
                         net (fo=1, routed)           0.000     4.698    u_engine/u_divider/remainder_reg_reg[40]_i_36_n_0
    SLICE_X84Y138        CARRY4 (Prop_carry4_CI_CO[3])
                                                      0.114     4.812 r  u_engine/u_divider/remainder_reg_reg[40]_i_27/CO[3]
                         net (fo=1, routed)           0.000     4.812    u_engine/u_divider/remainder_reg_reg[40]_i_27_n_0
    SLICE_X84Y139        CARRY4 (Prop_carry4_CI_CO[3])
                                                      0.114     4.926 r  u_engine/u_divider/remainder_reg_reg[40]_i_18/CO[3]
                         net (fo=1, routed)           0.000     4.926    u_engine/u_divider/remainder_reg_reg[40]_i_18_n_0
    SLICE_X84Y140        CARRY4 (Prop_carry4_CI_CO[3])
                                                      0.114     5.040 r  u_engine/u_divider/remainder_reg_reg[40]_i_9/CO[3]
                         net (fo=1, routed)           0.000     5.040    u_engine/u_divider/remainder_reg_reg[40]_i_9_n_0
    SLICE_X84Y141        CARRY4 (Prop_carry4_CI_CO[3])
                                                      0.114     5.154 r  u_engine/u_divider/remainder_reg_reg[40]_i_5/CO[3]
                         net (fo=1, routed)           0.000     5.154    u_engine/u_divider/remainder_reg_reg[40]_i_5_n_0
    SLICE_X84Y142        CARRY4 (Prop_carry4_CI_CO[0])
                                                      0.271     5.425 r  u_engine/u_divider/remainder_reg_reg[40]_i_3/CO[0]
                         net (fo=152, routed)         0.850     6.276    u_engine/u_divider/remainder_next1
    SLICE_X81Y136        LUT3 (Prop_lut3_I1_O)        0.373     6.649 r  u_engine/u_divider/quotient[3]_i_62/O
                         net (fo=1, routed)           0.422     7.071    u_engine/u_divider/quotient[3]_i_62_n_0
    SLICE_X82Y137        LUT6 (Prop_lut6_I4_O)        0.124     7.195 r  u_engine/u_divider/quotient[3]_i_46/O
                         net (fo=1, routed)           0.000     7.195    u_engine/u_divider/quotient[3]_i_46_n_0
    SLICE_X82Y137        CARRY4 (Prop_carry4_S[0]_CO[3])
                                                      0.513     7.708 r  u_engine/u_divider/quotient_reg[3]_i_29/CO[3]
                         net (fo=1, routed)           0.000     7.708    u_engine/u_divider/quotient_reg[3]_i_29_n_0
    SLICE_X82Y138        CARRY4 (Prop_carry4_CI_CO[3])
                                                      0.117     7.825 r  u_engine/u_divider/quotient_reg[3]_i_20/CO[3]
                         net (fo=1, routed)           0.000     7.825    u_engine/u_divider/quotient_reg[3]_i_20_n_0
    SLICE_X82Y139        CARRY4 (Prop_carry4_CI_CO[3])
                                                      0.117     7.942 r  u_engine/u_divider/quotient_reg[3]_i_11/CO[3]
                         net (fo=1, routed)           0.000     7.942    u_engine/u_divider/quotient_reg[3]_i_11_n_0
    SLICE_X82Y140        CARRY4 (Prop_carry4_CI_CO[3])
                                                      0.117     8.059 r  u_engine/u_divider/quotient_reg[3]_i_8/CO[3]
                         net (fo=1, routed)           0.000     8.059    u_engine/u_divider/quotient_reg[3]_i_8_n_0
    SLICE_X82Y141        CARRY4 (Prop_carry4_CI_CO[0])
                                                      0.254     8.313 r  u_engine/u_divider/quotient_reg[3]_i_3/CO[0]
                         net (fo=2, routed)           0.642     8.955    u_engine/u_divider/rounded_magnitude1
    SLICE_X83Y139        CARRY4 (Prop_carry4_DI[0]_CO[3])
                                                      0.769     9.724 r  u_engine/u_divider/quotient_reg[3]_i_2/CO[3]
                         net (fo=1, routed)           0.000     9.724    u_engine/u_divider/quotient_reg[3]_i_2_n_0
    SLICE_X83Y140        CARRY4 (Prop_carry4_CI_CO[3])
                                                      0.114     9.838 r  u_engine/u_divider/quotient_reg[7]_i_2/CO[3]
                         net (fo=1, routed)           0.000     9.838    u_engine/u_divider/quotient_reg[7]_i_2_n_0
    SLICE_X83Y141        CARRY4 (Prop_carry4_CI_CO[3])
                                                      0.114     9.952 r  u_engine/u_divider/quotient_reg[11]_i_2/CO[3]
                         net (fo=1, routed)           0.000     9.952    u_engine/u_divider/quotient_reg[11]_i_2_n_0
    SLICE_X83Y142        CARRY4 (Prop_carry4_CI_CO[3])
                                                      0.114    10.066 r  u_engine/u_divider/quotient_reg[15]_i_2/CO[3]
                         net (fo=1, routed)           0.000    10.066    u_engine/u_divider/quotient_reg[15]_i_2_n_0
    SLICE_X83Y143        CARRY4 (Prop_carry4_CI_CO[3])
                                                      0.114    10.180 r  u_engine/u_divider/quotient_reg[19]_i_2/CO[3]
                         net (fo=1, routed)           0.000    10.180    u_engine/u_divider/quotient_reg[19]_i_2_n_0
    SLICE_X83Y144        CARRY4 (Prop_carry4_CI_CO[3])
                                                      0.114    10.294 r  u_engine/u_divider/quotient_reg[22]_i_4/CO[3]
                         net (fo=1, routed)           0.000    10.294    u_engine/u_divider/quotient_reg[22]_i_4_n_0
    SLICE_X83Y145        CARRY4 (Prop_carry4_CI_CO[3])
                                                      0.114    10.408 r  u_engine/u_divider/quotient_reg[23]_i_24/CO[3]
                         net (fo=1, routed)           0.000    10.408    u_engine/u_divider/quotient_reg[23]_i_24_n_0
    SLICE_X83Y146        CARRY4 (Prop_carry4_CI_CO[3])
                                                      0.114    10.522 r  u_engine/u_divider/quotient_reg[23]_i_23/CO[3]
                         net (fo=1, routed)           0.000    10.522    u_engine/u_divider/quotient_reg[23]_i_23_n_0
    SLICE_X83Y147        CARRY4 (Prop_carry4_CI_O[2])
                                                      0.239    10.761 r  u_engine/u_divider/quotient_reg[23]_i_22/O[2]
                         net (fo=1, routed)           0.764    11.525    u_engine/u_divider/quotient_reg[23]_i_22_n_5
    SLICE_X84Y147        LUT4 (Prop_lut4_I1_O)        0.302    11.827 f  u_engine/u_divider/quotient[23]_i_8/O
                         net (fo=2, routed)           0.589    12.416    u_engine/u_divider/quotient[23]_i_8_n_0
    SLICE_X84Y146        LUT5 (Prop_lut5_I2_O)        0.124    12.540 r  u_engine/u_divider/quotient[23]_i_3/O
                         net (fo=3, routed)           0.325    12.864    u_engine/u_divider/quotient[23]_i_3_n_0
    SLICE_X84Y145        LUT4 (Prop_lut4_I1_O)        0.124    12.988 r  u_engine/u_divider/quotient[22]_i_2/O
                         net (fo=22, routed)          1.038    14.026    u_engine/u_divider/quotient[22]_i_2_n_0
    SLICE_X87Y144        LUT5 (Prop_lut5_I0_O)        0.150    14.176 r  u_engine/u_divider/quotient[10]_i_1/O
                         net (fo=1, routed)           0.000    14.176    u_engine/u_divider/quotient[10]_i_1_n_0
    SLICE_X87Y144        FDCE                                         r  u_engine/u_divider/quotient_reg[10]/D
  -------------------------------------------------------------------    -------------------

                         (clock estimator_clk rise edge)
                                                     10.000    10.000 r  
                                                      0.000    10.000 r  clk (IN)
                         net (fo=4013, unset)         0.924    10.924    u_engine/u_divider/clk
    SLICE_X87Y144        FDCE                                         r  u_engine/u_divider/quotient_reg[10]/C
                         clock pessimism              0.000    10.924    
                         clock uncertainty           -0.035    10.889    
    SLICE_X87Y144        FDCE (Setup_fdce_C_D)        0.075    10.964    u_engine/u_divider/quotient_reg[10]
  -------------------------------------------------------------------
                         required time                         10.964    
                         arrival time                         -14.176    
  -------------------------------------------------------------------
                         slack                                 -3.212    





Min Delay Paths
--------------------------------------------------------------------------------------
Slack (MET) :             0.155ns  (arrival time - required time)
  Source:                 u_engine/mac_accumulator_reg[9]/C
                            (rising edge-triggered cell FDCE clocked by estimator_clk  {rise@0.000ns fall@5.000ns period=10.000ns})
  Destination:            u_engine/u_mul_mac_pipeline/stage1_accumulator_reg[9]/D
                            (rising edge-triggered cell FDCE clocked by estimator_clk  {rise@0.000ns fall@5.000ns period=10.000ns})
  Path Group:             estimator_clk
  Path Type:              Hold (Min at Fast Process Corner)
  Requirement:            0.000ns  (estimator_clk rise@0.000ns - estimator_clk rise@0.000ns)
  Data Path Delay:        0.187ns  (logic 0.128ns (68.352%)  route 0.059ns (31.648%))
  Logic Levels:           0  
  Clock Path Skew:        0.022ns (DCD - SCD - CPR)
    Destination Clock Delay (DCD):    0.432ns
    Source Clock Delay      (SCD):    0.410ns
    Clock Pessimism Removal (CPR):    -0.000ns

    Location             Delay type                Incr(ns)  Path(ns)    Netlist Resource(s)
  -------------------------------------------------------------------    -------------------
                         (clock estimator_clk rise edge)
                                                      0.000     0.000 r  
                                                      0.000     0.000 r  clk (IN)
                         net (fo=4013, unset)         0.410     0.410    u_engine/clk
    SLICE_X63Y109        FDCE                                         r  u_engine/mac_accumulator_reg[9]/C
  -------------------------------------------------------------------    -------------------
    SLICE_X63Y109        FDCE (Prop_fdce_C_Q)         0.128     0.538 r  u_engine/mac_accumulator_reg[9]/Q
                         net (fo=1, routed)           0.059     0.597    u_engine/u_mul_mac_pipeline/stage1_accumulator_reg[49]_0[9]
    SLICE_X62Y109        FDCE                                         r  u_engine/u_mul_mac_pipeline/stage1_accumulator_reg[9]/D
  -------------------------------------------------------------------    -------------------

                         (clock estimator_clk rise edge)
                                                      0.000     0.000 r  
                                                      0.000     0.000 r  clk (IN)
                         net (fo=4013, unset)         0.432     0.432    u_engine/u_mul_mac_pipeline/clk
    SLICE_X62Y109        FDCE                                         r  u_engine/u_mul_mac_pipeline/stage1_accumulator_reg[9]/C
                         clock pessimism              0.000     0.432    
    SLICE_X62Y109        FDCE (Hold_fdce_C_D)         0.011     0.443    u_engine/u_mul_mac_pipeline/stage1_accumulator_reg[9]
  -------------------------------------------------------------------
                         required time                         -0.443    
                         arrival time                           0.597    
  -------------------------------------------------------------------
                         slack                                  0.155    





Pulse Width Checks
--------------------------------------------------------------------------------------
Clock Name:         estimator_clk
Waveform(ns):       { 0.000 5.000 }
Period(ns):         10.000
Sources:            { clk }

Check Type        Corner  Lib Pin             Reference Pin  Required(ns)  Actual(ns)  Slack(ns)  Location       Pin
Min Period        n/a     RAMB36E1/CLKARDCLK  n/a            2.576         10.000      7.424      RAMB36_X2Y23   u_engine/u_arcsine_cov_lut/y_reg_3/CLKARDCLK
Low Pulse Width   Fast    FDCE/C              n/a            0.500         5.000       4.500      SLICE_X37Y134  u_engine/f_matrix_reg[6][23]/C
High Pulse Width  Slow    FDCE/C              n/a            0.500         5.000       4.500      SLICE_X37Y134  u_engine/f_matrix_reg[6][23]/C



