Copyright 1986-2020 Xilinx, Inc. All Rights Reserved.
-----------------------------------------------------------------------------------------------------------------
| Tool Version : Vivado v.2020.2 (win64) Build 3064766 Wed Nov 18 09:12:45 MST 2020
| Date         : Mon Aug 31 21:37:24 2026
| Host         : REDACTED
| Command      : report_timing_summary -file <USER_HOME>/Verilog/Pipelined_BKF4/rbkf_l8/timing_post_route.rpt
| Design       : rbkf_core
| Device       : 7z020-clg400
| Speed File   : -1  PRODUCTION 1.12 2019-11-22
-----------------------------------------------------------------------------------------------------------------

Timing Summary Report

------------------------------------------------------------------------------------------------
| Timer Settings
| --------------
------------------------------------------------------------------------------------------------

  Enable Multi Corner Analysis               :  Yes
  Enable Pessimism Removal                   :  Yes
  Pessimism Removal Resolution               :  Nearest Common Node
  Enable Input Delay Default Clock           :  No
  Enable Preset / Clear Arcs                 :  No
  Disable Flight Delays                      :  No
  Ignore I/O Paths                           :  No
  Timing Early Launch at Borrowing Latches   :  No
  Borrow Time for Max Delay Exceptions       :  Yes
  Merge Timing Exceptions                    :  Yes

  Corner  Analyze    Analyze    
  Name    Max Paths  Min Paths  
  ------  ---------  ---------  
  Slow    Yes        Yes        
  Fast    Yes        Yes        



check_timing report

Table of Contents
-----------------
1. checking no_clock (0)
2. checking constant_clock (0)
3. checking pulse_width_clock (0)
4. checking unconstrained_internal_endpoints (0)
5. checking no_input_delay (534)
6. checking no_output_delay (376)
7. checking multiple_clock (0)
8. checking generated_clocks (0)
9. checking loops (0)
10. checking partial_input_delay (0)
11. checking partial_output_delay (0)
12. checking latch_loops (0)

1. checking no_clock (0)
------------------------
 There are 0 register/latch pins with no clock.


2. checking constant_clock (0)
------------------------------
 There are 0 register/latch pins with constant_clock.


3. checking pulse_width_clock (0)
---------------------------------
 There are 0 register/latch pins which need pulse_width check


4. checking unconstrained_internal_endpoints (0)
------------------------------------------------
 There are 0 pins that are not constrained for maximum delay.

 There are 0 pins that are not constrained for maximum delay due to constant clock.


5. checking no_input_delay (534)
--------------------------------
 There are 534 input ports with no input delay specified. (HIGH)

 There are 0 input ports with no input delay but user has a false path constraint.


6. checking no_output_delay (376)
---------------------------------
 There are 376 ports with no output delay specified. (HIGH)

 There are 0 ports with no output delay but user has a false path constraint

 There are 0 ports with no output delay but with a timing clock defined on it or propagating through it


7. checking multiple_clock (0)
------------------------------
 There are 0 register/latch pins with multiple clocks.


8. checking generated_clocks (0)
--------------------------------
 There are 0 generated clocks that are not connected to a clock source.


9. checking loops (0)
---------------------
 There are 0 combinational loops in the design.


10. checking partial_input_delay (0)
------------------------------------
 There are 0 input ports with partial input delay specified.


11. checking partial_output_delay (0)
-------------------------------------
 There are 0 ports with partial output delay specified.


12. checking latch_loops (0)
----------------------------
 There are 0 combinational latch loops in the design through latch input



------------------------------------------------------------------------------------------------
| Design Timing Summary
| ---------------------
------------------------------------------------------------------------------------------------

    WNS(ns)      TNS(ns)  TNS Failing Endpoints  TNS Total Endpoints      WHS(ns)      THS(ns)  THS Failing Endpoints  THS Total Endpoints     WPWS(ns)     TPWS(ns)  TPWS Failing Endpoints  TPWS Total Endpoints  
    -------      -------  ---------------------  -------------------      -------      -------  ---------------------  -------------------     --------     --------  ----------------------  --------------------  
      0.218        0.000                      0                 9432        0.125        0.000                      0                 9432        4.500        0.000                       0                  4759  


All user specified timing constraints are met.


------------------------------------------------------------------------------------------------
| Clock Summary
| -------------
------------------------------------------------------------------------------------------------

Clock          Waveform(ns)       Period(ns)      Frequency(MHz)
-----          ------------       ----------      --------------
estimator_clk  {0.000 5.000}      10.000          100.000         


------------------------------------------------------------------------------------------------
| Intra Clock Table
| -----------------
------------------------------------------------------------------------------------------------

Clock              WNS(ns)      TNS(ns)  TNS Failing Endpoints  TNS Total Endpoints      WHS(ns)      THS(ns)  THS Failing Endpoints  THS Total Endpoints     WPWS(ns)     TPWS(ns)  TPWS Failing Endpoints  TPWS Total Endpoints  
-----              -------      -------  ---------------------  -------------------      -------      -------  ---------------------  -------------------     --------     --------  ----------------------  --------------------  
estimator_clk        0.218        0.000                      0                 9432        0.125        0.000                      0                 9432        4.500        0.000                       0                  4759  


------------------------------------------------------------------------------------------------
| Inter Clock Table
| -----------------
------------------------------------------------------------------------------------------------

From Clock    To Clock          WNS(ns)      TNS(ns)  TNS Failing Endpoints  TNS Total Endpoints      WHS(ns)      THS(ns)  THS Failing Endpoints  THS Total Endpoints  
----------    --------          -------      -------  ---------------------  -------------------      -------      -------  ---------------------  -------------------  


------------------------------------------------------------------------------------------------
| Other Path Groups Table
| -----------------------
------------------------------------------------------------------------------------------------

Path Group    From Clock    To Clock          WNS(ns)      TNS(ns)  TNS Failing Endpoints  TNS Total Endpoints      WHS(ns)      THS(ns)  THS Failing Endpoints  THS Total Endpoints  
----------    ----------    --------          -------      -------  ---------------------  -------------------      -------      -------  ---------------------  -------------------  


------------------------------------------------------------------------------------------------
| Timing Details
| --------------
------------------------------------------------------------------------------------------------


---------------------------------------------------------------------------------------------------
From Clock:  estimator_clk
  To Clock:  estimator_clk

Setup :            0  Failing Endpoints,  Worst Slack        0.218ns,  Total Violation        0.000ns
Hold  :            0  Failing Endpoints,  Worst Slack        0.125ns,  Total Violation        0.000ns
PW    :            0  Failing Endpoints,  Worst Slack        4.500ns,  Total Violation        0.000ns
---------------------------------------------------------------------------------------------------


Max Delay Paths
--------------------------------------------------------------------------------------
Slack (MET) :             0.218ns  (required time - arrival time)
  Source:                 u_engine/u_mul_mac_pipeline/stage3_mac_sum_reg[0]/C
                            (rising edge-triggered cell FDCE clocked by estimator_clk  {rise@0.000ns fall@5.000ns period=10.000ns})
  Destination:            u_engine/overflow_flag_reg/D
                            (rising edge-triggered cell FDCE clocked by estimator_clk  {rise@0.000ns fall@5.000ns period=10.000ns})
  Path Group:             estimator_clk
  Path Type:              Setup (Max at Slow Process Corner)
  Requirement:            10.000ns  (estimator_clk rise@10.000ns - estimator_clk rise@0.000ns)
  Data Path Delay:        9.727ns  (logic 5.678ns (58.373%)  route 4.049ns (41.627%))
  Logic Levels:           22  (CARRY4=16 LUT1=2 LUT2=1 LUT5=1 LUT6=2)
  Clock Path Skew:        -0.049ns (DCD - SCD + CPR)
    Destination Clock Delay (DCD):    0.924ns = ( 10.924 - 10.000 ) 
    Source Clock Delay      (SCD):    0.973ns
    Clock Pessimism Removal (CPR):    0.000ns
  Clock Uncertainty:      0.035ns  ((TSJ^2 + TIJ^2)^1/2 + DJ) / 2 + PE
    Total System Jitter     (TSJ):    0.071ns
    Total Input Jitter      (TIJ):    0.000ns
    Discrete Jitter          (DJ):    0.000ns
    Phase Error              (PE):    0.000ns

    Location             Delay type                Incr(ns)  Path(ns)    Netlist Resource(s)
  -------------------------------------------------------------------    -------------------
                         (clock estimator_clk rise edge)
                                                      0.000     0.000 r  
                                                      0.000     0.000 r  clk (IN)
                         net (fo=4758, unset)         0.973     0.973    u_engine/u_mul_mac_pipeline/clk
    SLICE_X73Y13         FDCE                                         r  u_engine/u_mul_mac_pipeline/stage3_mac_sum_reg[0]/C
  -------------------------------------------------------------------    -------------------
    SLICE_X73Y13         FDCE (Prop_fdce_C_Q)         0.456     1.429 f  u_engine/u_mul_mac_pipeline/stage3_mac_sum_reg[0]/Q
                         net (fo=4, routed)           0.315     1.744    u_engine/u_mul_mac_pipeline/Q[0]
    SLICE_X74Y13         LUT1 (Prop_lut1_I0_O)        0.124     1.868 r  u_engine/u_mul_mac_pipeline/state_predict[2][0]_i_18/O
                         net (fo=1, routed)           0.329     2.196    u_engine/u_mul_mac_pipeline/state_predict[2][0]_i_18_n_0
    SLICE_X72Y13         CARRY4 (Prop_carry4_CYINIT_CO[3])
                                                      0.580     2.776 r  u_engine/u_mul_mac_pipeline/state_predict_reg[2][0]_i_13/CO[3]
                         net (fo=1, routed)           0.000     2.776    u_engine/u_mul_mac_pipeline/state_predict_reg[2][0]_i_13_n_0
    SLICE_X72Y14         CARRY4 (Prop_carry4_CI_CO[3])
                                                      0.114     2.890 r  u_engine/u_mul_mac_pipeline/state_predict_reg[2][0]_i_8/CO[3]
                         net (fo=1, routed)           0.000     2.890    u_engine/u_mul_mac_pipeline/state_predict_reg[2][0]_i_8_n_0
    SLICE_X72Y15         CARRY4 (Prop_carry4_CI_CO[3])
                                                      0.114     3.004 r  u_engine/u_mul_mac_pipeline/state_predict_reg[2][0]_i_3/CO[3]
                         net (fo=1, routed)           0.000     3.004    u_engine/u_mul_mac_pipeline/state_predict_reg[2][0]_i_3_n_0
    SLICE_X72Y16         CARRY4 (Prop_carry4_CI_CO[3])
                                                      0.114     3.118 r  u_engine/u_mul_mac_pipeline/state_predict_reg[2][0]_i_2/CO[3]
                         net (fo=1, routed)           0.000     3.118    u_engine/u_mul_mac_pipeline/state_predict_reg[2][0]_i_2_n_0
    SLICE_X72Y17         CARRY4 (Prop_carry4_CI_O[1])
                                                      0.334     3.452 f  u_engine/u_mul_mac_pipeline/state_predict_reg[2][4]_i_8/O[1]
                         net (fo=1, routed)           0.578     4.031    u_engine_n_72
    SLICE_X71Y16         LUT1 (Prop_lut1_I0_O)        0.303     4.334 r  state_predict[2][4]_i_6/O
                         net (fo=1, routed)           0.000     4.334    state_predict[2][4]_i_6_n_0
    SLICE_X71Y16         CARRY4 (Prop_carry4_S[1]_CO[3])
                                                      0.550     4.884 r  state_predict_reg[2][4]_i_2/CO[3]
                         net (fo=1, routed)           0.000     4.884    state_predict_reg[2][4]_i_2_n_0
    SLICE_X71Y17         CARRY4 (Prop_carry4_CI_CO[3])
                                                      0.114     4.998 r  state_predict_reg[2][8]_i_2/CO[3]
                         net (fo=1, routed)           0.000     4.998    state_predict_reg[2][8]_i_2_n_0
    SLICE_X71Y18         CARRY4 (Prop_carry4_CI_CO[3])
                                                      0.114     5.112 r  state_predict_reg[2][12]_i_2/CO[3]
                         net (fo=1, routed)           0.000     5.112    state_predict_reg[2][12]_i_2_n_0
    SLICE_X71Y19         CARRY4 (Prop_carry4_CI_CO[3])
                                                      0.114     5.226 r  state_predict_reg[2][16]_i_2/CO[3]
                         net (fo=1, routed)           0.000     5.226    state_predict_reg[2][16]_i_2_n_0
    SLICE_X71Y20         CARRY4 (Prop_carry4_CI_CO[3])
                                                      0.114     5.340 r  state_predict_reg[2][20]_i_2/CO[3]
                         net (fo=1, routed)           0.000     5.340    state_predict_reg[2][20]_i_2_n_0
    SLICE_X71Y21         CARRY4 (Prop_carry4_CI_CO[3])
                                                      0.114     5.454 r  state_predict_reg[2][23]_i_6/CO[3]
                         net (fo=1, routed)           0.000     5.454    state_predict_reg[2][23]_i_6_n_0
    SLICE_X71Y22         CARRY4 (Prop_carry4_CI_CO[3])
                                                      0.114     5.568 r  state_predict_reg[2][23]_i_75/CO[3]
                         net (fo=1, routed)           0.000     5.568    state_predict_reg[2][23]_i_75_n_0
    SLICE_X71Y23         CARRY4 (Prop_carry4_CI_O[1])
                                                      0.334     5.902 f  state_predict_reg[2][23]_i_55/O[1]
                         net (fo=4, routed)           0.823     6.724    u_engine/u_mul_mac_pipeline/state_predict_reg[2][23]_i_25_0[1]
    SLICE_X74Y23         LUT5 (Prop_lut5_I1_O)        0.303     7.027 r  u_engine/u_mul_mac_pipeline/state_predict[2][23]_i_65/O
                         net (fo=1, routed)           0.000     7.027    u_engine/u_mul_mac_pipeline/state_predict[2][23]_i_65_n_0
    SLICE_X74Y23         CARRY4 (Prop_carry4_S[0]_CO[3])
                                                      0.532     7.559 r  u_engine/u_mul_mac_pipeline/state_predict_reg[2][23]_i_36/CO[3]
                         net (fo=1, routed)           0.000     7.559    u_engine/u_mul_mac_pipeline/state_predict_reg[2][23]_i_36_n_0
    SLICE_X74Y24         CARRY4 (Prop_carry4_CI_CO[3])
                                                      0.114     7.673 r  u_engine/u_mul_mac_pipeline/state_predict_reg[2][23]_i_20/CO[3]
                         net (fo=1, routed)           0.009     7.682    u_engine/u_mul_mac_pipeline/state_predict_reg[2][23]_i_20_n_0
    SLICE_X74Y25         CARRY4 (Prop_carry4_CI_CO[2])
                                                      0.228     7.910 r  u_engine/u_mul_mac_pipeline/state_predict_reg[2][23]_i_9/CO[2]
                         net (fo=26, routed)          0.908     8.819    u_engine/round_sat5011_in
    SLICE_X72Y26         LUT2 (Prop_lut2_I0_O)        0.338     9.157 r  u_engine/overflow_flag_i_14/O
                         net (fo=1, routed)           0.297     9.454    u_engine/u_mul_mac_pipeline/pipe_mac_overflow
    SLICE_X73Y27         LUT6 (Prop_lut6_I3_O)        0.332     9.786 f  u_engine/u_mul_mac_pipeline/overflow_flag_i_3/O
                         net (fo=1, routed)           0.790    10.576    u_engine/u_mul_mac_pipeline/overflow_flag_i_3_n_0
    SLICE_X74Y27         LUT6 (Prop_lut6_I1_O)        0.124    10.700 r  u_engine/u_mul_mac_pipeline/overflow_flag_i_1/O
                         net (fo=1, routed)           0.000    10.700    u_engine/u_mul_mac_pipeline_n_411
    SLICE_X74Y27         FDCE                                         r  u_engine/overflow_flag_reg/D
  -------------------------------------------------------------------    -------------------

                         (clock estimator_clk rise edge)
                                                     10.000    10.000 r  
                                                      0.000    10.000 r  clk (IN)
                         net (fo=4758, unset)         0.924    10.924    u_engine/clk
    SLICE_X74Y27         FDCE                                         r  u_engine/overflow_flag_reg/C
                         clock pessimism              0.000    10.924    
                         clock uncertainty           -0.035    10.889    
    SLICE_X74Y27         FDCE (Setup_fdce_C_D)        0.029    10.918    u_engine/overflow_flag_reg
  -------------------------------------------------------------------
                         required time                         10.918    
                         arrival time                         -10.700    
  -------------------------------------------------------------------
                         slack                                  0.218    





Min Delay Paths
--------------------------------------------------------------------------------------
Slack (MET) :             0.125ns  (arrival time - required time)
  Source:                 u_engine/sign_cov_pre_reg[3][3]/C
                            (rising edge-triggered cell FDCE clocked by estimator_clk  {rise@0.000ns fall@5.000ns period=10.000ns})
  Destination:            u_engine/sign_sym_right_reg_reg[3]/D
                            (rising edge-triggered cell FDCE clocked by estimator_clk  {rise@0.000ns fall@5.000ns period=10.000ns})
  Path Group:             estimator_clk
  Path Type:              Hold (Min at Fast Process Corner)
  Requirement:            0.000ns  (estimator_clk rise@0.000ns - estimator_clk rise@0.000ns)
  Data Path Delay:        0.239ns  (logic 0.186ns (77.839%)  route 0.053ns (22.161%))
  Logic Levels:           1  (LUT5=1)
  Clock Path Skew:        0.022ns (DCD - SCD - CPR)
    Destination Clock Delay (DCD):    0.432ns
    Source Clock Delay      (SCD):    0.410ns
    Clock Pessimism Removal (CPR):    -0.000ns

    Location             Delay type                Incr(ns)  Path(ns)    Netlist Resource(s)
  -------------------------------------------------------------------    -------------------
                         (clock estimator_clk rise edge)
                                                      0.000     0.000 r  
                                                      0.000     0.000 r  clk (IN)
                         net (fo=4758, unset)         0.410     0.410    u_engine/clk
    SLICE_X52Y7          FDCE                                         r  u_engine/sign_cov_pre_reg[3][3]/C
  -------------------------------------------------------------------    -------------------
    SLICE_X52Y7          FDCE (Prop_fdce_C_Q)         0.141     0.551 r  u_engine/sign_cov_pre_reg[3][3]/Q
                         net (fo=1, routed)           0.053     0.604    u_engine/sign_cov_pre_reg[3]_13[3]
    SLICE_X53Y7          LUT5 (Prop_lut5_I4_O)        0.045     0.649 r  u_engine/sign_sym_right_reg[3]_i_1/O
                         net (fo=1, routed)           0.000     0.649    u_engine/sign_sym_right_reg[3]_i_1_n_0
    SLICE_X53Y7          FDCE                                         r  u_engine/sign_sym_right_reg_reg[3]/D
  -------------------------------------------------------------------    -------------------

                         (clock estimator_clk rise edge)
                                                      0.000     0.000 r  
                                                      0.000     0.000 r  clk (IN)
                         net (fo=4758, unset)         0.432     0.432    u_engine/clk
    SLICE_X53Y7          FDCE                                         r  u_engine/sign_sym_right_reg_reg[3]/C
                         clock pessimism              0.000     0.432    
    SLICE_X53Y7          FDCE (Hold_fdce_C_D)         0.092     0.524    u_engine/sign_sym_right_reg_reg[3]
  -------------------------------------------------------------------
                         required time                         -0.524    
                         arrival time                           0.649    
  -------------------------------------------------------------------
                         slack                                  0.125    





Pulse Width Checks
--------------------------------------------------------------------------------------
Clock Name:         estimator_clk
Waveform(ns):       { 0.000 5.000 }
Period(ns):         10.000
Sources:            { clk }

Check Type        Corner  Lib Pin             Reference Pin  Required(ns)  Actual(ns)  Slack(ns)  Location      Pin
Min Period        n/a     RAMB36E1/CLKARDCLK  n/a            2.576         10.000      7.424      RAMB36_X1Y3   u_engine/u_arcsine_cov_lut/y_reg_5/CLKARDCLK
Low Pulse Width   Fast    FDCE/C              n/a            0.500         5.000       4.500      SLICE_X90Y43  u_engine/cov_post_reg[8][22]/C
High Pulse Width  Slow    FDCE/C              n/a            0.500         5.000       4.500      SLICE_X90Y43  u_engine/cov_post_reg[8][22]/C



