Copyright 1986-2020 Xilinx, Inc. All Rights Reserved.
----------------------------------------------------------------------------------------------------------------
| Tool Version : Vivado v.2020.2 (win64) Build 3064766 Wed Nov 18 09:12:45 MST 2020
| Date         : Mon Aug 31 21:09:33 2026
| Host         : REDACTED
| Command      : report_timing_summary -file <USER_HOME>/Verilog/Pipelined_BKF4/bkf_l1/timing_post_route.rpt
| Design       : bkf_l1_core
| Device       : 7z020-clg400
| Speed File   : -1  PRODUCTION 1.12 2019-11-22
----------------------------------------------------------------------------------------------------------------

Timing Summary Report

------------------------------------------------------------------------------------------------
| Timer Settings
| --------------
------------------------------------------------------------------------------------------------

  Enable Multi Corner Analysis               :  Yes
  Enable Pessimism Removal                   :  Yes
  Pessimism Removal Resolution               :  Nearest Common Node
  Enable Input Delay Default Clock           :  No
  Enable Preset / Clear Arcs                 :  No
  Disable Flight Delays                      :  No
  Ignore I/O Paths                           :  No
  Timing Early Launch at Borrowing Latches   :  No
  Borrow Time for Max Delay Exceptions       :  Yes
  Merge Timing Exceptions                    :  Yes

  Corner  Analyze    Analyze    
  Name    Max Paths  Min Paths  
  ------  ---------  ---------  
  Slow    Yes        Yes        
  Fast    Yes        Yes        



check_timing report

Table of Contents
-----------------
1. checking no_clock (0)
2. checking constant_clock (0)
3. checking pulse_width_clock (0)
4. checking unconstrained_internal_endpoints (0)
5. checking no_input_delay (513)
6. checking no_output_delay (376)
7. checking multiple_clock (0)
8. checking generated_clocks (0)
9. checking loops (0)
10. checking partial_input_delay (0)
11. checking partial_output_delay (0)
12. checking latch_loops (0)

1. checking no_clock (0)
------------------------
 There are 0 register/latch pins with no clock.


2. checking constant_clock (0)
------------------------------
 There are 0 register/latch pins with constant_clock.


3. checking pulse_width_clock (0)
---------------------------------
 There are 0 register/latch pins which need pulse_width check


4. checking unconstrained_internal_endpoints (0)
------------------------------------------------
 There are 0 pins that are not constrained for maximum delay.

 There are 0 pins that are not constrained for maximum delay due to constant clock.


5. checking no_input_delay (513)
--------------------------------
 There are 513 input ports with no input delay specified. (HIGH)

 There are 0 input ports with no input delay but user has a false path constraint.


6. checking no_output_delay (376)
---------------------------------
 There are 376 ports with no output delay specified. (HIGH)

 There are 0 ports with no output delay but user has a false path constraint

 There are 0 ports with no output delay but with a timing clock defined on it or propagating through it


7. checking multiple_clock (0)
------------------------------
 There are 0 register/latch pins with multiple clocks.


8. checking generated_clocks (0)
--------------------------------
 There are 0 generated clocks that are not connected to a clock source.


9. checking loops (0)
---------------------
 There are 0 combinational loops in the design.


10. checking partial_input_delay (0)
------------------------------------
 There are 0 input ports with partial input delay specified.


11. checking partial_output_delay (0)
-------------------------------------
 There are 0 ports with partial output delay specified.


12. checking latch_loops (0)
----------------------------
 There are 0 combinational latch loops in the design through latch input



------------------------------------------------------------------------------------------------
| Design Timing Summary
| ---------------------
------------------------------------------------------------------------------------------------

    WNS(ns)      TNS(ns)  TNS Failing Endpoints  TNS Total Endpoints      WHS(ns)      THS(ns)  THS Failing Endpoints  THS Total Endpoints     WPWS(ns)     TPWS(ns)  TPWS Failing Endpoints  TPWS Total Endpoints  
    -------      -------  ---------------------  -------------------      -------      -------  ---------------------  -------------------     --------     --------  ----------------------  --------------------  
      0.357        0.000                      0                 9413        0.124        0.000                      0                 9413        4.500        0.000                       0                  4735  


All user specified timing constraints are met.


------------------------------------------------------------------------------------------------
| Clock Summary
| -------------
------------------------------------------------------------------------------------------------

Clock          Waveform(ns)       Period(ns)      Frequency(MHz)
-----          ------------       ----------      --------------
estimator_clk  {0.000 5.000}      10.000          100.000         


------------------------------------------------------------------------------------------------
| Intra Clock Table
| -----------------
------------------------------------------------------------------------------------------------

Clock              WNS(ns)      TNS(ns)  TNS Failing Endpoints  TNS Total Endpoints      WHS(ns)      THS(ns)  THS Failing Endpoints  THS Total Endpoints     WPWS(ns)     TPWS(ns)  TPWS Failing Endpoints  TPWS Total Endpoints  
-----              -------      -------  ---------------------  -------------------      -------      -------  ---------------------  -------------------     --------     --------  ----------------------  --------------------  
estimator_clk        0.357        0.000                      0                 9413        0.124        0.000                      0                 9413        4.500        0.000                       0                  4735  


------------------------------------------------------------------------------------------------
| Inter Clock Table
| -----------------
------------------------------------------------------------------------------------------------

From Clock    To Clock          WNS(ns)      TNS(ns)  TNS Failing Endpoints  TNS Total Endpoints      WHS(ns)      THS(ns)  THS Failing Endpoints  THS Total Endpoints  
----------    --------          -------      -------  ---------------------  -------------------      -------      -------  ---------------------  -------------------  


------------------------------------------------------------------------------------------------
| Other Path Groups Table
| -----------------------
------------------------------------------------------------------------------------------------

Path Group    From Clock    To Clock          WNS(ns)      TNS(ns)  TNS Failing Endpoints  TNS Total Endpoints      WHS(ns)      THS(ns)  THS Failing Endpoints  THS Total Endpoints  
----------    ----------    --------          -------      -------  ---------------------  -------------------      -------      -------  ---------------------  -------------------  


------------------------------------------------------------------------------------------------
| Timing Details
| --------------
------------------------------------------------------------------------------------------------


---------------------------------------------------------------------------------------------------
From Clock:  estimator_clk
  To Clock:  estimator_clk

Setup :            0  Failing Endpoints,  Worst Slack        0.357ns,  Total Violation        0.000ns
Hold  :            0  Failing Endpoints,  Worst Slack        0.124ns,  Total Violation        0.000ns
PW    :            0  Failing Endpoints,  Worst Slack        4.500ns,  Total Violation        0.000ns
---------------------------------------------------------------------------------------------------


Max Delay Paths
--------------------------------------------------------------------------------------
Slack (MET) :             0.357ns  (required time - arrival time)
  Source:                 u_engine/u_mul_mac_pipeline/stage3_mac_sum_reg[0]/C
                            (rising edge-triggered cell FDCE clocked by estimator_clk  {rise@0.000ns fall@5.000ns period=10.000ns})
  Destination:            u_engine/matrix_temp_reg[1][12]/D
                            (rising edge-triggered cell FDCE clocked by estimator_clk  {rise@0.000ns fall@5.000ns period=10.000ns})
  Path Group:             estimator_clk
  Path Type:              Setup (Max at Slow Process Corner)
  Requirement:            10.000ns  (estimator_clk rise@10.000ns - estimator_clk rise@0.000ns)
  Data Path Delay:        9.456ns  (logic 5.197ns (54.960%)  route 4.259ns (45.039%))
  Logic Levels:           20  (CARRY4=16 LUT1=2 LUT5=2)
  Clock Path Skew:        -0.049ns (DCD - SCD + CPR)
    Destination Clock Delay (DCD):    0.924ns = ( 10.924 - 10.000 ) 
    Source Clock Delay      (SCD):    0.973ns
    Clock Pessimism Removal (CPR):    0.000ns
  Clock Uncertainty:      0.035ns  ((TSJ^2 + TIJ^2)^1/2 + DJ) / 2 + PE
    Total System Jitter     (TSJ):    0.071ns
    Total Input Jitter      (TIJ):    0.000ns
    Discrete Jitter          (DJ):    0.000ns
    Phase Error              (PE):    0.000ns

    Location             Delay type                Incr(ns)  Path(ns)    Netlist Resource(s)
  -------------------------------------------------------------------    -------------------
                         (clock estimator_clk rise edge)
                                                      0.000     0.000 r  
                                                      0.000     0.000 r  clk (IN)
                         net (fo=4734, unset)         0.973     0.973    u_engine/u_mul_mac_pipeline/clk
    SLICE_X74Y7          FDCE                                         r  u_engine/u_mul_mac_pipeline/stage3_mac_sum_reg[0]/C
  -------------------------------------------------------------------    -------------------
    SLICE_X74Y7          FDCE (Prop_fdce_C_Q)         0.456     1.429 f  u_engine/u_mul_mac_pipeline/stage3_mac_sum_reg[0]/Q
                         net (fo=4, routed)           0.314     1.743    u_engine/u_mul_mac_pipeline/Q[0]
    SLICE_X74Y6          LUT1 (Prop_lut1_I0_O)        0.124     1.867 r  u_engine/u_mul_mac_pipeline/state_predict[2][0]_i_18/O
                         net (fo=1, routed)           0.330     2.197    u_engine/u_mul_mac_pipeline/state_predict[2][0]_i_18_n_0
    SLICE_X75Y7          CARRY4 (Prop_carry4_CYINIT_CO[3])
                                                      0.580     2.777 r  u_engine/u_mul_mac_pipeline/state_predict_reg[2][0]_i_13/CO[3]
                         net (fo=1, routed)           0.000     2.777    u_engine/u_mul_mac_pipeline/state_predict_reg[2][0]_i_13_n_0
    SLICE_X75Y8          CARRY4 (Prop_carry4_CI_CO[3])
                                                      0.114     2.891 r  u_engine/u_mul_mac_pipeline/state_predict_reg[2][0]_i_8/CO[3]
                         net (fo=1, routed)           0.000     2.891    u_engine/u_mul_mac_pipeline/state_predict_reg[2][0]_i_8_n_0
    SLICE_X75Y9          CARRY4 (Prop_carry4_CI_CO[3])
                                                      0.114     3.005 r  u_engine/u_mul_mac_pipeline/state_predict_reg[2][0]_i_3/CO[3]
                         net (fo=1, routed)           0.000     3.005    u_engine/u_mul_mac_pipeline/state_predict_reg[2][0]_i_3_n_0
    SLICE_X75Y10         CARRY4 (Prop_carry4_CI_CO[3])
                                                      0.114     3.119 r  u_engine/u_mul_mac_pipeline/state_predict_reg[2][0]_i_2/CO[3]
                         net (fo=1, routed)           0.000     3.119    u_engine/u_mul_mac_pipeline/state_predict_reg[2][0]_i_2_n_0
    SLICE_X75Y11         CARRY4 (Prop_carry4_CI_CO[3])
                                                      0.114     3.233 r  u_engine/u_mul_mac_pipeline/state_predict_reg[2][4]_i_8/CO[3]
                         net (fo=1, routed)           0.000     3.233    u_engine/u_mul_mac_pipeline/state_predict_reg[2][4]_i_8_n_0
    SLICE_X75Y12         CARRY4 (Prop_carry4_CI_CO[3])
                                                      0.114     3.347 r  u_engine/u_mul_mac_pipeline/state_predict_reg[2][8]_i_7/CO[3]
                         net (fo=1, routed)           0.000     3.347    u_engine/u_mul_mac_pipeline/state_predict_reg[2][8]_i_7_n_0
    SLICE_X75Y13         CARRY4 (Prop_carry4_CI_CO[3])
                                                      0.114     3.461 r  u_engine/u_mul_mac_pipeline/state_predict_reg[2][12]_i_7/CO[3]
                         net (fo=1, routed)           0.000     3.461    u_engine/u_mul_mac_pipeline/state_predict_reg[2][12]_i_7_n_0
    SLICE_X75Y14         CARRY4 (Prop_carry4_CI_CO[3])
                                                      0.114     3.575 r  u_engine/u_mul_mac_pipeline/state_predict_reg[2][16]_i_7/CO[3]
                         net (fo=1, routed)           0.000     3.575    u_engine/u_mul_mac_pipeline/state_predict_reg[2][16]_i_7_n_0
    SLICE_X75Y15         CARRY4 (Prop_carry4_CI_CO[3])
                                                      0.114     3.689 r  u_engine/u_mul_mac_pipeline/state_predict_reg[2][20]_i_7/CO[3]
                         net (fo=1, routed)           0.000     3.689    u_engine/u_mul_mac_pipeline/state_predict_reg[2][20]_i_7_n_0
    SLICE_X75Y16         CARRY4 (Prop_carry4_CI_CO[3])
                                                      0.114     3.803 r  u_engine/u_mul_mac_pipeline/state_predict_reg[2][23]_i_25/CO[3]
                         net (fo=1, routed)           0.000     3.803    u_engine/u_mul_mac_pipeline/state_predict_reg[2][23]_i_25_n_0
    SLICE_X75Y17         CARRY4 (Prop_carry4_CI_O[1])
                                                      0.334     4.137 f  u_engine/u_mul_mac_pipeline/state_predict_reg[2][23]_i_95/O[1]
                         net (fo=1, routed)           0.700     4.836    u_engine_n_96
    SLICE_X77Y15         LUT1 (Prop_lut1_I0_O)        0.303     5.139 r  state_predict[2][23]_i_93/O
                         net (fo=1, routed)           0.000     5.139    state_predict[2][23]_i_93_n_0
    SLICE_X77Y15         CARRY4 (Prop_carry4_S[1]_CO[3])
                                                      0.550     5.689 r  state_predict_reg[2][23]_i_76/CO[3]
                         net (fo=1, routed)           0.000     5.689    state_predict_reg[2][23]_i_76_n_0
    SLICE_X77Y16         CARRY4 (Prop_carry4_CI_O[1])
                                                      0.334     6.023 f  state_predict_reg[2][23]_i_56/O[1]
                         net (fo=4, routed)           0.820     6.843    u_engine/u_mul_mac_pipeline/state_predict_reg[2][23]_i_26_0[1]
    SLICE_X78Y17         LUT5 (Prop_lut5_I1_O)        0.303     7.146 r  u_engine/u_mul_mac_pipeline/state_predict[2][23]_i_66/O
                         net (fo=1, routed)           0.000     7.146    u_engine/u_mul_mac_pipeline/state_predict[2][23]_i_66_n_0
    SLICE_X78Y17         CARRY4 (Prop_carry4_S[0]_CO[3])
                                                      0.532     7.678 r  u_engine/u_mul_mac_pipeline/state_predict_reg[2][23]_i_37/CO[3]
                         net (fo=1, routed)           0.000     7.678    u_engine/u_mul_mac_pipeline/state_predict_reg[2][23]_i_37_n_0
    SLICE_X78Y18         CARRY4 (Prop_carry4_CI_CO[3])
                                                      0.114     7.792 r  u_engine/u_mul_mac_pipeline/state_predict_reg[2][23]_i_21/CO[3]
                         net (fo=1, routed)           0.000     7.792    u_engine/u_mul_mac_pipeline/state_predict_reg[2][23]_i_21_n_0
    SLICE_X78Y19         CARRY4 (Prop_carry4_CI_CO[2])
                                                      0.228     8.020 r  u_engine/u_mul_mac_pipeline/state_predict_reg[2][23]_i_9/CO[2]
                         net (fo=26, routed)          0.801     8.822    u_engine/u_mul_mac_pipeline/stage3_mac_sum_reg[49]_2[0]
    SLICE_X75Y20         LUT5 (Prop_lut5_I0_O)        0.313     9.135 r  u_engine/u_mul_mac_pipeline/state_predict[2][12]_i_1/O
                         net (fo=42, routed)          1.294    10.429    u_engine/pipe_rounded_mac[12]
    SLICE_X68Y29         FDCE                                         r  u_engine/matrix_temp_reg[1][12]/D
  -------------------------------------------------------------------    -------------------

                         (clock estimator_clk rise edge)
                                                     10.000    10.000 r  
                                                      0.000    10.000 r  clk (IN)
                         net (fo=4734, unset)         0.924    10.924    u_engine/clk
    SLICE_X68Y29         FDCE                                         r  u_engine/matrix_temp_reg[1][12]/C
                         clock pessimism              0.000    10.924    
                         clock uncertainty           -0.035    10.889    
    SLICE_X68Y29         FDCE (Setup_fdce_C_D)       -0.103    10.786    u_engine/matrix_temp_reg[1][12]
  -------------------------------------------------------------------
                         required time                         10.786    
                         arrival time                         -10.429    
  -------------------------------------------------------------------
                         slack                                  0.357    





Min Delay Paths
--------------------------------------------------------------------------------------
Slack (MET) :             0.124ns  (arrival time - required time)
  Source:                 u_engine/u_divider/dividend_input_reg_reg[26]/C
                            (rising edge-triggered cell FDCE clocked by estimator_clk  {rise@0.000ns fall@5.000ns period=10.000ns})
  Destination:            u_engine/u_divider/remaining_dividend_stage_a_reg[27]/D
                            (rising edge-triggered cell FDCE clocked by estimator_clk  {rise@0.000ns fall@5.000ns period=10.000ns})
  Path Group:             estimator_clk
  Path Type:              Hold (Min at Fast Process Corner)
  Requirement:            0.000ns  (estimator_clk rise@0.000ns - estimator_clk rise@0.000ns)
  Data Path Delay:        0.266ns  (logic 0.186ns (69.897%)  route 0.080ns (30.103%))
  Logic Levels:           1  (LUT3=1)
  Clock Path Skew:        0.022ns (DCD - SCD - CPR)
    Destination Clock Delay (DCD):    0.432ns
    Source Clock Delay      (SCD):    0.410ns
    Clock Pessimism Removal (CPR):    -0.000ns

    Location             Delay type                Incr(ns)  Path(ns)    Netlist Resource(s)
  -------------------------------------------------------------------    -------------------
                         (clock estimator_clk rise edge)
                                                      0.000     0.000 r  
                                                      0.000     0.000 r  clk (IN)
                         net (fo=4734, unset)         0.410     0.410    u_engine/u_divider/clk
    SLICE_X37Y22         FDCE                                         r  u_engine/u_divider/dividend_input_reg_reg[26]/C
  -------------------------------------------------------------------    -------------------
    SLICE_X37Y22         FDCE (Prop_fdce_C_Q)         0.141     0.551 r  u_engine/u_divider/dividend_input_reg_reg[26]/Q
                         net (fo=1, routed)           0.080     0.631    u_engine/u_divider/dividend_input_reg_reg_n_0_[26]
    SLICE_X36Y22         LUT3 (Prop_lut3_I0_O)        0.045     0.676 r  u_engine/u_divider/remaining_dividend_stage_a[27]_i_1/O
                         net (fo=1, routed)           0.000     0.676    u_engine/u_divider/p_0_in[27]
    SLICE_X36Y22         FDCE                                         r  u_engine/u_divider/remaining_dividend_stage_a_reg[27]/D
  -------------------------------------------------------------------    -------------------

                         (clock estimator_clk rise edge)
                                                      0.000     0.000 r  
                                                      0.000     0.000 r  clk (IN)
                         net (fo=4734, unset)         0.432     0.432    u_engine/u_divider/clk
    SLICE_X36Y22         FDCE                                         r  u_engine/u_divider/remaining_dividend_stage_a_reg[27]/C
                         clock pessimism              0.000     0.432    
    SLICE_X36Y22         FDCE (Hold_fdce_C_D)         0.121     0.553    u_engine/u_divider/remaining_dividend_stage_a_reg[27]
  -------------------------------------------------------------------
                         required time                         -0.553    
                         arrival time                           0.676    
  -------------------------------------------------------------------
                         slack                                  0.124    





Pulse Width Checks
--------------------------------------------------------------------------------------
Clock Name:         estimator_clk
Waveform(ns):       { 0.000 5.000 }
Period(ns):         10.000
Sources:            { clk }

Check Type        Corner  Lib Pin             Reference Pin  Required(ns)  Actual(ns)  Slack(ns)  Location      Pin
Min Period        n/a     RAMB36E1/CLKARDCLK  n/a            2.576         10.000      7.424      RAMB36_X2Y2   u_engine/u_arcsine_cov_lut/y_reg_0/CLKARDCLK
Low Pulse Width   Fast    FDCE/C              n/a            0.500         5.000       4.500      SLICE_X78Y29  u_engine/cov_predict_reg[5][12]/C
High Pulse Width  Slow    FDCE/C              n/a            0.500         5.000       4.500      SLICE_X78Y29  u_engine/cov_predict_reg[5][12]/C



