Copyright 1986-2020 Xilinx, Inc. All Rights Reserved.
----------------------------------------------------------------------------------------------------------------------
| Tool Version : Vivado v.2020.2 (win64) Build 3064766 Wed Nov 18 09:12:45 MST 2020
| Date         : Sun Aug 30 19:54:19 2026
| Host         : REDACTED
| Command      : check_timing -verbose -file <USER_HOME>/Verilog/Pipelined_BKF/rbkf_l8/check_timing_post_route.rpt
| Design       : rbkf_core
| Device       : 7z020-clg400
| Speed File   : -1  PRODUCTION 1.12 2019-11-22
----------------------------------------------------------------------------------------------------------------------


check_timing report

Table of Contents
-----------------
1. checking no_clock (0)
2. checking constant_clock (0)
3. checking pulse_width_clock (0)
4. checking unconstrained_internal_endpoints (0)
5. checking no_input_delay (534)
6. checking no_output_delay (376)
7. checking multiple_clock (0)
8. checking generated_clocks (0)
9. checking loops (0)
10. checking partial_input_delay (0)
11. checking partial_output_delay (0)
12. checking latch_loops (0)

1. checking no_clock (0)
------------------------
 There are 0 register/latch pins with no clock.


2. checking constant_clock (0)
------------------------------
 There are 0 register/latch pins with constant_clock.


3. checking pulse_width_clock (0)
---------------------------------
 There are 0 register/latch pins which need pulse_width check


4. checking unconstrained_internal_endpoints (0)
------------------------------------------------
 There are 0 pins that are not constrained for maximum delay.

 There are 0 pins that are not constrained for maximum delay due to constant clock.


5. checking no_input_delay (534)
--------------------------------
 There are 534 input ports with no input delay specified. (HIGH)

branch_observation_bits[0]
branch_observation_bits[10]
branch_observation_bits[11]
branch_observation_bits[12]
branch_observation_bits[13]
branch_observation_bits[14]
branch_observation_bits[15]
branch_observation_bits[16]
branch_observation_bits[17]
branch_observation_bits[18]
branch_observation_bits[19]
branch_observation_bits[1]
branch_observation_bits[20]
branch_observation_bits[21]
branch_observation_bits[22]
branch_observation_bits[23]
branch_observation_bits[2]
branch_observation_bits[3]
branch_observation_bits[4]
branch_observation_bits[5]
branch_observation_bits[6]
branch_observation_bits[7]
branch_observation_bits[8]
branch_observation_bits[9]
cfg_cov_flat[0]
cfg_cov_flat[100]
cfg_cov_flat[101]
cfg_cov_flat[102]
cfg_cov_flat[103]
cfg_cov_flat[104]
cfg_cov_flat[105]
cfg_cov_flat[106]
cfg_cov_flat[107]
cfg_cov_flat[108]
cfg_cov_flat[109]
cfg_cov_flat[10]
cfg_cov_flat[110]
cfg_cov_flat[111]
cfg_cov_flat[112]
cfg_cov_flat[113]
cfg_cov_flat[114]
cfg_cov_flat[115]
cfg_cov_flat[116]
cfg_cov_flat[117]
cfg_cov_flat[118]
cfg_cov_flat[119]
cfg_cov_flat[11]
cfg_cov_flat[120]
cfg_cov_flat[121]
cfg_cov_flat[122]
cfg_cov_flat[123]
cfg_cov_flat[124]
cfg_cov_flat[125]
cfg_cov_flat[126]
cfg_cov_flat[127]
cfg_cov_flat[128]
cfg_cov_flat[129]
cfg_cov_flat[12]
cfg_cov_flat[130]
cfg_cov_flat[131]
cfg_cov_flat[132]
cfg_cov_flat[133]
cfg_cov_flat[134]
cfg_cov_flat[135]
cfg_cov_flat[136]
cfg_cov_flat[137]
cfg_cov_flat[138]
cfg_cov_flat[139]
cfg_cov_flat[13]
cfg_cov_flat[140]
cfg_cov_flat[141]
cfg_cov_flat[142]
cfg_cov_flat[143]
cfg_cov_flat[144]
cfg_cov_flat[145]
cfg_cov_flat[146]
cfg_cov_flat[147]
cfg_cov_flat[148]
cfg_cov_flat[149]
cfg_cov_flat[14]
cfg_cov_flat[150]
cfg_cov_flat[151]
cfg_cov_flat[152]
cfg_cov_flat[153]
cfg_cov_flat[154]
cfg_cov_flat[155]
cfg_cov_flat[156]
cfg_cov_flat[157]
cfg_cov_flat[158]
cfg_cov_flat[159]
cfg_cov_flat[15]
cfg_cov_flat[160]
cfg_cov_flat[161]
cfg_cov_flat[162]
cfg_cov_flat[163]
cfg_cov_flat[164]
cfg_cov_flat[165]
cfg_cov_flat[166]
cfg_cov_flat[167]
cfg_cov_flat[168]
cfg_cov_flat[169]
cfg_cov_flat[16]
cfg_cov_flat[170]
cfg_cov_flat[171]
cfg_cov_flat[172]
cfg_cov_flat[173]
cfg_cov_flat[174]
cfg_cov_flat[175]
cfg_cov_flat[176]
cfg_cov_flat[177]
cfg_cov_flat[178]
cfg_cov_flat[179]
cfg_cov_flat[17]
cfg_cov_flat[180]
cfg_cov_flat[181]
cfg_cov_flat[182]
cfg_cov_flat[183]
cfg_cov_flat[184]
cfg_cov_flat[185]
cfg_cov_flat[186]
cfg_cov_flat[187]
cfg_cov_flat[188]
cfg_cov_flat[189]
cfg_cov_flat[18]
cfg_cov_flat[190]
cfg_cov_flat[191]
cfg_cov_flat[192]
cfg_cov_flat[193]
cfg_cov_flat[194]
cfg_cov_flat[195]
cfg_cov_flat[196]
cfg_cov_flat[197]
cfg_cov_flat[198]
cfg_cov_flat[199]
cfg_cov_flat[19]
cfg_cov_flat[1]
cfg_cov_flat[200]
cfg_cov_flat[201]
cfg_cov_flat[202]
cfg_cov_flat[203]
cfg_cov_flat[204]
cfg_cov_flat[205]
cfg_cov_flat[206]
cfg_cov_flat[207]
cfg_cov_flat[208]
cfg_cov_flat[209]
cfg_cov_flat[20]
cfg_cov_flat[210]
cfg_cov_flat[211]
cfg_cov_flat[212]
cfg_cov_flat[213]
cfg_cov_flat[214]
cfg_cov_flat[215]
cfg_cov_flat[21]
cfg_cov_flat[22]
cfg_cov_flat[23]
cfg_cov_flat[24]
cfg_cov_flat[25]
cfg_cov_flat[26]
cfg_cov_flat[27]
cfg_cov_flat[28]
cfg_cov_flat[29]
cfg_cov_flat[2]
cfg_cov_flat[30]
cfg_cov_flat[31]
cfg_cov_flat[32]
cfg_cov_flat[33]
cfg_cov_flat[34]
cfg_cov_flat[35]
cfg_cov_flat[36]
cfg_cov_flat[37]
cfg_cov_flat[38]
cfg_cov_flat[39]
cfg_cov_flat[3]
cfg_cov_flat[40]
cfg_cov_flat[41]
cfg_cov_flat[42]
cfg_cov_flat[43]
cfg_cov_flat[44]
cfg_cov_flat[45]
cfg_cov_flat[46]
cfg_cov_flat[47]
cfg_cov_flat[48]
cfg_cov_flat[49]
cfg_cov_flat[4]
cfg_cov_flat[50]
cfg_cov_flat[51]
cfg_cov_flat[52]
cfg_cov_flat[53]
cfg_cov_flat[54]
cfg_cov_flat[55]
cfg_cov_flat[56]
cfg_cov_flat[57]
cfg_cov_flat[58]
cfg_cov_flat[59]
cfg_cov_flat[5]
cfg_cov_flat[60]
cfg_cov_flat[61]
cfg_cov_flat[62]
cfg_cov_flat[63]
cfg_cov_flat[64]
cfg_cov_flat[65]
cfg_cov_flat[66]
cfg_cov_flat[67]
cfg_cov_flat[68]
cfg_cov_flat[69]
cfg_cov_flat[6]
cfg_cov_flat[70]
cfg_cov_flat[71]
cfg_cov_flat[72]
cfg_cov_flat[73]
cfg_cov_flat[74]
cfg_cov_flat[75]
cfg_cov_flat[76]
cfg_cov_flat[77]
cfg_cov_flat[78]
cfg_cov_flat[79]
cfg_cov_flat[7]
cfg_cov_flat[80]
cfg_cov_flat[81]
cfg_cov_flat[82]
cfg_cov_flat[83]
cfg_cov_flat[84]
cfg_cov_flat[85]
cfg_cov_flat[86]
cfg_cov_flat[87]
cfg_cov_flat[88]
cfg_cov_flat[89]
cfg_cov_flat[8]
cfg_cov_flat[90]
cfg_cov_flat[91]
cfg_cov_flat[92]
cfg_cov_flat[93]
cfg_cov_flat[94]
cfg_cov_flat[95]
cfg_cov_flat[96]
cfg_cov_flat[97]
cfg_cov_flat[98]
cfg_cov_flat[99]
cfg_cov_flat[9]
cfg_state_flat[0]
cfg_state_flat[10]
cfg_state_flat[11]
cfg_state_flat[12]
cfg_state_flat[13]
cfg_state_flat[14]
cfg_state_flat[15]
cfg_state_flat[16]
cfg_state_flat[17]
cfg_state_flat[18]
cfg_state_flat[19]
cfg_state_flat[1]
cfg_state_flat[20]
cfg_state_flat[21]
cfg_state_flat[22]
cfg_state_flat[23]
cfg_state_flat[24]
cfg_state_flat[25]
cfg_state_flat[26]
cfg_state_flat[27]
cfg_state_flat[28]
cfg_state_flat[29]
cfg_state_flat[2]
cfg_state_flat[30]
cfg_state_flat[31]
cfg_state_flat[32]
cfg_state_flat[33]
cfg_state_flat[34]
cfg_state_flat[35]
cfg_state_flat[36]
cfg_state_flat[37]
cfg_state_flat[38]
cfg_state_flat[39]
cfg_state_flat[3]
cfg_state_flat[40]
cfg_state_flat[41]
cfg_state_flat[42]
cfg_state_flat[43]
cfg_state_flat[44]
cfg_state_flat[45]
cfg_state_flat[46]
cfg_state_flat[47]
cfg_state_flat[48]
cfg_state_flat[49]
cfg_state_flat[4]
cfg_state_flat[50]
cfg_state_flat[51]
cfg_state_flat[52]
cfg_state_flat[53]
cfg_state_flat[54]
cfg_state_flat[55]
cfg_state_flat[56]
cfg_state_flat[57]
cfg_state_flat[58]
cfg_state_flat[59]
cfg_state_flat[5]
cfg_state_flat[60]
cfg_state_flat[61]
cfg_state_flat[62]
cfg_state_flat[63]
cfg_state_flat[64]
cfg_state_flat[65]
cfg_state_flat[66]
cfg_state_flat[67]
cfg_state_flat[68]
cfg_state_flat[69]
cfg_state_flat[6]
cfg_state_flat[70]
cfg_state_flat[71]
cfg_state_flat[7]
cfg_state_flat[8]
cfg_state_flat[9]
cfg_valid
f_input_flat[0]
f_input_flat[100]
f_input_flat[101]
f_input_flat[102]
f_input_flat[103]
f_input_flat[104]
f_input_flat[105]
f_input_flat[106]
f_input_flat[107]
f_input_flat[108]
f_input_flat[109]
f_input_flat[10]
f_input_flat[110]
f_input_flat[111]
f_input_flat[112]
f_input_flat[113]
f_input_flat[114]
f_input_flat[115]
f_input_flat[116]
f_input_flat[117]
f_input_flat[118]
f_input_flat[119]
f_input_flat[11]
f_input_flat[120]
f_input_flat[121]
f_input_flat[122]
f_input_flat[123]
f_input_flat[124]
f_input_flat[125]
f_input_flat[126]
f_input_flat[127]
f_input_flat[128]
f_input_flat[129]
f_input_flat[12]
f_input_flat[130]
f_input_flat[131]
f_input_flat[132]
f_input_flat[133]
f_input_flat[134]
f_input_flat[135]
f_input_flat[136]
f_input_flat[137]
f_input_flat[138]
f_input_flat[139]
f_input_flat[13]
f_input_flat[140]
f_input_flat[141]
f_input_flat[142]
f_input_flat[143]
f_input_flat[144]
f_input_flat[145]
f_input_flat[146]
f_input_flat[147]
f_input_flat[148]
f_input_flat[149]
f_input_flat[14]
f_input_flat[150]
f_input_flat[151]
f_input_flat[152]
f_input_flat[153]
f_input_flat[154]
f_input_flat[155]
f_input_flat[156]
f_input_flat[157]
f_input_flat[158]
f_input_flat[159]
f_input_flat[15]
f_input_flat[160]
f_input_flat[161]
f_input_flat[162]
f_input_flat[163]
f_input_flat[164]
f_input_flat[165]
f_input_flat[166]
f_input_flat[167]
f_input_flat[168]
f_input_flat[169]
f_input_flat[16]
f_input_flat[170]
f_input_flat[171]
f_input_flat[172]
f_input_flat[173]
f_input_flat[174]
f_input_flat[175]
f_input_flat[176]
f_input_flat[177]
f_input_flat[178]
f_input_flat[179]
f_input_flat[17]
f_input_flat[180]
f_input_flat[181]
f_input_flat[182]
f_input_flat[183]
f_input_flat[184]
f_input_flat[185]
f_input_flat[186]
f_input_flat[187]
f_input_flat[188]
f_input_flat[189]
f_input_flat[18]
f_input_flat[190]
f_input_flat[191]
f_input_flat[192]
f_input_flat[193]
f_input_flat[194]
f_input_flat[195]
f_input_flat[196]
f_input_flat[197]
f_input_flat[198]
f_input_flat[199]
f_input_flat[19]
f_input_flat[1]
f_input_flat[200]
f_input_flat[201]
f_input_flat[202]
f_input_flat[203]
f_input_flat[204]
f_input_flat[205]
f_input_flat[206]
f_input_flat[207]
f_input_flat[208]
f_input_flat[209]
f_input_flat[20]
f_input_flat[210]
f_input_flat[211]
f_input_flat[212]
f_input_flat[213]
f_input_flat[214]
f_input_flat[215]
f_input_flat[21]
f_input_flat[22]
f_input_flat[23]
f_input_flat[24]
f_input_flat[25]
f_input_flat[26]
f_input_flat[27]
f_input_flat[28]
f_input_flat[29]
f_input_flat[2]
f_input_flat[30]
f_input_flat[31]
f_input_flat[32]
f_input_flat[33]
f_input_flat[34]
f_input_flat[35]
f_input_flat[36]
f_input_flat[37]
f_input_flat[38]
f_input_flat[39]
f_input_flat[3]
f_input_flat[40]
f_input_flat[41]
f_input_flat[42]
f_input_flat[43]
f_input_flat[44]
f_input_flat[45]
f_input_flat[46]
f_input_flat[47]
f_input_flat[48]
f_input_flat[49]
f_input_flat[4]
f_input_flat[50]
f_input_flat[51]
f_input_flat[52]
f_input_flat[53]
f_input_flat[54]
f_input_flat[55]
f_input_flat[56]
f_input_flat[57]
f_input_flat[58]
f_input_flat[59]
f_input_flat[5]
f_input_flat[60]
f_input_flat[61]
f_input_flat[62]
f_input_flat[63]
f_input_flat[64]
f_input_flat[65]
f_input_flat[66]
f_input_flat[67]
f_input_flat[68]
f_input_flat[69]
f_input_flat[6]
f_input_flat[70]
f_input_flat[71]
f_input_flat[72]
f_input_flat[73]
f_input_flat[74]
f_input_flat[75]
f_input_flat[76]
f_input_flat[77]
f_input_flat[78]
f_input_flat[79]
f_input_flat[7]
f_input_flat[80]
f_input_flat[81]
f_input_flat[82]
f_input_flat[83]
f_input_flat[84]
f_input_flat[85]
f_input_flat[86]
f_input_flat[87]
f_input_flat[88]
f_input_flat[89]
f_input_flat[8]
f_input_flat[90]
f_input_flat[91]
f_input_flat[92]
f_input_flat[93]
f_input_flat[94]
f_input_flat[95]
f_input_flat[96]
f_input_flat[97]
f_input_flat[98]
f_input_flat[99]
f_input_flat[9]
model_valid
observation_valid
result_ready
rst_n
threshold_ready

 There are 0 input ports with no input delay but user has a false path constraint.


6. checking no_output_delay (376)
---------------------------------
 There are 376 ports with no output delay specified. (HIGH)

busy
cfg_ready
cov_out_flat[0]
cov_out_flat[100]
cov_out_flat[101]
cov_out_flat[102]
cov_out_flat[103]
cov_out_flat[104]
cov_out_flat[105]
cov_out_flat[106]
cov_out_flat[107]
cov_out_flat[108]
cov_out_flat[109]
cov_out_flat[10]
cov_out_flat[110]
cov_out_flat[111]
cov_out_flat[112]
cov_out_flat[113]
cov_out_flat[114]
cov_out_flat[115]
cov_out_flat[116]
cov_out_flat[117]
cov_out_flat[118]
cov_out_flat[119]
cov_out_flat[11]
cov_out_flat[120]
cov_out_flat[121]
cov_out_flat[122]
cov_out_flat[123]
cov_out_flat[124]
cov_out_flat[125]
cov_out_flat[126]
cov_out_flat[127]
cov_out_flat[128]
cov_out_flat[129]
cov_out_flat[12]
cov_out_flat[130]
cov_out_flat[131]
cov_out_flat[132]
cov_out_flat[133]
cov_out_flat[134]
cov_out_flat[135]
cov_out_flat[136]
cov_out_flat[137]
cov_out_flat[138]
cov_out_flat[139]
cov_out_flat[13]
cov_out_flat[140]
cov_out_flat[141]
cov_out_flat[142]
cov_out_flat[143]
cov_out_flat[144]
cov_out_flat[145]
cov_out_flat[146]
cov_out_flat[147]
cov_out_flat[148]
cov_out_flat[149]
cov_out_flat[14]
cov_out_flat[150]
cov_out_flat[151]
cov_out_flat[152]
cov_out_flat[153]
cov_out_flat[154]
cov_out_flat[155]
cov_out_flat[156]
cov_out_flat[157]
cov_out_flat[158]
cov_out_flat[159]
cov_out_flat[15]
cov_out_flat[160]
cov_out_flat[161]
cov_out_flat[162]
cov_out_flat[163]
cov_out_flat[164]
cov_out_flat[165]
cov_out_flat[166]
cov_out_flat[167]
cov_out_flat[168]
cov_out_flat[169]
cov_out_flat[16]
cov_out_flat[170]
cov_out_flat[171]
cov_out_flat[172]
cov_out_flat[173]
cov_out_flat[174]
cov_out_flat[175]
cov_out_flat[176]
cov_out_flat[177]
cov_out_flat[178]
cov_out_flat[179]
cov_out_flat[17]
cov_out_flat[180]
cov_out_flat[181]
cov_out_flat[182]
cov_out_flat[183]
cov_out_flat[184]
cov_out_flat[185]
cov_out_flat[186]
cov_out_flat[187]
cov_out_flat[188]
cov_out_flat[189]
cov_out_flat[18]
cov_out_flat[190]
cov_out_flat[191]
cov_out_flat[192]
cov_out_flat[193]
cov_out_flat[194]
cov_out_flat[195]
cov_out_flat[196]
cov_out_flat[197]
cov_out_flat[198]
cov_out_flat[199]
cov_out_flat[19]
cov_out_flat[1]
cov_out_flat[200]
cov_out_flat[201]
cov_out_flat[202]
cov_out_flat[203]
cov_out_flat[204]
cov_out_flat[205]
cov_out_flat[206]
cov_out_flat[207]
cov_out_flat[208]
cov_out_flat[209]
cov_out_flat[20]
cov_out_flat[210]
cov_out_flat[211]
cov_out_flat[212]
cov_out_flat[213]
cov_out_flat[214]
cov_out_flat[215]
cov_out_flat[21]
cov_out_flat[22]
cov_out_flat[23]
cov_out_flat[24]
cov_out_flat[25]
cov_out_flat[26]
cov_out_flat[27]
cov_out_flat[28]
cov_out_flat[29]
cov_out_flat[2]
cov_out_flat[30]
cov_out_flat[31]
cov_out_flat[32]
cov_out_flat[33]
cov_out_flat[34]
cov_out_flat[35]
cov_out_flat[36]
cov_out_flat[37]
cov_out_flat[38]
cov_out_flat[39]
cov_out_flat[3]
cov_out_flat[40]
cov_out_flat[41]
cov_out_flat[42]
cov_out_flat[43]
cov_out_flat[44]
cov_out_flat[45]
cov_out_flat[46]
cov_out_flat[47]
cov_out_flat[48]
cov_out_flat[49]
cov_out_flat[4]
cov_out_flat[50]
cov_out_flat[51]
cov_out_flat[52]
cov_out_flat[53]
cov_out_flat[54]
cov_out_flat[55]
cov_out_flat[56]
cov_out_flat[57]
cov_out_flat[58]
cov_out_flat[59]
cov_out_flat[5]
cov_out_flat[60]
cov_out_flat[61]
cov_out_flat[62]
cov_out_flat[63]
cov_out_flat[64]
cov_out_flat[65]
cov_out_flat[66]
cov_out_flat[67]
cov_out_flat[68]
cov_out_flat[69]
cov_out_flat[6]
cov_out_flat[70]
cov_out_flat[71]
cov_out_flat[72]
cov_out_flat[73]
cov_out_flat[74]
cov_out_flat[75]
cov_out_flat[76]
cov_out_flat[77]
cov_out_flat[78]
cov_out_flat[79]
cov_out_flat[7]
cov_out_flat[80]
cov_out_flat[81]
cov_out_flat[82]
cov_out_flat[83]
cov_out_flat[84]
cov_out_flat[85]
cov_out_flat[86]
cov_out_flat[87]
cov_out_flat[88]
cov_out_flat[89]
cov_out_flat[8]
cov_out_flat[90]
cov_out_flat[91]
cov_out_flat[92]
cov_out_flat[93]
cov_out_flat[94]
cov_out_flat[95]
cov_out_flat[96]
cov_out_flat[97]
cov_out_flat[98]
cov_out_flat[99]
cov_out_flat[9]
done
fsm_state[0]
fsm_state[1]
fsm_state[2]
fsm_state[3]
fsm_state[4]
fsm_state[5]
model_ready
numeric_error
observation_ready
overflow_flag
result_valid
solver_error
state_out_flat[0]
state_out_flat[10]
state_out_flat[11]
state_out_flat[12]
state_out_flat[13]
state_out_flat[14]
state_out_flat[15]
state_out_flat[16]
state_out_flat[17]
state_out_flat[18]
state_out_flat[19]
state_out_flat[1]
state_out_flat[20]
state_out_flat[21]
state_out_flat[22]
state_out_flat[23]
state_out_flat[24]
state_out_flat[25]
state_out_flat[26]
state_out_flat[27]
state_out_flat[28]
state_out_flat[29]
state_out_flat[2]
state_out_flat[30]
state_out_flat[31]
state_out_flat[32]
state_out_flat[33]
state_out_flat[34]
state_out_flat[35]
state_out_flat[36]
state_out_flat[37]
state_out_flat[38]
state_out_flat[39]
state_out_flat[3]
state_out_flat[40]
state_out_flat[41]
state_out_flat[42]
state_out_flat[43]
state_out_flat[44]
state_out_flat[45]
state_out_flat[46]
state_out_flat[47]
state_out_flat[48]
state_out_flat[49]
state_out_flat[4]
state_out_flat[50]
state_out_flat[51]
state_out_flat[52]
state_out_flat[53]
state_out_flat[54]
state_out_flat[55]
state_out_flat[56]
state_out_flat[57]
state_out_flat[58]
state_out_flat[59]
state_out_flat[5]
state_out_flat[60]
state_out_flat[61]
state_out_flat[62]
state_out_flat[63]
state_out_flat[64]
state_out_flat[65]
state_out_flat[66]
state_out_flat[67]
state_out_flat[68]
state_out_flat[69]
state_out_flat[6]
state_out_flat[70]
state_out_flat[71]
state_out_flat[7]
state_out_flat[8]
state_out_flat[9]
threshold_flat[0]
threshold_flat[10]
threshold_flat[11]
threshold_flat[12]
threshold_flat[13]
threshold_flat[14]
threshold_flat[15]
threshold_flat[16]
threshold_flat[17]
threshold_flat[18]
threshold_flat[19]
threshold_flat[1]
threshold_flat[20]
threshold_flat[21]
threshold_flat[22]
threshold_flat[23]
threshold_flat[24]
threshold_flat[25]
threshold_flat[26]
threshold_flat[27]
threshold_flat[28]
threshold_flat[29]
threshold_flat[2]
threshold_flat[30]
threshold_flat[31]
threshold_flat[32]
threshold_flat[33]
threshold_flat[34]
threshold_flat[35]
threshold_flat[36]
threshold_flat[37]
threshold_flat[38]
threshold_flat[39]
threshold_flat[3]
threshold_flat[40]
threshold_flat[41]
threshold_flat[42]
threshold_flat[43]
threshold_flat[44]
threshold_flat[45]
threshold_flat[46]
threshold_flat[47]
threshold_flat[48]
threshold_flat[49]
threshold_flat[4]
threshold_flat[50]
threshold_flat[51]
threshold_flat[52]
threshold_flat[53]
threshold_flat[54]
threshold_flat[55]
threshold_flat[56]
threshold_flat[57]
threshold_flat[58]
threshold_flat[59]
threshold_flat[5]
threshold_flat[60]
threshold_flat[61]
threshold_flat[62]
threshold_flat[63]
threshold_flat[64]
threshold_flat[65]
threshold_flat[66]
threshold_flat[67]
threshold_flat[68]
threshold_flat[69]
threshold_flat[6]
threshold_flat[70]
threshold_flat[71]
threshold_flat[7]
threshold_flat[8]
threshold_flat[9]
threshold_valid

 There are 0 ports with no output delay but user has a false path constraint

 There are 0 ports with no output delay but with a timing clock defined on it or propagating through it


7. checking multiple_clock (0)
------------------------------
 There are 0 register/latch pins with multiple clocks.


8. checking generated_clocks (0)
--------------------------------
 There are 0 generated clocks that are not connected to a clock source.


9. checking loops (0)
---------------------
 There are 0 combinational loops in the design.


10. checking partial_input_delay (0)
------------------------------------
 There are 0 input ports with partial input delay specified.


11. checking partial_output_delay (0)
-------------------------------------
 There are 0 ports with partial output delay specified.


12. checking latch_loops (0)
----------------------------
 There are 0 combinational latch loops in the design through latch input


