Copyright 1986-2020 Xilinx, Inc. All Rights Reserved.
----------------------------------------------------------------------------------------------------------------
| Tool Version : Vivado v.2020.2 (win64) Build 3064766 Wed Nov 18 09:12:45 MST 2020
| Date         : Sun Aug 30 19:54:15 2026
| Host         : REDACTED
| Command      : report_timing_summary -file <USER_HOME>/Verilog/Pipelined_BKF/rbkf_l8/timing_post_route.rpt
| Design       : rbkf_core
| Device       : 7z020-clg400
| Speed File   : -1  PRODUCTION 1.12 2019-11-22
----------------------------------------------------------------------------------------------------------------

Timing Summary Report

------------------------------------------------------------------------------------------------
| Timer Settings
| --------------
------------------------------------------------------------------------------------------------

  Enable Multi Corner Analysis               :  Yes
  Enable Pessimism Removal                   :  Yes
  Pessimism Removal Resolution               :  Nearest Common Node
  Enable Input Delay Default Clock           :  No
  Enable Preset / Clear Arcs                 :  No
  Disable Flight Delays                      :  No
  Ignore I/O Paths                           :  No
  Timing Early Launch at Borrowing Latches   :  No
  Borrow Time for Max Delay Exceptions       :  Yes
  Merge Timing Exceptions                    :  Yes

  Corner  Analyze    Analyze    
  Name    Max Paths  Min Paths  
  ------  ---------  ---------  
  Slow    Yes        Yes        
  Fast    Yes        Yes        



check_timing report

Table of Contents
-----------------
1. checking no_clock (0)
2. checking constant_clock (0)
3. checking pulse_width_clock (0)
4. checking unconstrained_internal_endpoints (0)
5. checking no_input_delay (534)
6. checking no_output_delay (376)
7. checking multiple_clock (0)
8. checking generated_clocks (0)
9. checking loops (0)
10. checking partial_input_delay (0)
11. checking partial_output_delay (0)
12. checking latch_loops (0)

1. checking no_clock (0)
------------------------
 There are 0 register/latch pins with no clock.


2. checking constant_clock (0)
------------------------------
 There are 0 register/latch pins with constant_clock.


3. checking pulse_width_clock (0)
---------------------------------
 There are 0 register/latch pins which need pulse_width check


4. checking unconstrained_internal_endpoints (0)
------------------------------------------------
 There are 0 pins that are not constrained for maximum delay.

 There are 0 pins that are not constrained for maximum delay due to constant clock.


5. checking no_input_delay (534)
--------------------------------
 There are 534 input ports with no input delay specified. (HIGH)

 There are 0 input ports with no input delay but user has a false path constraint.


6. checking no_output_delay (376)
---------------------------------
 There are 376 ports with no output delay specified. (HIGH)

 There are 0 ports with no output delay but user has a false path constraint

 There are 0 ports with no output delay but with a timing clock defined on it or propagating through it


7. checking multiple_clock (0)
------------------------------
 There are 0 register/latch pins with multiple clocks.


8. checking generated_clocks (0)
--------------------------------
 There are 0 generated clocks that are not connected to a clock source.


9. checking loops (0)
---------------------
 There are 0 combinational loops in the design.


10. checking partial_input_delay (0)
------------------------------------
 There are 0 input ports with partial input delay specified.


11. checking partial_output_delay (0)
-------------------------------------
 There are 0 ports with partial output delay specified.


12. checking latch_loops (0)
----------------------------
 There are 0 combinational latch loops in the design through latch input



------------------------------------------------------------------------------------------------
| Design Timing Summary
| ---------------------
------------------------------------------------------------------------------------------------

    WNS(ns)      TNS(ns)  TNS Failing Endpoints  TNS Total Endpoints      WHS(ns)      THS(ns)  THS Failing Endpoints  THS Total Endpoints     WPWS(ns)     TPWS(ns)  TPWS Failing Endpoints  TPWS Total Endpoints  
    -------      -------  ---------------------  -------------------      -------      -------  ---------------------  -------------------     --------     --------  ----------------------  --------------------  
     -3.419     -628.674                    975                 8020        0.153        0.000                      0                 8020        4.500        0.000                       0                  4046  


Timing constraints are not met.


------------------------------------------------------------------------------------------------
| Clock Summary
| -------------
------------------------------------------------------------------------------------------------

Clock          Waveform(ns)       Period(ns)      Frequency(MHz)
-----          ------------       ----------      --------------
estimator_clk  {0.000 5.000}      10.000          100.000         


------------------------------------------------------------------------------------------------
| Intra Clock Table
| -----------------
------------------------------------------------------------------------------------------------

Clock              WNS(ns)      TNS(ns)  TNS Failing Endpoints  TNS Total Endpoints      WHS(ns)      THS(ns)  THS Failing Endpoints  THS Total Endpoints     WPWS(ns)     TPWS(ns)  TPWS Failing Endpoints  TPWS Total Endpoints  
-----              -------      -------  ---------------------  -------------------      -------      -------  ---------------------  -------------------     --------     --------  ----------------------  --------------------  
estimator_clk       -3.419     -628.674                    975                 8020        0.153        0.000                      0                 8020        4.500        0.000                       0                  4046  


------------------------------------------------------------------------------------------------
| Inter Clock Table
| -----------------
------------------------------------------------------------------------------------------------

From Clock    To Clock          WNS(ns)      TNS(ns)  TNS Failing Endpoints  TNS Total Endpoints      WHS(ns)      THS(ns)  THS Failing Endpoints  THS Total Endpoints  
----------    --------          -------      -------  ---------------------  -------------------      -------      -------  ---------------------  -------------------  


------------------------------------------------------------------------------------------------
| Other Path Groups Table
| -----------------------
------------------------------------------------------------------------------------------------

Path Group    From Clock    To Clock          WNS(ns)      TNS(ns)  TNS Failing Endpoints  TNS Total Endpoints      WHS(ns)      THS(ns)  THS Failing Endpoints  THS Total Endpoints  
----------    ----------    --------          -------      -------  ---------------------  -------------------      -------      -------  ---------------------  -------------------  


------------------------------------------------------------------------------------------------
| Timing Details
| --------------
------------------------------------------------------------------------------------------------


---------------------------------------------------------------------------------------------------
From Clock:  estimator_clk
  To Clock:  estimator_clk

Setup :          975  Failing Endpoints,  Worst Slack       -3.419ns,  Total Violation     -628.674ns
Hold  :            0  Failing Endpoints,  Worst Slack        0.153ns,  Total Violation        0.000ns
PW    :            0  Failing Endpoints,  Worst Slack        4.500ns,  Total Violation        0.000ns
---------------------------------------------------------------------------------------------------


Max Delay Paths
--------------------------------------------------------------------------------------
Slack (VIOLATED) :        -3.419ns  (required time - arrival time)
  Source:                 u_engine/u_divider/dividend_reg_reg[20]/C
                            (rising edge-triggered cell FDCE clocked by estimator_clk  {rise@0.000ns fall@5.000ns period=10.000ns})
  Destination:            u_engine/u_divider/quotient_reg[9]/D
                            (rising edge-triggered cell FDCE clocked by estimator_clk  {rise@0.000ns fall@5.000ns period=10.000ns})
  Path Group:             estimator_clk
  Path Type:              Setup (Max at Slow Process Corner)
  Requirement:            10.000ns  (estimator_clk rise@10.000ns - estimator_clk rise@0.000ns)
  Data Path Delay:        13.367ns  (logic 6.637ns (49.653%)  route 6.730ns (50.347%))
  Logic Levels:           32  (CARRY4=23 LUT4=3 LUT5=2 LUT6=4)
  Clock Path Skew:        -0.049ns (DCD - SCD + CPR)
    Destination Clock Delay (DCD):    0.924ns = ( 10.924 - 10.000 ) 
    Source Clock Delay      (SCD):    0.973ns
    Clock Pessimism Removal (CPR):    0.000ns
  Clock Uncertainty:      0.035ns  ((TSJ^2 + TIJ^2)^1/2 + DJ) / 2 + PE
    Total System Jitter     (TSJ):    0.071ns
    Total Input Jitter      (TIJ):    0.000ns
    Discrete Jitter          (DJ):    0.000ns
    Phase Error              (PE):    0.000ns

    Location             Delay type                Incr(ns)  Path(ns)    Netlist Resource(s)
  -------------------------------------------------------------------    -------------------
                         (clock estimator_clk rise edge)
                                                      0.000     0.000 r  
                                                      0.000     0.000 r  clk (IN)
                         net (fo=4045, unset)         0.973     0.973    u_engine/u_divider/clk
    SLICE_X41Y125        FDCE                                         r  u_engine/u_divider/dividend_reg_reg[20]/C
  -------------------------------------------------------------------    -------------------
    SLICE_X41Y125        FDCE (Prop_fdce_C_Q)         0.419     1.392 f  u_engine/u_divider/dividend_reg_reg[20]/Q
                         net (fo=1, routed)           0.816     2.208    u_engine/u_divider/dividend_reg_reg_n_0_[20]
    SLICE_X42Y126        LUT6 (Prop_lut6_I2_O)        0.296     2.504 f  u_engine/u_divider/remainder_reg[0]_i_8/O
                         net (fo=1, routed)           0.580     3.084    u_engine/u_divider/remainder_reg[0]_i_8_n_0
    SLICE_X43Y125        LUT6 (Prop_lut6_I0_O)        0.124     3.208 r  u_engine/u_divider/remainder_reg[0]_i_5/O
                         net (fo=2, routed)           0.409     3.617    u_engine/u_divider/remainder_reg[0]_i_5_n_0
    SLICE_X41Y125        LUT6 (Prop_lut6_I5_O)        0.124     3.741 r  u_engine/u_divider/remainder_reg[0]_i_2/O
                         net (fo=5, routed)           0.421     4.162    u_engine/u_divider/remainder_reg[0]_i_2_n_0
    SLICE_X41Y126        LUT4 (Prop_lut4_I0_O)        0.124     4.286 r  u_engine/u_divider/remainder_reg[40]_i_52/O
                         net (fo=1, routed)           0.000     4.286    u_engine/u_divider/remainder_reg[40]_i_52_n_0
    SLICE_X41Y126        CARRY4 (Prop_carry4_S[0]_CO[3])
                                                      0.532     4.818 r  u_engine/u_divider/remainder_reg_reg[40]_i_36/CO[3]
                         net (fo=1, routed)           0.000     4.818    u_engine/u_divider/remainder_reg_reg[40]_i_36_n_0
    SLICE_X41Y127        CARRY4 (Prop_carry4_CI_CO[3])
                                                      0.114     4.932 r  u_engine/u_divider/remainder_reg_reg[40]_i_27/CO[3]
                         net (fo=1, routed)           0.000     4.932    u_engine/u_divider/remainder_reg_reg[40]_i_27_n_0
    SLICE_X41Y128        CARRY4 (Prop_carry4_CI_CO[3])
                                                      0.114     5.046 r  u_engine/u_divider/remainder_reg_reg[40]_i_18/CO[3]
                         net (fo=1, routed)           0.000     5.046    u_engine/u_divider/remainder_reg_reg[40]_i_18_n_0
    SLICE_X41Y129        CARRY4 (Prop_carry4_CI_CO[3])
                                                      0.114     5.160 r  u_engine/u_divider/remainder_reg_reg[40]_i_9/CO[3]
                         net (fo=1, routed)           0.000     5.160    u_engine/u_divider/remainder_reg_reg[40]_i_9_n_0
    SLICE_X41Y130        CARRY4 (Prop_carry4_CI_CO[3])
                                                      0.114     5.274 r  u_engine/u_divider/remainder_reg_reg[40]_i_5/CO[3]
                         net (fo=1, routed)           0.000     5.274    u_engine/u_divider/remainder_reg_reg[40]_i_5_n_0
    SLICE_X41Y131        CARRY4 (Prop_carry4_CI_CO[0])
                                                      0.271     5.545 r  u_engine/u_divider/remainder_reg_reg[40]_i_3/CO[0]
                         net (fo=148, routed)         1.029     6.574    u_engine/u_divider/remainder_next1
    SLICE_X39Y128        LUT5 (Prop_lut5_I1_O)        0.373     6.947 r  u_engine/u_divider/quotient[3]_i_58/O
                         net (fo=1, routed)           0.000     6.947    u_engine/u_divider/quotient[3]_i_58_n_0
    SLICE_X39Y128        CARRY4 (Prop_carry4_S[0]_CO[3])
                                                      0.532     7.479 r  u_engine/u_divider/quotient_reg[3]_i_38/CO[3]
                         net (fo=1, routed)           0.000     7.479    u_engine/u_divider/quotient_reg[3]_i_38_n_0
    SLICE_X39Y129        CARRY4 (Prop_carry4_CI_CO[3])
                                                      0.114     7.593 r  u_engine/u_divider/quotient_reg[3]_i_29/CO[3]
                         net (fo=1, routed)           0.000     7.593    u_engine/u_divider/quotient_reg[3]_i_29_n_0
    SLICE_X39Y130        CARRY4 (Prop_carry4_CI_CO[3])
                                                      0.114     7.707 r  u_engine/u_divider/quotient_reg[3]_i_20/CO[3]
                         net (fo=1, routed)           0.000     7.707    u_engine/u_divider/quotient_reg[3]_i_20_n_0
    SLICE_X39Y131        CARRY4 (Prop_carry4_CI_CO[3])
                                                      0.114     7.821 r  u_engine/u_divider/quotient_reg[3]_i_11/CO[3]
                         net (fo=1, routed)           0.000     7.821    u_engine/u_divider/quotient_reg[3]_i_11_n_0
    SLICE_X39Y132        CARRY4 (Prop_carry4_CI_CO[3])
                                                      0.114     7.935 r  u_engine/u_divider/quotient_reg[3]_i_8/CO[3]
                         net (fo=1, routed)           0.000     7.935    u_engine/u_divider/quotient_reg[3]_i_8_n_0
    SLICE_X39Y133        CARRY4 (Prop_carry4_CI_CO[0])
                                                      0.271     8.206 r  u_engine/u_divider/quotient_reg[3]_i_3/CO[0]
                         net (fo=2, routed)           0.786     8.992    u_engine/u_divider/rounded_magnitude1
    SLICE_X35Y130        CARRY4 (Prop_carry4_DI[0]_CO[3])
                                                      0.775     9.767 r  u_engine/u_divider/quotient_reg[3]_i_2/CO[3]
                         net (fo=1, routed)           0.000     9.767    u_engine/u_divider/quotient_reg[3]_i_2_n_0
    SLICE_X35Y131        CARRY4 (Prop_carry4_CI_CO[3])
                                                      0.114     9.881 r  u_engine/u_divider/quotient_reg[7]_i_2/CO[3]
                         net (fo=1, routed)           0.000     9.881    u_engine/u_divider/quotient_reg[7]_i_2_n_0
    SLICE_X35Y132        CARRY4 (Prop_carry4_CI_CO[3])
                                                      0.114     9.995 r  u_engine/u_divider/quotient_reg[11]_i_2/CO[3]
                         net (fo=1, routed)           0.000     9.995    u_engine/u_divider/quotient_reg[11]_i_2_n_0
    SLICE_X35Y133        CARRY4 (Prop_carry4_CI_CO[3])
                                                      0.114    10.109 r  u_engine/u_divider/quotient_reg[15]_i_2/CO[3]
                         net (fo=1, routed)           0.000    10.109    u_engine/u_divider/quotient_reg[15]_i_2_n_0
    SLICE_X35Y134        CARRY4 (Prop_carry4_CI_CO[3])
                                                      0.114    10.223 r  u_engine/u_divider/quotient_reg[19]_i_2/CO[3]
                         net (fo=1, routed)           0.000    10.223    u_engine/u_divider/quotient_reg[19]_i_2_n_0
    SLICE_X35Y135        CARRY4 (Prop_carry4_CI_CO[3])
                                                      0.114    10.337 r  u_engine/u_divider/quotient_reg[22]_i_4/CO[3]
                         net (fo=1, routed)           0.000    10.337    u_engine/u_divider/quotient_reg[22]_i_4_n_0
    SLICE_X35Y136        CARRY4 (Prop_carry4_CI_CO[3])
                                                      0.114    10.451 r  u_engine/u_divider/quotient_reg[23]_i_24/CO[3]
                         net (fo=1, routed)           0.000    10.451    u_engine/u_divider/quotient_reg[23]_i_24_n_0
    SLICE_X35Y137        CARRY4 (Prop_carry4_CI_CO[3])
                                                      0.114    10.565 r  u_engine/u_divider/quotient_reg[23]_i_23/CO[3]
                         net (fo=1, routed)           0.000    10.565    u_engine/u_divider/quotient_reg[23]_i_23_n_0
    SLICE_X35Y138        CARRY4 (Prop_carry4_CI_CO[3])
                                                      0.114    10.679 r  u_engine/u_divider/quotient_reg[23]_i_22/CO[3]
                         net (fo=1, routed)           0.000    10.679    u_engine/u_divider/quotient_reg[23]_i_22_n_0
    SLICE_X35Y139        CARRY4 (Prop_carry4_CI_CO[3])
                                                      0.114    10.793 r  u_engine/u_divider/quotient_reg[23]_i_20/CO[3]
                         net (fo=1, routed)           0.000    10.793    u_engine/u_divider/quotient_reg[23]_i_20_n_0
    SLICE_X35Y140        CARRY4 (Prop_carry4_CI_CO[1])
                                                      0.157    10.950 f  u_engine/u_divider/quotient_reg[23]_i_21/CO[1]
                         net (fo=1, routed)           0.960    11.910    u_engine/u_divider/quotient_reg[23]_i_21_n_2
    SLICE_X34Y138        LUT6 (Prop_lut6_I4_O)        0.329    12.239 r  u_engine/u_divider/quotient[23]_i_7/O
                         net (fo=2, routed)           0.599    12.838    u_engine/u_divider/quotient[23]_i_7_n_0
    SLICE_X34Y137        LUT4 (Prop_lut4_I3_O)        0.124    12.962 r  u_engine/u_divider/quotient[23]_i_6/O
                         net (fo=7, routed)           0.490    13.452    u_engine/u_divider/quotient[23]_i_6_n_0
    SLICE_X34Y136        LUT4 (Prop_lut4_I2_O)        0.124    13.576 r  u_engine/u_divider/quotient[22]_i_6/O
                         net (fo=12, routed)          0.640    14.216    u_engine/u_divider/quotient[22]_i_6_n_0
    SLICE_X37Y136        LUT5 (Prop_lut5_I4_O)        0.124    14.340 r  u_engine/u_divider/quotient[9]_i_1/O
                         net (fo=1, routed)           0.000    14.340    u_engine/u_divider/quotient[9]_i_1_n_0
    SLICE_X37Y136        FDCE                                         r  u_engine/u_divider/quotient_reg[9]/D
  -------------------------------------------------------------------    -------------------

                         (clock estimator_clk rise edge)
                                                     10.000    10.000 r  
                                                      0.000    10.000 r  clk (IN)
                         net (fo=4045, unset)         0.924    10.924    u_engine/u_divider/clk
    SLICE_X37Y136        FDCE                                         r  u_engine/u_divider/quotient_reg[9]/C
                         clock pessimism              0.000    10.924    
                         clock uncertainty           -0.035    10.889    
    SLICE_X37Y136        FDCE (Setup_fdce_C_D)        0.032    10.921    u_engine/u_divider/quotient_reg[9]
  -------------------------------------------------------------------
                         required time                         10.921    
                         arrival time                         -14.340    
  -------------------------------------------------------------------
                         slack                                 -3.419    





Min Delay Paths
--------------------------------------------------------------------------------------
Slack (MET) :             0.153ns  (arrival time - required time)
  Source:                 u_engine/u_mul_mac_pipeline/stage1_accumulator_reg[21]/C
                            (rising edge-triggered cell FDCE clocked by estimator_clk  {rise@0.000ns fall@5.000ns period=10.000ns})
  Destination:            u_engine/u_mul_mac_pipeline/stage2_accumulator_reg[21]/D
                            (rising edge-triggered cell FDCE clocked by estimator_clk  {rise@0.000ns fall@5.000ns period=10.000ns})
  Path Group:             estimator_clk
  Path Type:              Hold (Min at Fast Process Corner)
  Requirement:            0.000ns  (estimator_clk rise@0.000ns - estimator_clk rise@0.000ns)
  Data Path Delay:        0.240ns  (logic 0.141ns (58.691%)  route 0.099ns (41.309%))
  Logic Levels:           0  
  Clock Path Skew:        0.022ns (DCD - SCD - CPR)
    Destination Clock Delay (DCD):    0.432ns
    Source Clock Delay      (SCD):    0.410ns
    Clock Pessimism Removal (CPR):    -0.000ns

    Location             Delay type                Incr(ns)  Path(ns)    Netlist Resource(s)
  -------------------------------------------------------------------    -------------------
                         (clock estimator_clk rise edge)
                                                      0.000     0.000 r  
                                                      0.000     0.000 r  clk (IN)
                         net (fo=4045, unset)         0.410     0.410    u_engine/u_mul_mac_pipeline/clk
    SLICE_X59Y112        FDCE                                         r  u_engine/u_mul_mac_pipeline/stage1_accumulator_reg[21]/C
  -------------------------------------------------------------------    -------------------
    SLICE_X59Y112        FDCE (Prop_fdce_C_Q)         0.141     0.551 r  u_engine/u_mul_mac_pipeline/stage1_accumulator_reg[21]/Q
                         net (fo=1, routed)           0.099     0.650    u_engine/u_mul_mac_pipeline/stage1_accumulator[21]
    SLICE_X56Y111        FDCE                                         r  u_engine/u_mul_mac_pipeline/stage2_accumulator_reg[21]/D
  -------------------------------------------------------------------    -------------------

                         (clock estimator_clk rise edge)
                                                      0.000     0.000 r  
                                                      0.000     0.000 r  clk (IN)
                         net (fo=4045, unset)         0.432     0.432    u_engine/u_mul_mac_pipeline/clk
    SLICE_X56Y111        FDCE                                         r  u_engine/u_mul_mac_pipeline/stage2_accumulator_reg[21]/C
                         clock pessimism              0.000     0.432    
    SLICE_X56Y111        FDCE (Hold_fdce_C_D)         0.066     0.498    u_engine/u_mul_mac_pipeline/stage2_accumulator_reg[21]
  -------------------------------------------------------------------
                         required time                         -0.498    
                         arrival time                           0.650    
  -------------------------------------------------------------------
                         slack                                  0.153    





Pulse Width Checks
--------------------------------------------------------------------------------------
Clock Name:         estimator_clk
Waveform(ns):       { 0.000 5.000 }
Period(ns):         10.000
Sources:            { clk }

Check Type        Corner  Lib Pin             Reference Pin  Required(ns)  Actual(ns)  Slack(ns)  Location       Pin
Min Period        n/a     RAMB36E1/CLKARDCLK  n/a            2.576         10.000      7.424      RAMB36_X2Y21   u_engine/u_arcsine_cov_lut/y_reg_3/CLKARDCLK
Low Pulse Width   Fast    FDCE/C              n/a            0.500         5.000       4.500      SLICE_X67Y120  u_engine/f_matrix_reg[3][10]/C
High Pulse Width  Slow    FDCE/C              n/a            0.500         5.000       4.500      SLICE_X67Y120  u_engine/f_matrix_reg[3][10]/C



