Copyright 1986-2020 Xilinx, Inc. All Rights Reserved.
-------------------------------------------------------------------------------------------------------------
| Tool Version : Vivado v.2020.2 (win64) Build 3064766 Wed Nov 18 09:12:45 MST 2020
| Date         : Mon Aug 31 21:18:15 2026
| Host         : REDACTED
| Command      : report_timing_summary -file <USER_HOME>/Verilog/Pipelined_BKF4/ekf/timing_post_route.rpt
| Design       : ekf_core
| Device       : 7z020-clg400
| Speed File   : -1  PRODUCTION 1.12 2019-11-22
-------------------------------------------------------------------------------------------------------------

Timing Summary Report

------------------------------------------------------------------------------------------------
| Timer Settings
| --------------
------------------------------------------------------------------------------------------------

  Enable Multi Corner Analysis               :  Yes
  Enable Pessimism Removal                   :  Yes
  Pessimism Removal Resolution               :  Nearest Common Node
  Enable Input Delay Default Clock           :  No
  Enable Preset / Clear Arcs                 :  No
  Disable Flight Delays                      :  No
  Ignore I/O Paths                           :  No
  Timing Early Launch at Borrowing Latches   :  No
  Borrow Time for Max Delay Exceptions       :  Yes
  Merge Timing Exceptions                    :  Yes

  Corner  Analyze    Analyze    
  Name    Max Paths  Min Paths  
  ------  ---------  ---------  
  Slow    Yes        Yes        
  Fast    Yes        Yes        



check_timing report

Table of Contents
-----------------
1. checking no_clock (0)
2. checking constant_clock (0)
3. checking pulse_width_clock (0)
4. checking unconstrained_internal_endpoints (0)
5. checking no_input_delay (580)
6. checking no_output_delay (302)
7. checking multiple_clock (0)
8. checking generated_clocks (0)
9. checking loops (0)
10. checking partial_input_delay (0)
11. checking partial_output_delay (0)
12. checking latch_loops (0)

1. checking no_clock (0)
------------------------
 There are 0 register/latch pins with no clock.


2. checking constant_clock (0)
------------------------------
 There are 0 register/latch pins with constant_clock.


3. checking pulse_width_clock (0)
---------------------------------
 There are 0 register/latch pins which need pulse_width check


4. checking unconstrained_internal_endpoints (0)
------------------------------------------------
 There are 0 pins that are not constrained for maximum delay.

 There are 0 pins that are not constrained for maximum delay due to constant clock.


5. checking no_input_delay (580)
--------------------------------
 There are 580 input ports with no input delay specified. (HIGH)

 There are 0 input ports with no input delay but user has a false path constraint.


6. checking no_output_delay (302)
---------------------------------
 There are 302 ports with no output delay specified. (HIGH)

 There are 0 ports with no output delay but user has a false path constraint

 There are 0 ports with no output delay but with a timing clock defined on it or propagating through it


7. checking multiple_clock (0)
------------------------------
 There are 0 register/latch pins with multiple clocks.


8. checking generated_clocks (0)
--------------------------------
 There are 0 generated clocks that are not connected to a clock source.


9. checking loops (0)
---------------------
 There are 0 combinational loops in the design.


10. checking partial_input_delay (0)
------------------------------------
 There are 0 input ports with partial input delay specified.


11. checking partial_output_delay (0)
-------------------------------------
 There are 0 ports with partial output delay specified.


12. checking latch_loops (0)
----------------------------
 There are 0 combinational latch loops in the design through latch input



------------------------------------------------------------------------------------------------
| Design Timing Summary
| ---------------------
------------------------------------------------------------------------------------------------

    WNS(ns)      TNS(ns)  TNS Failing Endpoints  TNS Total Endpoints      WHS(ns)      THS(ns)  THS Failing Endpoints  THS Total Endpoints     WPWS(ns)     TPWS(ns)  TPWS Failing Endpoints  TPWS Total Endpoints  
    -------      -------  ---------------------  -------------------      -------      -------  ---------------------  -------------------     --------     --------  ----------------------  --------------------  
      0.097        0.000                      0                 9613        0.124        0.000                      0                 9613        4.500        0.000                       0                  4870  


All user specified timing constraints are met.


------------------------------------------------------------------------------------------------
| Clock Summary
| -------------
------------------------------------------------------------------------------------------------

Clock          Waveform(ns)       Period(ns)      Frequency(MHz)
-----          ------------       ----------      --------------
estimator_clk  {0.000 5.000}      10.000          100.000         


------------------------------------------------------------------------------------------------
| Intra Clock Table
| -----------------
------------------------------------------------------------------------------------------------

Clock              WNS(ns)      TNS(ns)  TNS Failing Endpoints  TNS Total Endpoints      WHS(ns)      THS(ns)  THS Failing Endpoints  THS Total Endpoints     WPWS(ns)     TPWS(ns)  TPWS Failing Endpoints  TPWS Total Endpoints  
-----              -------      -------  ---------------------  -------------------      -------      -------  ---------------------  -------------------     --------     --------  ----------------------  --------------------  
estimator_clk        0.097        0.000                      0                 9613        0.124        0.000                      0                 9613        4.500        0.000                       0                  4870  


------------------------------------------------------------------------------------------------
| Inter Clock Table
| -----------------
------------------------------------------------------------------------------------------------

From Clock    To Clock          WNS(ns)      TNS(ns)  TNS Failing Endpoints  TNS Total Endpoints      WHS(ns)      THS(ns)  THS Failing Endpoints  THS Total Endpoints  
----------    --------          -------      -------  ---------------------  -------------------      -------      -------  ---------------------  -------------------  


------------------------------------------------------------------------------------------------
| Other Path Groups Table
| -----------------------
------------------------------------------------------------------------------------------------

Path Group    From Clock    To Clock          WNS(ns)      TNS(ns)  TNS Failing Endpoints  TNS Total Endpoints      WHS(ns)      THS(ns)  THS Failing Endpoints  THS Total Endpoints  
----------    ----------    --------          -------      -------  ---------------------  -------------------      -------      -------  ---------------------  -------------------  


------------------------------------------------------------------------------------------------
| Timing Details
| --------------
------------------------------------------------------------------------------------------------


---------------------------------------------------------------------------------------------------
From Clock:  estimator_clk
  To Clock:  estimator_clk

Setup :            0  Failing Endpoints,  Worst Slack        0.097ns,  Total Violation        0.000ns
Hold  :            0  Failing Endpoints,  Worst Slack        0.124ns,  Total Violation        0.000ns
PW    :            0  Failing Endpoints,  Worst Slack        4.500ns,  Total Violation        0.000ns
---------------------------------------------------------------------------------------------------


Max Delay Paths
--------------------------------------------------------------------------------------
Slack (MET) :             0.097ns  (required time - arrival time)
  Source:                 u_engine/u_divider/divisor_stage_b_reg[3]/C
                            (rising edge-triggered cell FDCE clocked by estimator_clk  {rise@0.000ns fall@5.000ns period=10.000ns})
  Destination:            u_engine/u_divider/quotient_reg[5]/D
                            (rising edge-triggered cell FDCE clocked by estimator_clk  {rise@0.000ns fall@5.000ns period=10.000ns})
  Path Group:             estimator_clk
  Path Type:              Setup (Max at Slow Process Corner)
  Requirement:            10.000ns  (estimator_clk rise@10.000ns - estimator_clk rise@0.000ns)
  Data Path Delay:        9.848ns  (logic 4.875ns (49.504%)  route 4.973ns (50.496%))
  Logic Levels:           22  (CARRY4=15 LUT2=2 LUT4=2 LUT5=1 LUT6=2)
  Clock Path Skew:        -0.049ns (DCD - SCD + CPR)
    Destination Clock Delay (DCD):    0.924ns = ( 10.924 - 10.000 ) 
    Source Clock Delay      (SCD):    0.973ns
    Clock Pessimism Removal (CPR):    0.000ns
  Clock Uncertainty:      0.035ns  ((TSJ^2 + TIJ^2)^1/2 + DJ) / 2 + PE
    Total System Jitter     (TSJ):    0.071ns
    Total Input Jitter      (TIJ):    0.000ns
    Discrete Jitter          (DJ):    0.000ns
    Phase Error              (PE):    0.000ns

    Location             Delay type                Incr(ns)  Path(ns)    Netlist Resource(s)
  -------------------------------------------------------------------    -------------------
                         (clock estimator_clk rise edge)
                                                      0.000     0.000 r  
                                                      0.000     0.000 r  clk (IN)
                         net (fo=4869, unset)         0.973     0.973    u_engine/u_divider/clk
    SLICE_X93Y36         FDCE                                         r  u_engine/u_divider/divisor_stage_b_reg[3]/C
  -------------------------------------------------------------------    -------------------
    SLICE_X93Y36         FDCE (Prop_fdce_C_Q)         0.456     1.429 r  u_engine/u_divider/divisor_stage_b_reg[3]/Q
                         net (fo=2, routed)           1.074     2.503    u_engine/u_divider/divisor_stage_b[3]
    SLICE_X92Y36         LUT4 (Prop_lut4_I0_O)        0.124     2.627 r  u_engine/u_divider/quotient[3]_i_50/O
                         net (fo=1, routed)           0.000     2.627    u_engine/u_divider/quotient[3]_i_50_n_0
    SLICE_X92Y36         CARRY4 (Prop_carry4_S[1]_CO[3])
                                                      0.533     3.160 r  u_engine/u_divider/quotient_reg[3]_i_35/CO[3]
                         net (fo=1, routed)           0.000     3.160    u_engine/u_divider/quotient_reg[3]_i_35_n_0
    SLICE_X92Y37         CARRY4 (Prop_carry4_CI_CO[3])
                                                      0.117     3.277 r  u_engine/u_divider/quotient_reg[3]_i_26/CO[3]
                         net (fo=1, routed)           0.000     3.277    u_engine/u_divider/quotient_reg[3]_i_26_n_0
    SLICE_X92Y38         CARRY4 (Prop_carry4_CI_CO[3])
                                                      0.117     3.394 r  u_engine/u_divider/quotient_reg[3]_i_17/CO[3]
                         net (fo=1, routed)           0.000     3.394    u_engine/u_divider/quotient_reg[3]_i_17_n_0
    SLICE_X92Y39         CARRY4 (Prop_carry4_CI_CO[3])
                                                      0.117     3.511 r  u_engine/u_divider/quotient_reg[3]_i_8/CO[3]
                         net (fo=1, routed)           0.000     3.511    u_engine/u_divider/quotient_reg[3]_i_8_n_0
    SLICE_X92Y40         CARRY4 (Prop_carry4_CI_CO[3])
                                                      0.117     3.628 r  u_engine/u_divider/quotient_reg[3]_i_5/CO[3]
                         net (fo=1, routed)           0.000     3.628    u_engine/u_divider/quotient_reg[3]_i_5_n_0
    SLICE_X92Y41         CARRY4 (Prop_carry4_CI_CO[0])
                                                      0.254     3.882 r  u_engine/u_divider/quotient_reg[3]_i_4/CO[0]
                         net (fo=1, routed)           0.856     4.739    u_engine/u_divider/rounded_magnitude_stage_b1
    SLICE_X83Y38         LUT2 (Prop_lut2_I1_O)        0.367     5.106 r  u_engine/u_divider/quotient[3]_i_3/O
                         net (fo=1, routed)           0.000     5.106    u_engine/u_divider/quotient[3]_i_3_n_0
    SLICE_X83Y38         CARRY4 (Prop_carry4_S[0]_CO[3])
                                                      0.532     5.638 r  u_engine/u_divider/quotient_reg[3]_i_2/CO[3]
                         net (fo=1, routed)           0.000     5.638    u_engine/u_divider/quotient_reg[3]_i_2_n_0
    SLICE_X83Y39         CARRY4 (Prop_carry4_CI_CO[3])
                                                      0.114     5.752 r  u_engine/u_divider/quotient_reg[7]_i_2/CO[3]
                         net (fo=1, routed)           0.000     5.752    u_engine/u_divider/quotient_reg[7]_i_2_n_0
    SLICE_X83Y40         CARRY4 (Prop_carry4_CI_CO[3])
                                                      0.114     5.866 r  u_engine/u_divider/quotient_reg[11]_i_2/CO[3]
                         net (fo=1, routed)           0.000     5.866    u_engine/u_divider/quotient_reg[11]_i_2_n_0
    SLICE_X83Y41         CARRY4 (Prop_carry4_CI_CO[3])
                                                      0.114     5.980 r  u_engine/u_divider/quotient_reg[15]_i_2/CO[3]
                         net (fo=1, routed)           0.000     5.980    u_engine/u_divider/quotient_reg[15]_i_2_n_0
    SLICE_X83Y42         CARRY4 (Prop_carry4_CI_CO[3])
                                                      0.114     6.094 r  u_engine/u_divider/quotient_reg[19]_i_2/CO[3]
                         net (fo=1, routed)           0.000     6.094    u_engine/u_divider/quotient_reg[19]_i_2_n_0
    SLICE_X83Y43         CARRY4 (Prop_carry4_CI_CO[3])
                                                      0.114     6.208 r  u_engine/u_divider/quotient_reg[22]_i_2/CO[3]
                         net (fo=1, routed)           0.000     6.208    u_engine/u_divider/quotient_reg[22]_i_2_n_0
    SLICE_X83Y44         CARRY4 (Prop_carry4_CI_CO[3])
                                                      0.114     6.322 r  u_engine/u_divider/quotient_reg[23]_i_8/CO[3]
                         net (fo=1, routed)           0.000     6.322    u_engine/u_divider/quotient_reg[23]_i_8_n_0
    SLICE_X83Y45         CARRY4 (Prop_carry4_CI_CO[3])
                                                      0.114     6.436 r  u_engine/u_divider/quotient_reg[23]_i_9/CO[3]
                         net (fo=1, routed)           0.000     6.436    u_engine/u_divider/quotient_reg[23]_i_9_n_0
    SLICE_X83Y46         CARRY4 (Prop_carry4_CI_O[3])
                                                      0.313     6.749 r  u_engine/u_divider/quotient_reg[23]_i_14/O[3]
                         net (fo=1, routed)           0.782     7.530    u_engine/u_divider/rounded_magnitude_stage_b[35]
    SLICE_X82Y46         LUT4 (Prop_lut4_I0_O)        0.306     7.836 r  u_engine/u_divider/quotient[23]_i_15/O
                         net (fo=1, routed)           0.162     7.998    u_engine/u_divider/quotient[23]_i_15_n_0
    SLICE_X82Y46         LUT5 (Prop_lut5_I4_O)        0.124     8.122 r  u_engine/u_divider/quotient[23]_i_11/O
                         net (fo=1, routed)           0.610     8.732    u_engine/u_divider/quotient[23]_i_11_n_0
    SLICE_X84Y43         LUT6 (Prop_lut6_I5_O)        0.124     8.856 r  u_engine/u_divider/quotient[23]_i_7/O
                         net (fo=2, routed)           0.666     9.522    u_engine/u_divider/quotient[23]_i_7_n_0
    SLICE_X82Y43         LUT2 (Prop_lut2_I0_O)        0.148     9.670 r  u_engine/u_divider/quotient[23]_i_3/O
                         net (fo=24, routed)          0.823    10.493    u_engine/u_divider/quotient[23]_i_3_n_0
    SLICE_X84Y38         LUT6 (Prop_lut6_I5_O)        0.328    10.821 r  u_engine/u_divider/quotient[5]_i_1/O
                         net (fo=1, routed)           0.000    10.821    u_engine/u_divider/quotient[5]_i_1_n_0
    SLICE_X84Y38         FDCE                                         r  u_engine/u_divider/quotient_reg[5]/D
  -------------------------------------------------------------------    -------------------

                         (clock estimator_clk rise edge)
                                                     10.000    10.000 r  
                                                      0.000    10.000 r  clk (IN)
                         net (fo=4869, unset)         0.924    10.924    u_engine/u_divider/clk
    SLICE_X84Y38         FDCE                                         r  u_engine/u_divider/quotient_reg[5]/C
                         clock pessimism              0.000    10.924    
                         clock uncertainty           -0.035    10.889    
    SLICE_X84Y38         FDCE (Setup_fdce_C_D)        0.029    10.918    u_engine/u_divider/quotient_reg[5]
  -------------------------------------------------------------------
                         required time                         10.918    
                         arrival time                         -10.821    
  -------------------------------------------------------------------
                         slack                                  0.097    





Min Delay Paths
--------------------------------------------------------------------------------------
Slack (MET) :             0.124ns  (arrival time - required time)
  Source:                 u_engine/sign_cov_pre_reg[3][21]/C
                            (rising edge-triggered cell FDCE clocked by estimator_clk  {rise@0.000ns fall@5.000ns period=10.000ns})
  Destination:            u_engine/sign_sym_right_reg_reg[21]/D
                            (rising edge-triggered cell FDCE clocked by estimator_clk  {rise@0.000ns fall@5.000ns period=10.000ns})
  Path Group:             estimator_clk
  Path Type:              Hold (Min at Fast Process Corner)
  Requirement:            0.000ns  (estimator_clk rise@0.000ns - estimator_clk rise@0.000ns)
  Data Path Delay:        0.266ns  (logic 0.186ns (69.897%)  route 0.080ns (30.103%))
  Logic Levels:           1  (LUT5=1)
  Clock Path Skew:        0.022ns (DCD - SCD - CPR)
    Destination Clock Delay (DCD):    0.432ns
    Source Clock Delay      (SCD):    0.410ns
    Clock Pessimism Removal (CPR):    -0.000ns

    Location             Delay type                Incr(ns)  Path(ns)    Netlist Resource(s)
  -------------------------------------------------------------------    -------------------
                         (clock estimator_clk rise edge)
                                                      0.000     0.000 r  
                                                      0.000     0.000 r  clk (IN)
                         net (fo=4869, unset)         0.410     0.410    u_engine/clk
    SLICE_X39Y11         FDCE                                         r  u_engine/sign_cov_pre_reg[3][21]/C
  -------------------------------------------------------------------    -------------------
    SLICE_X39Y11         FDCE (Prop_fdce_C_Q)         0.141     0.551 r  u_engine/sign_cov_pre_reg[3][21]/Q
                         net (fo=1, routed)           0.080     0.631    u_engine/sign_cov_pre_reg[3]_16[21]
    SLICE_X38Y11         LUT5 (Prop_lut5_I4_O)        0.045     0.676 r  u_engine/sign_sym_right_reg[21]_i_1/O
                         net (fo=1, routed)           0.000     0.676    u_engine/sign_sym_right_reg[21]_i_1_n_0
    SLICE_X38Y11         FDCE                                         r  u_engine/sign_sym_right_reg_reg[21]/D
  -------------------------------------------------------------------    -------------------

                         (clock estimator_clk rise edge)
                                                      0.000     0.000 r  
                                                      0.000     0.000 r  clk (IN)
                         net (fo=4869, unset)         0.432     0.432    u_engine/clk
    SLICE_X38Y11         FDCE                                         r  u_engine/sign_sym_right_reg_reg[21]/C
                         clock pessimism              0.000     0.432    
    SLICE_X38Y11         FDCE (Hold_fdce_C_D)         0.121     0.553    u_engine/sign_sym_right_reg_reg[21]
  -------------------------------------------------------------------
                         required time                         -0.553    
                         arrival time                           0.676    
  -------------------------------------------------------------------
                         slack                                  0.124    





Pulse Width Checks
--------------------------------------------------------------------------------------
Clock Name:         estimator_clk
Waveform(ns):       { 0.000 5.000 }
Period(ns):         10.000
Sources:            { clk }

Check Type        Corner  Lib Pin             Reference Pin  Required(ns)  Actual(ns)  Slack(ns)  Location      Pin
Min Period        n/a     RAMB36E1/CLKARDCLK  n/a            2.576         10.000      7.424      RAMB36_X1Y3   u_engine/u_arcsine_cov_lut/y_reg_5/CLKARDCLK
Low Pulse Width   Fast    FDCE/C              n/a            0.500         5.000       4.500      SLICE_X55Y29  u_engine/cov_predict_reg[0][8]/C
High Pulse Width  Slow    FDCE/C              n/a            0.500         5.000       4.500      SLICE_X55Y29  u_engine/cov_predict_reg[0][8]/C



