Copyright 1986-2020 Xilinx, Inc. All Rights Reserved.
-----------------------------------------------------------------------------------------------------------------
| Tool Version : Vivado v.2020.2 (win64) Build 3064766 Wed Nov 18 09:12:45 MST 2020
| Date         : Mon Aug 31 19:23:35 2026
| Host         : REDACTED
| Command      : report_timing_summary -file <USER_HOME>/Verilog/Pipelined_BKF3/rbkf_l8/timing_post_route.rpt
| Design       : rbkf_core
| Device       : 7z020-clg400
| Speed File   : -1  PRODUCTION 1.12 2019-11-22
-----------------------------------------------------------------------------------------------------------------

Timing Summary Report

------------------------------------------------------------------------------------------------
| Timer Settings
| --------------
------------------------------------------------------------------------------------------------

  Enable Multi Corner Analysis               :  Yes
  Enable Pessimism Removal                   :  Yes
  Pessimism Removal Resolution               :  Nearest Common Node
  Enable Input Delay Default Clock           :  No
  Enable Preset / Clear Arcs                 :  No
  Disable Flight Delays                      :  No
  Ignore I/O Paths                           :  No
  Timing Early Launch at Borrowing Latches   :  No
  Borrow Time for Max Delay Exceptions       :  Yes
  Merge Timing Exceptions                    :  Yes

  Corner  Analyze    Analyze    
  Name    Max Paths  Min Paths  
  ------  ---------  ---------  
  Slow    Yes        Yes        
  Fast    Yes        Yes        



check_timing report

Table of Contents
-----------------
1. checking no_clock (0)
2. checking constant_clock (0)
3. checking pulse_width_clock (0)
4. checking unconstrained_internal_endpoints (0)
5. checking no_input_delay (534)
6. checking no_output_delay (376)
7. checking multiple_clock (0)
8. checking generated_clocks (0)
9. checking loops (0)
10. checking partial_input_delay (0)
11. checking partial_output_delay (0)
12. checking latch_loops (0)

1. checking no_clock (0)
------------------------
 There are 0 register/latch pins with no clock.


2. checking constant_clock (0)
------------------------------
 There are 0 register/latch pins with constant_clock.


3. checking pulse_width_clock (0)
---------------------------------
 There are 0 register/latch pins which need pulse_width check


4. checking unconstrained_internal_endpoints (0)
------------------------------------------------
 There are 0 pins that are not constrained for maximum delay.

 There are 0 pins that are not constrained for maximum delay due to constant clock.


5. checking no_input_delay (534)
--------------------------------
 There are 534 input ports with no input delay specified. (HIGH)

 There are 0 input ports with no input delay but user has a false path constraint.


6. checking no_output_delay (376)
---------------------------------
 There are 376 ports with no output delay specified. (HIGH)

 There are 0 ports with no output delay but user has a false path constraint

 There are 0 ports with no output delay but with a timing clock defined on it or propagating through it


7. checking multiple_clock (0)
------------------------------
 There are 0 register/latch pins with multiple clocks.


8. checking generated_clocks (0)
--------------------------------
 There are 0 generated clocks that are not connected to a clock source.


9. checking loops (0)
---------------------
 There are 0 combinational loops in the design.


10. checking partial_input_delay (0)
------------------------------------
 There are 0 input ports with partial input delay specified.


11. checking partial_output_delay (0)
-------------------------------------
 There are 0 ports with partial output delay specified.


12. checking latch_loops (0)
----------------------------
 There are 0 combinational latch loops in the design through latch input



------------------------------------------------------------------------------------------------
| Design Timing Summary
| ---------------------
------------------------------------------------------------------------------------------------

    WNS(ns)      TNS(ns)  TNS Failing Endpoints  TNS Total Endpoints      WHS(ns)      THS(ns)  THS Failing Endpoints  THS Total Endpoints     WPWS(ns)     TPWS(ns)  TPWS Failing Endpoints  TPWS Total Endpoints  
    -------      -------  ---------------------  -------------------      -------      -------  ---------------------  -------------------     --------     --------  ----------------------  --------------------  
      0.115        0.000                      0                 9434        0.110        0.000                      0                 9434        4.500        0.000                       0                  4760  


All user specified timing constraints are met.


------------------------------------------------------------------------------------------------
| Clock Summary
| -------------
------------------------------------------------------------------------------------------------

Clock          Waveform(ns)       Period(ns)      Frequency(MHz)
-----          ------------       ----------      --------------
estimator_clk  {0.000 5.000}      10.000          100.000         


------------------------------------------------------------------------------------------------
| Intra Clock Table
| -----------------
------------------------------------------------------------------------------------------------

Clock              WNS(ns)      TNS(ns)  TNS Failing Endpoints  TNS Total Endpoints      WHS(ns)      THS(ns)  THS Failing Endpoints  THS Total Endpoints     WPWS(ns)     TPWS(ns)  TPWS Failing Endpoints  TPWS Total Endpoints  
-----              -------      -------  ---------------------  -------------------      -------      -------  ---------------------  -------------------     --------     --------  ----------------------  --------------------  
estimator_clk        0.115        0.000                      0                 9434        0.110        0.000                      0                 9434        4.500        0.000                       0                  4760  


------------------------------------------------------------------------------------------------
| Inter Clock Table
| -----------------
------------------------------------------------------------------------------------------------

From Clock    To Clock          WNS(ns)      TNS(ns)  TNS Failing Endpoints  TNS Total Endpoints      WHS(ns)      THS(ns)  THS Failing Endpoints  THS Total Endpoints  
----------    --------          -------      -------  ---------------------  -------------------      -------      -------  ---------------------  -------------------  


------------------------------------------------------------------------------------------------
| Other Path Groups Table
| -----------------------
------------------------------------------------------------------------------------------------

Path Group    From Clock    To Clock          WNS(ns)      TNS(ns)  TNS Failing Endpoints  TNS Total Endpoints      WHS(ns)      THS(ns)  THS Failing Endpoints  THS Total Endpoints  
----------    ----------    --------          -------      -------  ---------------------  -------------------      -------      -------  ---------------------  -------------------  


------------------------------------------------------------------------------------------------
| Timing Details
| --------------
------------------------------------------------------------------------------------------------


---------------------------------------------------------------------------------------------------
From Clock:  estimator_clk
  To Clock:  estimator_clk

Setup :            0  Failing Endpoints,  Worst Slack        0.115ns,  Total Violation        0.000ns
Hold  :            0  Failing Endpoints,  Worst Slack        0.110ns,  Total Violation        0.000ns
PW    :            0  Failing Endpoints,  Worst Slack        4.500ns,  Total Violation        0.000ns
---------------------------------------------------------------------------------------------------


Max Delay Paths
--------------------------------------------------------------------------------------
Slack (MET) :             0.115ns  (required time - arrival time)
  Source:                 u_engine/u_mul_mac_pipeline/stage3_mac_sum_reg[0]_replica/C
                            (rising edge-triggered cell FDCE clocked by estimator_clk  {rise@0.000ns fall@5.000ns period=10.000ns})
  Destination:            u_engine/overflow_flag_reg/D
                            (rising edge-triggered cell FDCE clocked by estimator_clk  {rise@0.000ns fall@5.000ns period=10.000ns})
  Path Group:             estimator_clk
  Path Type:              Setup (Max at Slow Process Corner)
  Requirement:            10.000ns  (estimator_clk rise@10.000ns - estimator_clk rise@0.000ns)
  Data Path Delay:        9.830ns  (logic 5.451ns (55.454%)  route 4.379ns (44.546%))
  Logic Levels:           24  (CARRY4=17 LUT1=2 LUT5=2 LUT6=3)
  Clock Path Skew:        -0.049ns (DCD - SCD + CPR)
    Destination Clock Delay (DCD):    0.924ns = ( 10.924 - 10.000 ) 
    Source Clock Delay      (SCD):    0.973ns
    Clock Pessimism Removal (CPR):    0.000ns
  Clock Uncertainty:      0.035ns  ((TSJ^2 + TIJ^2)^1/2 + DJ) / 2 + PE
    Total System Jitter     (TSJ):    0.071ns
    Total Input Jitter      (TIJ):    0.000ns
    Discrete Jitter          (DJ):    0.000ns
    Phase Error              (PE):    0.000ns

    Location             Delay type                Incr(ns)  Path(ns)    Netlist Resource(s)
  -------------------------------------------------------------------    -------------------
                         (clock estimator_clk rise edge)
                                                      0.000     0.000 r  
                                                      0.000     0.000 r  clk (IN)
                         net (fo=4759, unset)         0.973     0.973    u_engine/u_mul_mac_pipeline/clk
    SLICE_X76Y20         FDCE                                         r  u_engine/u_mul_mac_pipeline/stage3_mac_sum_reg[0]_replica/C
  -------------------------------------------------------------------    -------------------
    SLICE_X76Y20         FDCE (Prop_fdce_C_Q)         0.456     1.429 f  u_engine/u_mul_mac_pipeline/stage3_mac_sum_reg[0]_replica/Q
                         net (fo=1, routed)           0.287     1.716    u_engine/u_mul_mac_pipeline/Q[0]_repN
    SLICE_X79Y20         LUT1 (Prop_lut1_I0_O)        0.124     1.840 r  u_engine/u_mul_mac_pipeline/state_predict[2][0]_i_18/O
                         net (fo=1, routed)           0.480     2.320    u_engine/u_mul_mac_pipeline/state_predict[2][0]_i_18_n_0
    SLICE_X78Y24         CARRY4 (Prop_carry4_CYINIT_CO[3])
                                                      0.580     2.900 r  u_engine/u_mul_mac_pipeline/state_predict_reg[2][0]_i_13/CO[3]
                         net (fo=1, routed)           0.009     2.909    u_engine/u_mul_mac_pipeline/state_predict_reg[2][0]_i_13_n_0
    SLICE_X78Y25         CARRY4 (Prop_carry4_CI_CO[3])
                                                      0.114     3.023 r  u_engine/u_mul_mac_pipeline/state_predict_reg[2][0]_i_8/CO[3]
                         net (fo=1, routed)           0.000     3.023    u_engine/u_mul_mac_pipeline/state_predict_reg[2][0]_i_8_n_0
    SLICE_X78Y26         CARRY4 (Prop_carry4_CI_CO[3])
                                                      0.114     3.137 r  u_engine/u_mul_mac_pipeline/state_predict_reg[2][0]_i_3/CO[3]
                         net (fo=1, routed)           0.000     3.137    u_engine/u_mul_mac_pipeline/state_predict_reg[2][0]_i_3_n_0
    SLICE_X78Y27         CARRY4 (Prop_carry4_CI_CO[3])
                                                      0.114     3.251 r  u_engine/u_mul_mac_pipeline/state_predict_reg[2][0]_i_2/CO[3]
                         net (fo=1, routed)           0.000     3.251    u_engine/u_mul_mac_pipeline/state_predict_reg[2][0]_i_2_n_0
    SLICE_X78Y28         CARRY4 (Prop_carry4_CI_CO[3])
                                                      0.114     3.365 r  u_engine/u_mul_mac_pipeline/state_predict_reg[2][4]_i_8/CO[3]
                         net (fo=1, routed)           0.000     3.365    u_engine/u_mul_mac_pipeline/state_predict_reg[2][4]_i_8_n_0
    SLICE_X78Y29         CARRY4 (Prop_carry4_CI_CO[3])
                                                      0.114     3.479 r  u_engine/u_mul_mac_pipeline/state_predict_reg[2][8]_i_7/CO[3]
                         net (fo=1, routed)           0.000     3.479    u_engine/u_mul_mac_pipeline/state_predict_reg[2][8]_i_7_n_0
    SLICE_X78Y30         CARRY4 (Prop_carry4_CI_CO[3])
                                                      0.114     3.593 r  u_engine/u_mul_mac_pipeline/state_predict_reg[2][12]_i_7/CO[3]
                         net (fo=1, routed)           0.000     3.593    u_engine/u_mul_mac_pipeline/state_predict_reg[2][12]_i_7_n_0
    SLICE_X78Y31         CARRY4 (Prop_carry4_CI_CO[3])
                                                      0.114     3.707 r  u_engine/u_mul_mac_pipeline/state_predict_reg[2][16]_i_7/CO[3]
                         net (fo=1, routed)           0.000     3.707    u_engine/u_mul_mac_pipeline/state_predict_reg[2][16]_i_7_n_0
    SLICE_X78Y32         CARRY4 (Prop_carry4_CI_O[0])
                                                      0.222     3.929 f  u_engine/u_mul_mac_pipeline/state_predict_reg[2][20]_i_7/O[0]
                         net (fo=1, routed)           0.759     4.688    u_engine_n_89
    SLICE_X77Y32         LUT1 (Prop_lut1_I0_O)        0.299     4.987 r  state_predict[2][20]_i_6/O
                         net (fo=1, routed)           0.000     4.987    state_predict[2][20]_i_6_n_0
    SLICE_X77Y32         CARRY4 (Prop_carry4_S[0]_CO[3])
                                                      0.532     5.519 r  state_predict_reg[2][20]_i_2/CO[3]
                         net (fo=1, routed)           0.000     5.519    state_predict_reg[2][20]_i_2_n_0
    SLICE_X77Y33         CARRY4 (Prop_carry4_CI_CO[3])
                                                      0.114     5.633 r  state_predict_reg[2][23]_i_6/CO[3]
                         net (fo=1, routed)           0.000     5.633    state_predict_reg[2][23]_i_6_n_0
    SLICE_X77Y34         CARRY4 (Prop_carry4_CI_CO[3])
                                                      0.114     5.747 r  state_predict_reg[2][23]_i_75/CO[3]
                         net (fo=1, routed)           0.000     5.747    state_predict_reg[2][23]_i_75_n_0
    SLICE_X77Y35         CARRY4 (Prop_carry4_CI_CO[3])
                                                      0.114     5.861 r  state_predict_reg[2][23]_i_55/CO[3]
                         net (fo=1, routed)           0.000     5.861    state_predict_reg[2][23]_i_55_n_0
    SLICE_X77Y36         CARRY4 (Prop_carry4_CI_O[0])
                                                      0.222     6.083 f  state_predict_reg[2][23]_i_35/O[0]
                         net (fo=4, routed)           0.740     6.823    u_engine/u_mul_mac_pipeline/state_predict_reg[2][23]_i_25_1[0]
    SLICE_X75Y35         LUT5 (Prop_lut5_I4_O)        0.299     7.122 r  u_engine/u_mul_mac_pipeline/state_predict[2][23]_i_64/O
                         net (fo=1, routed)           0.000     7.122    u_engine/u_mul_mac_pipeline/state_predict[2][23]_i_64_n_0
    SLICE_X75Y35         CARRY4 (Prop_carry4_S[1]_CO[3])
                                                      0.550     7.672 r  u_engine/u_mul_mac_pipeline/state_predict_reg[2][23]_i_36/CO[3]
                         net (fo=1, routed)           0.000     7.672    u_engine/u_mul_mac_pipeline/state_predict_reg[2][23]_i_36_n_0
    SLICE_X75Y36         CARRY4 (Prop_carry4_CI_CO[3])
                                                      0.114     7.786 r  u_engine/u_mul_mac_pipeline/state_predict_reg[2][23]_i_20/CO[3]
                         net (fo=1, routed)           0.000     7.786    u_engine/u_mul_mac_pipeline/state_predict_reg[2][23]_i_20_n_0
    SLICE_X75Y37         CARRY4 (Prop_carry4_CI_CO[2])
                                                      0.228     8.014 r  u_engine/u_mul_mac_pipeline/state_predict_reg[2][23]_i_9/CO[2]
                         net (fo=26, routed)          0.714     8.728    u_engine/u_mul_mac_pipeline/round_sat5011_in
    SLICE_X79Y37         LUT6 (Prop_lut6_I3_O)        0.313     9.041 f  u_engine/u_mul_mac_pipeline/overflow_flag_i_15/O
                         net (fo=1, routed)           0.403     9.444    u_engine/u_mul_mac_pipeline/overflow_flag_i_15_n_0
    SLICE_X79Y37         LUT6 (Prop_lut6_I1_O)        0.124     9.568 r  u_engine/u_mul_mac_pipeline/overflow_flag_i_6/O
                         net (fo=2, routed)           0.645    10.212    u_engine/u_mul_mac_pipeline/overflow_flag_i_6_n_0
    SLICE_X79Y36         LUT6 (Prop_lut6_I0_O)        0.124    10.336 r  u_engine/u_mul_mac_pipeline/overflow_flag_i_2/O
                         net (fo=1, routed)           0.343    10.679    u_engine/u_mul_mac_pipeline/overflow_flag_i_2_n_0
    SLICE_X79Y35         LUT5 (Prop_lut5_I0_O)        0.124    10.803 r  u_engine/u_mul_mac_pipeline/overflow_flag_i_1/O
                         net (fo=1, routed)           0.000    10.803    u_engine/u_mul_mac_pipeline_n_410
    SLICE_X79Y35         FDCE                                         r  u_engine/overflow_flag_reg/D
  -------------------------------------------------------------------    -------------------

                         (clock estimator_clk rise edge)
                                                     10.000    10.000 r  
                                                      0.000    10.000 r  clk (IN)
                         net (fo=4759, unset)         0.924    10.924    u_engine/clk
    SLICE_X79Y35         FDCE                                         r  u_engine/overflow_flag_reg/C
                         clock pessimism              0.000    10.924    
                         clock uncertainty           -0.035    10.889    
    SLICE_X79Y35         FDCE (Setup_fdce_C_D)        0.029    10.918    u_engine/overflow_flag_reg
  -------------------------------------------------------------------
                         required time                         10.918    
                         arrival time                         -10.803    
  -------------------------------------------------------------------
                         slack                                  0.115    





Min Delay Paths
--------------------------------------------------------------------------------------
Slack (MET) :             0.110ns  (arrival time - required time)
  Source:                 u_engine/measurement_cov_reg[7][14]/C
                            (rising edge-triggered cell FDCE clocked by estimator_clk  {rise@0.000ns fall@5.000ns period=10.000ns})
  Destination:            u_engine/measurement_sym_right_reg_reg[14]/D
                            (rising edge-triggered cell FDCE clocked by estimator_clk  {rise@0.000ns fall@5.000ns period=10.000ns})
  Path Group:             estimator_clk
  Path Type:              Hold (Min at Fast Process Corner)
  Requirement:            0.000ns  (estimator_clk rise@0.000ns - estimator_clk rise@0.000ns)
  Data Path Delay:        0.252ns  (logic 0.186ns (73.740%)  route 0.066ns (26.260%))
  Logic Levels:           1  (LUT5=1)
  Clock Path Skew:        0.022ns (DCD - SCD - CPR)
    Destination Clock Delay (DCD):    0.432ns
    Source Clock Delay      (SCD):    0.410ns
    Clock Pessimism Removal (CPR):    -0.000ns

    Location             Delay type                Incr(ns)  Path(ns)    Netlist Resource(s)
  -------------------------------------------------------------------    -------------------
                         (clock estimator_clk rise edge)
                                                      0.000     0.000 r  
                                                      0.000     0.000 r  clk (IN)
                         net (fo=4759, unset)         0.410     0.410    u_engine/clk
    SLICE_X67Y14         FDCE                                         r  u_engine/measurement_cov_reg[7][14]/C
  -------------------------------------------------------------------    -------------------
    SLICE_X67Y14         FDCE (Prop_fdce_C_Q)         0.141     0.551 r  u_engine/measurement_cov_reg[7][14]/Q
                         net (fo=2, routed)           0.066     0.617    u_engine/measurement_cov_reg[7]_20[14]
    SLICE_X66Y14         LUT5 (Prop_lut5_I0_O)        0.045     0.662 r  u_engine/measurement_sym_right_reg[14]_i_1/O
                         net (fo=1, routed)           0.000     0.662    u_engine/measurement_sym_right_reg[14]_i_1_n_0
    SLICE_X66Y14         FDCE                                         r  u_engine/measurement_sym_right_reg_reg[14]/D
  -------------------------------------------------------------------    -------------------

                         (clock estimator_clk rise edge)
                                                      0.000     0.000 r  
                                                      0.000     0.000 r  clk (IN)
                         net (fo=4759, unset)         0.432     0.432    u_engine/clk
    SLICE_X66Y14         FDCE                                         r  u_engine/measurement_sym_right_reg_reg[14]/C
                         clock pessimism              0.000     0.432    
    SLICE_X66Y14         FDCE (Hold_fdce_C_D)         0.121     0.553    u_engine/measurement_sym_right_reg_reg[14]
  -------------------------------------------------------------------
                         required time                         -0.553    
                         arrival time                           0.662    
  -------------------------------------------------------------------
                         slack                                  0.110    





Pulse Width Checks
--------------------------------------------------------------------------------------
Clock Name:         estimator_clk
Waveform(ns):       { 0.000 5.000 }
Period(ns):         10.000
Sources:            { clk }

Check Type        Corner  Lib Pin             Reference Pin  Required(ns)  Actual(ns)  Slack(ns)  Location      Pin
Min Period        n/a     RAMB36E1/CLKARDCLK  n/a            2.576         10.000      7.424      RAMB36_X2Y3   u_engine/u_arcsine_cov_lut/y_reg_5/CLKARDCLK
Low Pulse Width   Fast    FDCE/C              n/a            0.500         5.000       4.500      SLICE_X88Y55  u_engine/cov_post_reg[8][21]/C
High Pulse Width  Slow    FDCE/C              n/a            0.500         5.000       4.500      SLICE_X88Y55  u_engine/cov_post_reg[8][21]/C



