Copyright 1986-2020 Xilinx, Inc. All Rights Reserved.
----------------------------------------------------------------------------------------------------------------------
| Tool Version : Vivado v.2020.2 (win64) Build 3064766 Wed Nov 18 09:12:45 MST 2020
| Date         : Fri Sep 11 22:30:56 2026
| Host         : REDACTED
| Command      : report_timing_summary -file <USER_HOME>/Verilog/BKF_RTL_Q8_14_Vivado/bkf_l1/timing_post_route.rpt
| Design       : bkf_l1_core
| Device       : 7z020-clg400
| Speed File   : -1  PRODUCTION 1.12 2019-11-22
----------------------------------------------------------------------------------------------------------------------

Timing Summary Report

------------------------------------------------------------------------------------------------
| Timer Settings
| --------------
------------------------------------------------------------------------------------------------

  Enable Multi Corner Analysis               :  Yes
  Enable Pessimism Removal                   :  Yes
  Pessimism Removal Resolution               :  Nearest Common Node
  Enable Input Delay Default Clock           :  No
  Enable Preset / Clear Arcs                 :  No
  Disable Flight Delays                      :  No
  Ignore I/O Paths                           :  No
  Timing Early Launch at Borrowing Latches   :  No
  Borrow Time for Max Delay Exceptions       :  Yes
  Merge Timing Exceptions                    :  Yes

  Corner  Analyze    Analyze
  Name    Max Paths  Min Paths
  ------  ---------  ---------
  Slow    Yes        Yes
  Fast    Yes        Yes



check_timing report

Table of Contents
-----------------
1. checking no_clock (0)
2. checking constant_clock (0)
3. checking pulse_width_clock (0)
4. checking unconstrained_internal_endpoints (0)
5. checking no_input_delay (471)
6. checking no_output_delay (346)
7. checking multiple_clock (0)
8. checking generated_clocks (0)
9. checking loops (0)
10. checking partial_input_delay (0)
11. checking partial_output_delay (0)
12. checking latch_loops (0)

1. checking no_clock (0)
------------------------
 There are 0 register/latch pins with no clock.


2. checking constant_clock (0)
------------------------------
 There are 0 register/latch pins with constant_clock.


3. checking pulse_width_clock (0)
---------------------------------
 There are 0 register/latch pins which need pulse_width check


4. checking unconstrained_internal_endpoints (0)
------------------------------------------------
 There are 0 pins that are not constrained for maximum delay.

 There are 0 pins that are not constrained for maximum delay due to constant clock.


5. checking no_input_delay (471)
--------------------------------
 There are 471 input ports with no input delay specified. (HIGH)

 There are 0 input ports with no input delay but user has a false path constraint.


6. checking no_output_delay (346)
---------------------------------
 There are 346 ports with no output delay specified. (HIGH)

 There are 0 ports with no output delay but user has a false path constraint

 There are 0 ports with no output delay but with a timing clock defined on it or propagating through it


7. checking multiple_clock (0)
------------------------------
 There are 0 register/latch pins with multiple clocks.


8. checking generated_clocks (0)
--------------------------------
 There are 0 generated clocks that are not connected to a clock source.


9. checking loops (0)
---------------------
 There are 0 combinational loops in the design.


10. checking partial_input_delay (0)
------------------------------------
 There are 0 input ports with partial input delay specified.


11. checking partial_output_delay (0)
-------------------------------------
 There are 0 ports with partial output delay specified.


12. checking latch_loops (0)
----------------------------
 There are 0 combinational latch loops in the design through latch input



------------------------------------------------------------------------------------------------
| Design Timing Summary
| ---------------------
------------------------------------------------------------------------------------------------

    WNS(ns)      TNS(ns)  TNS Failing Endpoints  TNS Total Endpoints      WHS(ns)      THS(ns)  THS Failing Endpoints  THS Total Endpoints     WPWS(ns)     TPWS(ns)  TPWS Failing Endpoints  TPWS Total Endpoints
    -------      -------  ---------------------  -------------------      -------      -------  ---------------------  -------------------     --------     --------  ----------------------  --------------------
      0.167        0.000                      0                 8625        0.130        0.000                      0                 8625        4.500        0.000                       0                  4380


All user specified timing constraints are met.


------------------------------------------------------------------------------------------------
| Clock Summary
| -------------
------------------------------------------------------------------------------------------------

Clock          Waveform(ns)       Period(ns)      Frequency(MHz)
-----          ------------       ----------      --------------
estimator_clk  {0.000 5.000}      10.000          100.000


------------------------------------------------------------------------------------------------
| Intra Clock Table
| -----------------
------------------------------------------------------------------------------------------------

Clock              WNS(ns)      TNS(ns)  TNS Failing Endpoints  TNS Total Endpoints      WHS(ns)      THS(ns)  THS Failing Endpoints  THS Total Endpoints     WPWS(ns)     TPWS(ns)  TPWS Failing Endpoints  TPWS Total Endpoints
-----              -------      -------  ---------------------  -------------------      -------      -------  ---------------------  -------------------     --------     --------  ----------------------  --------------------
estimator_clk        0.167        0.000                      0                 8625        0.130        0.000                      0                 8625        4.500        0.000                       0                  4380


------------------------------------------------------------------------------------------------
| Inter Clock Table
| -----------------
------------------------------------------------------------------------------------------------

From Clock    To Clock          WNS(ns)      TNS(ns)  TNS Failing Endpoints  TNS Total Endpoints      WHS(ns)      THS(ns)  THS Failing Endpoints  THS Total Endpoints
----------    --------          -------      -------  ---------------------  -------------------      -------      -------  ---------------------  -------------------


------------------------------------------------------------------------------------------------
| Other Path Groups Table
| -----------------------
------------------------------------------------------------------------------------------------

Path Group    From Clock    To Clock          WNS(ns)      TNS(ns)  TNS Failing Endpoints  TNS Total Endpoints      WHS(ns)      THS(ns)  THS Failing Endpoints  THS Total Endpoints
----------    ----------    --------          -------      -------  ---------------------  -------------------      -------      -------  ---------------------  -------------------


------------------------------------------------------------------------------------------------
| Timing Details
| --------------
------------------------------------------------------------------------------------------------


---------------------------------------------------------------------------------------------------
From Clock:  estimator_clk
  To Clock:  estimator_clk

Setup :            0  Failing Endpoints,  Worst Slack        0.167ns,  Total Violation        0.000ns
Hold  :            0  Failing Endpoints,  Worst Slack        0.130ns,  Total Violation        0.000ns
PW    :            0  Failing Endpoints,  Worst Slack        4.500ns,  Total Violation        0.000ns
---------------------------------------------------------------------------------------------------


Max Delay Paths
--------------------------------------------------------------------------------------
Slack (MET) :             0.167ns  (required time - arrival time)
  Source:                 u_engine/u_mul_mac_pipeline/stage3_mac_sum_reg[0]/C
                            (rising edge-triggered cell FDCE clocked by estimator_clk  {rise@0.000ns fall@5.000ns period=10.000ns})
  Destination:            u_engine/overflow_flag_reg/D
                            (rising edge-triggered cell FDCE clocked by estimator_clk  {rise@0.000ns fall@5.000ns period=10.000ns})
  Path Group:             estimator_clk
  Path Type:              Setup (Max at Slow Process Corner)
  Requirement:            10.000ns  (estimator_clk rise@10.000ns - estimator_clk rise@0.000ns)
  Data Path Delay:        9.780ns  (logic 5.461ns (55.836%)  route 4.319ns (44.164%))
  Logic Levels:           22  (CARRY4=15 LUT1=2 LUT5=2 LUT6=3)
  Clock Path Skew:        -0.049ns (DCD - SCD + CPR)
    Destination Clock Delay (DCD):    0.924ns = ( 10.924 - 10.000 )
    Source Clock Delay      (SCD):    0.973ns
    Clock Pessimism Removal (CPR):    0.000ns
  Clock Uncertainty:      0.035ns  ((TSJ^2 + TIJ^2)^1/2 + DJ) / 2 + PE
    Total System Jitter     (TSJ):    0.071ns
    Total Input Jitter      (TIJ):    0.000ns
    Discrete Jitter          (DJ):    0.000ns
    Phase Error              (PE):    0.000ns

    Location             Delay type                Incr(ns)  Path(ns)    Netlist Resource(s)
  -------------------------------------------------------------------    -------------------
                         (clock estimator_clk rise edge)
                                                      0.000     0.000 r
                                                      0.000     0.000 r  clk (IN)
                         net (fo=4379, unset)         0.973     0.973    u_engine/u_mul_mac_pipeline/clk
    SLICE_X84Y8          FDCE                                         r  u_engine/u_mul_mac_pipeline/stage3_mac_sum_reg[0]/C
  -------------------------------------------------------------------    -------------------
    SLICE_X84Y8          FDCE (Prop_fdce_C_Q)         0.456     1.429 f  u_engine/u_mul_mac_pipeline/stage3_mac_sum_reg[0]/Q
                         net (fo=4, routed)           0.315     1.744    u_engine/u_mul_mac_pipeline/Q[0]
    SLICE_X87Y8          LUT1 (Prop_lut1_I0_O)        0.124     1.868 r  u_engine/u_mul_mac_pipeline/state_predict[2][0]_i_18/O
                         net (fo=1, routed)           0.330     2.198    u_engine/u_mul_mac_pipeline/state_predict[2][0]_i_18_n_0
    SLICE_X86Y9          CARRY4 (Prop_carry4_CYINIT_CO[3])
                                                      0.595     2.793 r  u_engine/u_mul_mac_pipeline/state_predict_reg[2][0]_i_13/CO[3]
                         net (fo=1, routed)           0.000     2.793    u_engine/u_mul_mac_pipeline/state_predict_reg[2][0]_i_13_n_0
    SLICE_X86Y10         CARRY4 (Prop_carry4_CI_CO[3])
                                                      0.117     2.910 r  u_engine/u_mul_mac_pipeline/state_predict_reg[2][0]_i_8/CO[3]
                         net (fo=1, routed)           0.000     2.910    u_engine/u_mul_mac_pipeline/state_predict_reg[2][0]_i_8_n_0
    SLICE_X86Y11         CARRY4 (Prop_carry4_CI_CO[3])
                                                      0.117     3.027 r  u_engine/u_mul_mac_pipeline/state_predict_reg[2][0]_i_3/CO[3]
                         net (fo=1, routed)           0.000     3.027    u_engine/u_mul_mac_pipeline/state_predict_reg[2][0]_i_3_n_0
    SLICE_X86Y12         CARRY4 (Prop_carry4_CI_O[1])
                                                      0.323     3.350 f  u_engine/u_mul_mac_pipeline/state_predict_reg[2][0]_i_2/O[1]
                         net (fo=2, routed)           0.316     3.667    u_engine_n_65
    SLICE_X87Y12         LUT1 (Prop_lut1_I0_O)        0.306     3.973 r  state_predict[2][4]_i_3/O
                         net (fo=1, routed)           0.476     4.449    state_predict[2][4]_i_3_n_0
    SLICE_X85Y13         CARRY4 (Prop_carry4_CYINIT_CO[3])
                                                      0.580     5.029 r  state_predict_reg[2][4]_i_2/CO[3]
                         net (fo=1, routed)           0.000     5.029    state_predict_reg[2][4]_i_2_n_0
    SLICE_X85Y14         CARRY4 (Prop_carry4_CI_CO[3])
                                                      0.114     5.143 r  state_predict_reg[2][8]_i_2/CO[3]
                         net (fo=1, routed)           0.000     5.143    state_predict_reg[2][8]_i_2_n_0
    SLICE_X85Y15         CARRY4 (Prop_carry4_CI_CO[3])
                                                      0.114     5.257 r  state_predict_reg[2][12]_i_2/CO[3]
                         net (fo=1, routed)           0.000     5.257    state_predict_reg[2][12]_i_2_n_0
    SLICE_X85Y16         CARRY4 (Prop_carry4_CI_CO[3])
                                                      0.114     5.371 r  state_predict_reg[2][16]_i_2/CO[3]
                         net (fo=1, routed)           0.000     5.371    state_predict_reg[2][16]_i_2_n_0
    SLICE_X85Y17         CARRY4 (Prop_carry4_CI_CO[3])
                                                      0.114     5.485 r  state_predict_reg[2][20]_i_2/CO[3]
                         net (fo=1, routed)           0.000     5.485    state_predict_reg[2][20]_i_2_n_0
    SLICE_X85Y18         CARRY4 (Prop_carry4_CI_CO[3])
                                                      0.114     5.599 r  state_predict_reg[2][21]_i_6/CO[3]
                         net (fo=1, routed)           0.000     5.599    state_predict_reg[2][21]_i_6_n_0
    SLICE_X85Y19         CARRY4 (Prop_carry4_CI_CO[3])
                                                      0.114     5.713 r  state_predict_reg[2][21]_i_74/CO[3]
                         net (fo=1, routed)           0.000     5.713    state_predict_reg[2][21]_i_74_n_0
    SLICE_X85Y20         CARRY4 (Prop_carry4_CI_O[1])
                                                      0.334     6.047 f  state_predict_reg[2][21]_i_57/O[1]
                         net (fo=4, routed)           0.802     6.849    u_engine/u_mul_mac_pipeline/state_predict_reg[2][21]_i_23_1[1]
    SLICE_X87Y19         LUT5 (Prop_lut5_I1_O)        0.303     7.152 r  u_engine/u_mul_mac_pipeline/state_predict[2][21]_i_64/O
                         net (fo=1, routed)           0.000     7.152    u_engine/u_mul_mac_pipeline/state_predict[2][21]_i_64_n_0
    SLICE_X87Y19         CARRY4 (Prop_carry4_S[1]_CO[3])
                                                      0.550     7.702 r  u_engine/u_mul_mac_pipeline/state_predict_reg[2][21]_i_34/CO[3]
                         net (fo=1, routed)           0.000     7.702    u_engine/u_mul_mac_pipeline/state_predict_reg[2][21]_i_34_n_0
    SLICE_X87Y20         CARRY4 (Prop_carry4_CI_CO[3])
                                                      0.114     7.816 r  u_engine/u_mul_mac_pipeline/state_predict_reg[2][21]_i_18/CO[3]
                         net (fo=1, routed)           0.000     7.816    u_engine/u_mul_mac_pipeline/state_predict_reg[2][21]_i_18_n_0
    SLICE_X87Y21         CARRY4 (Prop_carry4_CI_CO[1])
                                                      0.157     7.973 f  u_engine/u_mul_mac_pipeline/state_predict_reg[2][21]_i_9/CO[1]
                         net (fo=25, routed)          0.944     8.917    u_engine/u_mul_mac_pipeline/round_sat5011_in
    SLICE_X79Y23         LUT6 (Prop_lut6_I4_O)        0.329     9.246 f  u_engine/u_mul_mac_pipeline/overflow_flag_i_28/O
                         net (fo=1, routed)           0.149     9.395    u_engine/u_mul_mac_pipeline/overflow_flag_i_28_n_0
    SLICE_X79Y23         LUT6 (Prop_lut6_I0_O)        0.124     9.519 f  u_engine/u_mul_mac_pipeline/overflow_flag_i_11/O
                         net (fo=1, routed)           0.562    10.081    u_engine/u_mul_mac_pipeline/overflow_flag_i_11_n_0
    SLICE_X73Y22         LUT5 (Prop_lut5_I1_O)        0.124    10.205 r  u_engine/u_mul_mac_pipeline/overflow_flag_i_3/O
                         net (fo=1, routed)           0.425    10.629    u_engine/u_mul_mac_pipeline/overflow_flag_i_3_n_0
    SLICE_X75Y23         LUT6 (Prop_lut6_I1_O)        0.124    10.753 r  u_engine/u_mul_mac_pipeline/overflow_flag_i_1/O
                         net (fo=1, routed)           0.000    10.753    u_engine/u_mul_mac_pipeline_n_386
    SLICE_X75Y23         FDCE                                         r  u_engine/overflow_flag_reg/D
  -------------------------------------------------------------------    -------------------

                         (clock estimator_clk rise edge)
                                                     10.000    10.000 r
                                                      0.000    10.000 r  clk (IN)
                         net (fo=4379, unset)         0.924    10.924    u_engine/clk
    SLICE_X75Y23         FDCE                                         r  u_engine/overflow_flag_reg/C
                         clock pessimism              0.000    10.924
                         clock uncertainty           -0.035    10.889
    SLICE_X75Y23         FDCE (Setup_fdce_C_D)        0.031    10.920    u_engine/overflow_flag_reg
  -------------------------------------------------------------------
                         required time                         10.920
                         arrival time                         -10.753
  -------------------------------------------------------------------
                         slack                                  0.167





Min Delay Paths
--------------------------------------------------------------------------------------
Slack (MET) :             0.130ns  (arrival time - required time)
  Source:                 u_engine/sign_cov_pre_reg[2][20]/C
                            (rising edge-triggered cell FDCE clocked by estimator_clk  {rise@0.000ns fall@5.000ns period=10.000ns})
  Destination:            u_engine/sign_sym_left_reg_reg[20]/D
                            (rising edge-triggered cell FDCE clocked by estimator_clk  {rise@0.000ns fall@5.000ns period=10.000ns})
  Path Group:             estimator_clk
  Path Type:              Hold (Min at Fast Process Corner)
  Requirement:            0.000ns  (estimator_clk rise@0.000ns - estimator_clk rise@0.000ns)
  Data Path Delay:        0.243ns  (logic 0.186ns (76.391%)  route 0.057ns (23.609%))
  Logic Levels:           1  (LUT5=1)
  Clock Path Skew:        0.022ns (DCD - SCD - CPR)
    Destination Clock Delay (DCD):    0.432ns
    Source Clock Delay      (SCD):    0.410ns
    Clock Pessimism Removal (CPR):    -0.000ns

    Location             Delay type                Incr(ns)  Path(ns)    Netlist Resource(s)
  -------------------------------------------------------------------    -------------------
                         (clock estimator_clk rise edge)
                                                      0.000     0.000 r
                                                      0.000     0.000 r  clk (IN)
                         net (fo=4379, unset)         0.410     0.410    u_engine/clk
    SLICE_X53Y6          FDCE                                         r  u_engine/sign_cov_pre_reg[2][20]/C
  -------------------------------------------------------------------    -------------------
    SLICE_X53Y6          FDCE (Prop_fdce_C_Q)         0.141     0.551 r  u_engine/sign_cov_pre_reg[2][20]/Q
                         net (fo=1, routed)           0.057     0.609    u_engine/sign_cov_pre_reg[2]_15[20]
    SLICE_X52Y6          LUT5 (Prop_lut5_I2_O)        0.045     0.654 r  u_engine/sign_sym_left_reg[20]_i_1/O
                         net (fo=1, routed)           0.000     0.654    u_engine/sign_sym_left_reg[20]_i_1_n_0
    SLICE_X52Y6          FDCE                                         r  u_engine/sign_sym_left_reg_reg[20]/D
  -------------------------------------------------------------------    -------------------

                         (clock estimator_clk rise edge)
                                                      0.000     0.000 r
                                                      0.000     0.000 r  clk (IN)
                         net (fo=4379, unset)         0.432     0.432    u_engine/clk
    SLICE_X52Y6          FDCE                                         r  u_engine/sign_sym_left_reg_reg[20]/C
                         clock pessimism              0.000     0.432
    SLICE_X52Y6          FDCE (Hold_fdce_C_D)         0.092     0.524    u_engine/sign_sym_left_reg_reg[20]
  -------------------------------------------------------------------
                         required time                         -0.524
                         arrival time                           0.654
  -------------------------------------------------------------------
                         slack                                  0.130





Pulse Width Checks
--------------------------------------------------------------------------------------
Clock Name:         estimator_clk
Waveform(ns):       { 0.000 5.000 }
Period(ns):         10.000
Sources:            { clk }

Check Type        Corner  Lib Pin             Reference Pin  Required(ns)  Actual(ns)  Slack(ns)  Location      Pin
Min Period        n/a     RAMB36E1/CLKARDCLK  n/a            2.576         10.000      7.424      RAMB36_X1Y2   u_engine/u_arcsine_cov_lut/y_reg_3/CLKARDCLK
Low Pulse Width   Fast    FDCE/C              n/a            0.500         5.000       4.500      SLICE_X47Y27  u_engine/determinant_reg[7]/C
High Pulse Width  Slow    FDCE/C              n/a            0.500         5.000       4.500      SLICE_X47Y27  u_engine/determinant_reg[7]/C



