Copyright 1986-2020 Xilinx, Inc. All Rights Reserved.
------------------------------------------------------------------------------------------------------------
| Tool Version : Vivado v.2020.2 (win64) Build 3064766 Wed Nov 18 09:12:45 MST 2020
| Date         : Sun Aug 30 19:52:19 2026
| Host         : REDACTED
| Command      : report_timing_summary -file <USER_HOME>/Verilog/Pipelined_BKF/ekf/timing_post_route.rpt
| Design       : ekf_core
| Device       : 7z020-clg400
| Speed File   : -1  PRODUCTION 1.12 2019-11-22
------------------------------------------------------------------------------------------------------------

Timing Summary Report

------------------------------------------------------------------------------------------------
| Timer Settings
| --------------
------------------------------------------------------------------------------------------------

  Enable Multi Corner Analysis               :  Yes
  Enable Pessimism Removal                   :  Yes
  Pessimism Removal Resolution               :  Nearest Common Node
  Enable Input Delay Default Clock           :  No
  Enable Preset / Clear Arcs                 :  No
  Disable Flight Delays                      :  No
  Ignore I/O Paths                           :  No
  Timing Early Launch at Borrowing Latches   :  No
  Borrow Time for Max Delay Exceptions       :  Yes
  Merge Timing Exceptions                    :  Yes

  Corner  Analyze    Analyze    
  Name    Max Paths  Min Paths  
  ------  ---------  ---------  
  Slow    Yes        Yes        
  Fast    Yes        Yes        



check_timing report

Table of Contents
-----------------
1. checking no_clock (0)
2. checking constant_clock (0)
3. checking pulse_width_clock (0)
4. checking unconstrained_internal_endpoints (0)
5. checking no_input_delay (580)
6. checking no_output_delay (302)
7. checking multiple_clock (0)
8. checking generated_clocks (0)
9. checking loops (0)
10. checking partial_input_delay (0)
11. checking partial_output_delay (0)
12. checking latch_loops (0)

1. checking no_clock (0)
------------------------
 There are 0 register/latch pins with no clock.


2. checking constant_clock (0)
------------------------------
 There are 0 register/latch pins with constant_clock.


3. checking pulse_width_clock (0)
---------------------------------
 There are 0 register/latch pins which need pulse_width check


4. checking unconstrained_internal_endpoints (0)
------------------------------------------------
 There are 0 pins that are not constrained for maximum delay.

 There are 0 pins that are not constrained for maximum delay due to constant clock.


5. checking no_input_delay (580)
--------------------------------
 There are 580 input ports with no input delay specified. (HIGH)

 There are 0 input ports with no input delay but user has a false path constraint.


6. checking no_output_delay (302)
---------------------------------
 There are 302 ports with no output delay specified. (HIGH)

 There are 0 ports with no output delay but user has a false path constraint

 There are 0 ports with no output delay but with a timing clock defined on it or propagating through it


7. checking multiple_clock (0)
------------------------------
 There are 0 register/latch pins with multiple clocks.


8. checking generated_clocks (0)
--------------------------------
 There are 0 generated clocks that are not connected to a clock source.


9. checking loops (0)
---------------------
 There are 0 combinational loops in the design.


10. checking partial_input_delay (0)
------------------------------------
 There are 0 input ports with partial input delay specified.


11. checking partial_output_delay (0)
-------------------------------------
 There are 0 ports with partial output delay specified.


12. checking latch_loops (0)
----------------------------
 There are 0 combinational latch loops in the design through latch input



------------------------------------------------------------------------------------------------
| Design Timing Summary
| ---------------------
------------------------------------------------------------------------------------------------

    WNS(ns)      TNS(ns)  TNS Failing Endpoints  TNS Total Endpoints      WHS(ns)      THS(ns)  THS Failing Endpoints  THS Total Endpoints     WPWS(ns)     TPWS(ns)  TPWS Failing Endpoints  TPWS Total Endpoints  
    -------      -------  ---------------------  -------------------      -------      -------  ---------------------  -------------------     --------     --------  ----------------------  --------------------  
     -3.439     -720.021                   1165                 8171        0.110        0.000                      0                 8171        4.500        0.000                       0                  4141  


Timing constraints are not met.


------------------------------------------------------------------------------------------------
| Clock Summary
| -------------
------------------------------------------------------------------------------------------------

Clock          Waveform(ns)       Period(ns)      Frequency(MHz)
-----          ------------       ----------      --------------
estimator_clk  {0.000 5.000}      10.000          100.000         


------------------------------------------------------------------------------------------------
| Intra Clock Table
| -----------------
------------------------------------------------------------------------------------------------

Clock              WNS(ns)      TNS(ns)  TNS Failing Endpoints  TNS Total Endpoints      WHS(ns)      THS(ns)  THS Failing Endpoints  THS Total Endpoints     WPWS(ns)     TPWS(ns)  TPWS Failing Endpoints  TPWS Total Endpoints  
-----              -------      -------  ---------------------  -------------------      -------      -------  ---------------------  -------------------     --------     --------  ----------------------  --------------------  
estimator_clk       -3.439     -720.021                   1165                 8171        0.110        0.000                      0                 8171        4.500        0.000                       0                  4141  


------------------------------------------------------------------------------------------------
| Inter Clock Table
| -----------------
------------------------------------------------------------------------------------------------

From Clock    To Clock          WNS(ns)      TNS(ns)  TNS Failing Endpoints  TNS Total Endpoints      WHS(ns)      THS(ns)  THS Failing Endpoints  THS Total Endpoints  
----------    --------          -------      -------  ---------------------  -------------------      -------      -------  ---------------------  -------------------  


------------------------------------------------------------------------------------------------
| Other Path Groups Table
| -----------------------
------------------------------------------------------------------------------------------------

Path Group    From Clock    To Clock          WNS(ns)      TNS(ns)  TNS Failing Endpoints  TNS Total Endpoints      WHS(ns)      THS(ns)  THS Failing Endpoints  THS Total Endpoints  
----------    ----------    --------          -------      -------  ---------------------  -------------------      -------      -------  ---------------------  -------------------  


------------------------------------------------------------------------------------------------
| Timing Details
| --------------
------------------------------------------------------------------------------------------------


---------------------------------------------------------------------------------------------------
From Clock:  estimator_clk
  To Clock:  estimator_clk

Setup :         1165  Failing Endpoints,  Worst Slack       -3.439ns,  Total Violation     -720.021ns
Hold  :            0  Failing Endpoints,  Worst Slack        0.110ns,  Total Violation        0.000ns
PW    :            0  Failing Endpoints,  Worst Slack        4.500ns,  Total Violation        0.000ns
---------------------------------------------------------------------------------------------------


Max Delay Paths
--------------------------------------------------------------------------------------
Slack (VIOLATED) :        -3.439ns  (required time - arrival time)
  Source:                 u_engine/u_divider/dividend_reg_reg[23]/C
                            (rising edge-triggered cell FDCE clocked by estimator_clk  {rise@0.000ns fall@5.000ns period=10.000ns})
  Destination:            u_engine/u_divider/quotient_reg[7]/D
                            (rising edge-triggered cell FDCE clocked by estimator_clk  {rise@0.000ns fall@5.000ns period=10.000ns})
  Path Group:             estimator_clk
  Path Type:              Setup (Max at Slow Process Corner)
  Requirement:            10.000ns  (estimator_clk rise@10.000ns - estimator_clk rise@0.000ns)
  Data Path Delay:        13.386ns  (logic 6.752ns (50.440%)  route 6.634ns (49.561%))
  Logic Levels:           34  (CARRY4=23 LUT3=1 LUT4=3 LUT6=7)
  Clock Path Skew:        -0.049ns (DCD - SCD + CPR)
    Destination Clock Delay (DCD):    0.924ns = ( 10.924 - 10.000 ) 
    Source Clock Delay      (SCD):    0.973ns
    Clock Pessimism Removal (CPR):    0.000ns
  Clock Uncertainty:      0.035ns  ((TSJ^2 + TIJ^2)^1/2 + DJ) / 2 + PE
    Total System Jitter     (TSJ):    0.071ns
    Total Input Jitter      (TIJ):    0.000ns
    Discrete Jitter          (DJ):    0.000ns
    Phase Error              (PE):    0.000ns

    Location             Delay type                Incr(ns)  Path(ns)    Netlist Resource(s)
  -------------------------------------------------------------------    -------------------
                         (clock estimator_clk rise edge)
                                                      0.000     0.000 r  
                                                      0.000     0.000 r  clk (IN)
                         net (fo=4140, unset)         0.973     0.973    u_engine/u_divider/clk
    SLICE_X37Y78         FDCE                                         r  u_engine/u_divider/dividend_reg_reg[23]/C
  -------------------------------------------------------------------    -------------------
    SLICE_X37Y78         FDCE (Prop_fdce_C_Q)         0.456     1.429 f  u_engine/u_divider/dividend_reg_reg[23]/Q
                         net (fo=1, routed)           0.973     2.402    u_engine/u_divider/dividend_reg_reg_n_0_[23]
    SLICE_X35Y78         LUT6 (Prop_lut6_I1_O)        0.124     2.526 f  u_engine/u_divider/remainder_reg[0]_i_8/O
                         net (fo=1, routed)           0.601     3.127    u_engine/u_divider/remainder_reg[0]_i_8_n_0
    SLICE_X32Y78         LUT6 (Prop_lut6_I0_O)        0.124     3.251 r  u_engine/u_divider/remainder_reg[0]_i_5/O
                         net (fo=1, routed)           0.314     3.565    u_engine/u_divider/remainder_reg[0]_i_5_n_0
    SLICE_X34Y78         LUT6 (Prop_lut6_I5_O)        0.124     3.689 r  u_engine/u_divider/remainder_reg[0]_i_2/O
                         net (fo=6, routed)           0.443     4.132    u_engine/u_divider/remainder_reg[0]_i_2_n_0
    SLICE_X34Y80         LUT4 (Prop_lut4_I0_O)        0.124     4.256 r  u_engine/u_divider/remainder_reg[40]_i_52/O
                         net (fo=1, routed)           0.000     4.256    u_engine/u_divider/remainder_reg[40]_i_52_n_0
    SLICE_X34Y80         CARRY4 (Prop_carry4_S[0]_CO[3])
                                                      0.513     4.769 r  u_engine/u_divider/remainder_reg_reg[40]_i_36/CO[3]
                         net (fo=1, routed)           0.000     4.769    u_engine/u_divider/remainder_reg_reg[40]_i_36_n_0
    SLICE_X34Y81         CARRY4 (Prop_carry4_CI_CO[3])
                                                      0.117     4.886 r  u_engine/u_divider/remainder_reg_reg[40]_i_27/CO[3]
                         net (fo=1, routed)           0.000     4.886    u_engine/u_divider/remainder_reg_reg[40]_i_27_n_0
    SLICE_X34Y82         CARRY4 (Prop_carry4_CI_CO[3])
                                                      0.117     5.003 r  u_engine/u_divider/remainder_reg_reg[40]_i_18/CO[3]
                         net (fo=1, routed)           0.000     5.003    u_engine/u_divider/remainder_reg_reg[40]_i_18_n_0
    SLICE_X34Y83         CARRY4 (Prop_carry4_CI_CO[3])
                                                      0.117     5.120 r  u_engine/u_divider/remainder_reg_reg[40]_i_9/CO[3]
                         net (fo=1, routed)           0.000     5.120    u_engine/u_divider/remainder_reg_reg[40]_i_9_n_0
    SLICE_X34Y84         CARRY4 (Prop_carry4_CI_CO[3])
                                                      0.117     5.237 r  u_engine/u_divider/remainder_reg_reg[40]_i_5/CO[3]
                         net (fo=1, routed)           0.000     5.237    u_engine/u_divider/remainder_reg_reg[40]_i_5_n_0
    SLICE_X34Y85         CARRY4 (Prop_carry4_CI_CO[0])
                                                      0.254     5.491 r  u_engine/u_divider/remainder_reg_reg[40]_i_3/CO[0]
                         net (fo=153, routed)         0.767     6.257    u_engine/u_divider/remainder_next1
    SLICE_X39Y82         LUT3 (Prop_lut3_I1_O)        0.367     6.624 r  u_engine/u_divider/quotient[3]_i_65/O
                         net (fo=1, routed)           0.419     7.043    u_engine/u_divider/quotient[3]_i_65_n_0
    SLICE_X36Y82         LUT6 (Prop_lut6_I4_O)        0.124     7.167 r  u_engine/u_divider/quotient[3]_i_57/O
                         net (fo=1, routed)           0.000     7.167    u_engine/u_divider/quotient[3]_i_57_n_0
    SLICE_X36Y82         CARRY4 (Prop_carry4_S[1]_CO[3])
                                                      0.533     7.700 r  u_engine/u_divider/quotient_reg[3]_i_38/CO[3]
                         net (fo=1, routed)           0.000     7.700    u_engine/u_divider/quotient_reg[3]_i_38_n_0
    SLICE_X36Y83         CARRY4 (Prop_carry4_CI_CO[3])
                                                      0.117     7.817 r  u_engine/u_divider/quotient_reg[3]_i_29/CO[3]
                         net (fo=1, routed)           0.000     7.817    u_engine/u_divider/quotient_reg[3]_i_29_n_0
    SLICE_X36Y84         CARRY4 (Prop_carry4_CI_CO[3])
                                                      0.117     7.934 r  u_engine/u_divider/quotient_reg[3]_i_20/CO[3]
                         net (fo=1, routed)           0.000     7.934    u_engine/u_divider/quotient_reg[3]_i_20_n_0
    SLICE_X36Y85         CARRY4 (Prop_carry4_CI_CO[3])
                                                      0.117     8.051 r  u_engine/u_divider/quotient_reg[3]_i_11/CO[3]
                         net (fo=1, routed)           0.000     8.051    u_engine/u_divider/quotient_reg[3]_i_11_n_0
    SLICE_X36Y86         CARRY4 (Prop_carry4_CI_CO[3])
                                                      0.117     8.168 r  u_engine/u_divider/quotient_reg[3]_i_8/CO[3]
                         net (fo=1, routed)           0.000     8.168    u_engine/u_divider/quotient_reg[3]_i_8_n_0
    SLICE_X36Y87         CARRY4 (Prop_carry4_CI_CO[0])
                                                      0.254     8.422 r  u_engine/u_divider/quotient_reg[3]_i_3/CO[0]
                         net (fo=2, routed)           0.325     8.748    u_engine/u_divider/rounded_magnitude1
    SLICE_X36Y88         LUT6 (Prop_lut6_I5_O)        0.367     9.115 r  u_engine/u_divider/quotient[3]_i_7/O
                         net (fo=1, routed)           0.000     9.115    u_engine/u_divider/quotient[3]_i_7_n_0
    SLICE_X36Y88         CARRY4 (Prop_carry4_S[0]_CO[3])
                                                      0.513     9.628 r  u_engine/u_divider/quotient_reg[3]_i_2/CO[3]
                         net (fo=1, routed)           0.000     9.628    u_engine/u_divider/quotient_reg[3]_i_2_n_0
    SLICE_X36Y89         CARRY4 (Prop_carry4_CI_CO[3])
                                                      0.117     9.745 r  u_engine/u_divider/quotient_reg[7]_i_2/CO[3]
                         net (fo=1, routed)           0.000     9.745    u_engine/u_divider/quotient_reg[7]_i_2_n_0
    SLICE_X36Y90         CARRY4 (Prop_carry4_CI_CO[3])
                                                      0.117     9.862 r  u_engine/u_divider/quotient_reg[11]_i_2/CO[3]
                         net (fo=1, routed)           0.000     9.862    u_engine/u_divider/quotient_reg[11]_i_2_n_0
    SLICE_X36Y91         CARRY4 (Prop_carry4_CI_CO[3])
                                                      0.117     9.979 r  u_engine/u_divider/quotient_reg[15]_i_2/CO[3]
                         net (fo=1, routed)           0.000     9.979    u_engine/u_divider/quotient_reg[15]_i_2_n_0
    SLICE_X36Y92         CARRY4 (Prop_carry4_CI_CO[3])
                                                      0.117    10.096 r  u_engine/u_divider/quotient_reg[19]_i_2/CO[3]
                         net (fo=1, routed)           0.000    10.096    u_engine/u_divider/quotient_reg[19]_i_2_n_0
    SLICE_X36Y93         CARRY4 (Prop_carry4_CI_CO[3])
                                                      0.117    10.213 r  u_engine/u_divider/quotient_reg[22]_i_4/CO[3]
                         net (fo=1, routed)           0.000    10.213    u_engine/u_divider/quotient_reg[22]_i_4_n_0
    SLICE_X36Y94         CARRY4 (Prop_carry4_CI_CO[3])
                                                      0.117    10.330 r  u_engine/u_divider/quotient_reg[23]_i_24/CO[3]
                         net (fo=1, routed)           0.000    10.330    u_engine/u_divider/quotient_reg[23]_i_24_n_0
    SLICE_X36Y95         CARRY4 (Prop_carry4_CI_CO[3])
                                                      0.117    10.447 r  u_engine/u_divider/quotient_reg[23]_i_23/CO[3]
                         net (fo=1, routed)           0.000    10.447    u_engine/u_divider/quotient_reg[23]_i_23_n_0
    SLICE_X36Y96         CARRY4 (Prop_carry4_CI_CO[3])
                                                      0.117    10.564 r  u_engine/u_divider/quotient_reg[23]_i_22/CO[3]
                         net (fo=1, routed)           0.000    10.564    u_engine/u_divider/quotient_reg[23]_i_22_n_0
    SLICE_X36Y97         CARRY4 (Prop_carry4_CI_CO[3])
                                                      0.117    10.681 r  u_engine/u_divider/quotient_reg[23]_i_20/CO[3]
                         net (fo=1, routed)           0.000    10.681    u_engine/u_divider/quotient_reg[23]_i_20_n_0
    SLICE_X36Y98         CARRY4 (Prop_carry4_CI_O[0])
                                                      0.219    10.900 f  u_engine/u_divider/quotient_reg[23]_i_21/O[0]
                         net (fo=1, routed)           1.117    12.016    u_engine/u_divider/quotient_reg[23]_i_21_n_7
    SLICE_X35Y95         LUT6 (Prop_lut6_I5_O)        0.295    12.311 r  u_engine/u_divider/quotient[23]_i_7/O
                         net (fo=3, routed)           0.177    12.488    u_engine/u_divider/quotient[23]_i_7_n_0
    SLICE_X35Y95         LUT4 (Prop_lut4_I3_O)        0.124    12.612 r  u_engine/u_divider/quotient[23]_i_6/O
                         net (fo=24, routed)          0.646    13.259    u_engine/u_divider/quotient[23]_i_6_n_0
    SLICE_X35Y94         LUT4 (Prop_lut4_I2_O)        0.124    13.383 r  u_engine/u_divider/quotient[22]_i_6/O
                         net (fo=7, routed)           0.853    14.235    u_engine/u_divider/quotient[22]_i_6_n_0
    SLICE_X35Y92         LUT6 (Prop_lut6_I2_O)        0.124    14.359 r  u_engine/u_divider/quotient[7]_i_1_comp/O
                         net (fo=1, routed)           0.000    14.359    u_engine/u_divider/quotient[7]_i_1_n_0
    SLICE_X35Y92         FDCE                                         r  u_engine/u_divider/quotient_reg[7]/D
  -------------------------------------------------------------------    -------------------

                         (clock estimator_clk rise edge)
                                                     10.000    10.000 r  
                                                      0.000    10.000 r  clk (IN)
                         net (fo=4140, unset)         0.924    10.924    u_engine/u_divider/clk
    SLICE_X35Y92         FDCE                                         r  u_engine/u_divider/quotient_reg[7]/C
                         clock pessimism              0.000    10.924    
                         clock uncertainty           -0.035    10.889    
    SLICE_X35Y92         FDCE (Setup_fdce_C_D)        0.031    10.920    u_engine/u_divider/quotient_reg[7]
  -------------------------------------------------------------------
                         required time                         10.920    
                         arrival time                         -14.359    
  -------------------------------------------------------------------
                         slack                                 -3.439    





Min Delay Paths
--------------------------------------------------------------------------------------
Slack (MET) :             0.110ns  (arrival time - required time)
  Source:                 u_engine/u_divider/remainder_reg_reg[31]/C
                            (rising edge-triggered cell FDCE clocked by estimator_clk  {rise@0.000ns fall@5.000ns period=10.000ns})
  Destination:            u_engine/u_divider/remainder_reg_reg[32]/D
                            (rising edge-triggered cell FDCE clocked by estimator_clk  {rise@0.000ns fall@5.000ns period=10.000ns})
  Path Group:             estimator_clk
  Path Type:              Hold (Min at Fast Process Corner)
  Requirement:            0.000ns  (estimator_clk rise@0.000ns - estimator_clk rise@0.000ns)
  Data Path Delay:        0.252ns  (logic 0.186ns (73.740%)  route 0.066ns (26.260%))
  Logic Levels:           1  (LUT4=1)
  Clock Path Skew:        0.022ns (DCD - SCD - CPR)
    Destination Clock Delay (DCD):    0.432ns
    Source Clock Delay      (SCD):    0.410ns
    Clock Pessimism Removal (CPR):    -0.000ns

    Location             Delay type                Incr(ns)  Path(ns)    Netlist Resource(s)
  -------------------------------------------------------------------    -------------------
                         (clock estimator_clk rise edge)
                                                      0.000     0.000 r  
                                                      0.000     0.000 r  clk (IN)
                         net (fo=4140, unset)         0.410     0.410    u_engine/u_divider/clk
    SLICE_X33Y84         FDCE                                         r  u_engine/u_divider/remainder_reg_reg[31]/C
  -------------------------------------------------------------------    -------------------
    SLICE_X33Y84         FDCE (Prop_fdce_C_Q)         0.141     0.551 r  u_engine/u_divider/remainder_reg_reg[31]/Q
                         net (fo=7, routed)           0.066     0.617    u_engine/u_divider/shifted_remainder[32]
    SLICE_X32Y84         LUT4 (Prop_lut4_I0_O)        0.045     0.662 r  u_engine/u_divider/remainder_reg[32]_i_1/O
                         net (fo=1, routed)           0.000     0.662    u_engine/u_divider/remainder_reg[32]_i_1_n_0
    SLICE_X32Y84         FDCE                                         r  u_engine/u_divider/remainder_reg_reg[32]/D
  -------------------------------------------------------------------    -------------------

                         (clock estimator_clk rise edge)
                                                      0.000     0.000 r  
                                                      0.000     0.000 r  clk (IN)
                         net (fo=4140, unset)         0.432     0.432    u_engine/u_divider/clk
    SLICE_X32Y84         FDCE                                         r  u_engine/u_divider/remainder_reg_reg[32]/C
                         clock pessimism              0.000     0.432    
    SLICE_X32Y84         FDCE (Hold_fdce_C_D)         0.121     0.553    u_engine/u_divider/remainder_reg_reg[32]
  -------------------------------------------------------------------
                         required time                         -0.553    
                         arrival time                           0.662    
  -------------------------------------------------------------------
                         slack                                  0.110    





Pulse Width Checks
--------------------------------------------------------------------------------------
Clock Name:         estimator_clk
Waveform(ns):       { 0.000 5.000 }
Period(ns):         10.000
Sources:            { clk }

Check Type        Corner  Lib Pin             Reference Pin  Required(ns)  Actual(ns)  Slack(ns)  Location      Pin
Min Period        n/a     RAMB36E1/CLKARDCLK  n/a            2.576         10.000      7.424      RAMB36_X2Y13  u_engine/u_arcsine_cov_lut/y_reg_3/CLKARDCLK
Low Pulse Width   Fast    FDCE/C              n/a            0.500         5.000       4.500      SLICE_X43Y77  u_engine/f_matrix_reg[8][12]/C
High Pulse Width  Slow    FDCE/C              n/a            0.500         5.000       4.500      SLICE_X43Y77  u_engine/f_matrix_reg[8][12]/C



