Copyright 1986-2020 Xilinx, Inc. All Rights Reserved.
----------------------------------------------------------------------------------------------------------------
| Tool Version : Vivado v.2020.2 (win64) Build 3064766 Wed Nov 18 09:12:45 MST 2020
| Date         : Mon Aug 31 18:57:36 2026
| Host         : REDACTED
| Command      : report_timing_summary -file <USER_HOME>/Verilog/Pipelined_BKF3/bkf_l1/timing_post_route.rpt
| Design       : bkf_l1_core
| Device       : 7z020-clg400
| Speed File   : -1  PRODUCTION 1.12 2019-11-22
----------------------------------------------------------------------------------------------------------------

Timing Summary Report

------------------------------------------------------------------------------------------------
| Timer Settings
| --------------
------------------------------------------------------------------------------------------------

  Enable Multi Corner Analysis               :  Yes
  Enable Pessimism Removal                   :  Yes
  Pessimism Removal Resolution               :  Nearest Common Node
  Enable Input Delay Default Clock           :  No
  Enable Preset / Clear Arcs                 :  No
  Disable Flight Delays                      :  No
  Ignore I/O Paths                           :  No
  Timing Early Launch at Borrowing Latches   :  No
  Borrow Time for Max Delay Exceptions       :  Yes
  Merge Timing Exceptions                    :  Yes

  Corner  Analyze    Analyze    
  Name    Max Paths  Min Paths  
  ------  ---------  ---------  
  Slow    Yes        Yes        
  Fast    Yes        Yes        



check_timing report

Table of Contents
-----------------
1. checking no_clock (0)
2. checking constant_clock (0)
3. checking pulse_width_clock (0)
4. checking unconstrained_internal_endpoints (0)
5. checking no_input_delay (513)
6. checking no_output_delay (376)
7. checking multiple_clock (0)
8. checking generated_clocks (0)
9. checking loops (0)
10. checking partial_input_delay (0)
11. checking partial_output_delay (0)
12. checking latch_loops (0)

1. checking no_clock (0)
------------------------
 There are 0 register/latch pins with no clock.


2. checking constant_clock (0)
------------------------------
 There are 0 register/latch pins with constant_clock.


3. checking pulse_width_clock (0)
---------------------------------
 There are 0 register/latch pins which need pulse_width check


4. checking unconstrained_internal_endpoints (0)
------------------------------------------------
 There are 0 pins that are not constrained for maximum delay.

 There are 0 pins that are not constrained for maximum delay due to constant clock.


5. checking no_input_delay (513)
--------------------------------
 There are 513 input ports with no input delay specified. (HIGH)

 There are 0 input ports with no input delay but user has a false path constraint.


6. checking no_output_delay (376)
---------------------------------
 There are 376 ports with no output delay specified. (HIGH)

 There are 0 ports with no output delay but user has a false path constraint

 There are 0 ports with no output delay but with a timing clock defined on it or propagating through it


7. checking multiple_clock (0)
------------------------------
 There are 0 register/latch pins with multiple clocks.


8. checking generated_clocks (0)
--------------------------------
 There are 0 generated clocks that are not connected to a clock source.


9. checking loops (0)
---------------------
 There are 0 combinational loops in the design.


10. checking partial_input_delay (0)
------------------------------------
 There are 0 input ports with partial input delay specified.


11. checking partial_output_delay (0)
-------------------------------------
 There are 0 ports with partial output delay specified.


12. checking latch_loops (0)
----------------------------
 There are 0 combinational latch loops in the design through latch input



------------------------------------------------------------------------------------------------
| Design Timing Summary
| ---------------------
------------------------------------------------------------------------------------------------

    WNS(ns)      TNS(ns)  TNS Failing Endpoints  TNS Total Endpoints      WHS(ns)      THS(ns)  THS Failing Endpoints  THS Total Endpoints     WPWS(ns)     TPWS(ns)  TPWS Failing Endpoints  TPWS Total Endpoints  
    -------      -------  ---------------------  -------------------      -------      -------  ---------------------  -------------------     --------     --------  ----------------------  --------------------  
      0.095        0.000                      0                 9403        0.096        0.000                      0                 9403        4.500        0.000                       0                  4730  


All user specified timing constraints are met.


------------------------------------------------------------------------------------------------
| Clock Summary
| -------------
------------------------------------------------------------------------------------------------

Clock          Waveform(ns)       Period(ns)      Frequency(MHz)
-----          ------------       ----------      --------------
estimator_clk  {0.000 5.000}      10.000          100.000         


------------------------------------------------------------------------------------------------
| Intra Clock Table
| -----------------
------------------------------------------------------------------------------------------------

Clock              WNS(ns)      TNS(ns)  TNS Failing Endpoints  TNS Total Endpoints      WHS(ns)      THS(ns)  THS Failing Endpoints  THS Total Endpoints     WPWS(ns)     TPWS(ns)  TPWS Failing Endpoints  TPWS Total Endpoints  
-----              -------      -------  ---------------------  -------------------      -------      -------  ---------------------  -------------------     --------     --------  ----------------------  --------------------  
estimator_clk        0.095        0.000                      0                 9403        0.096        0.000                      0                 9403        4.500        0.000                       0                  4730  


------------------------------------------------------------------------------------------------
| Inter Clock Table
| -----------------
------------------------------------------------------------------------------------------------

From Clock    To Clock          WNS(ns)      TNS(ns)  TNS Failing Endpoints  TNS Total Endpoints      WHS(ns)      THS(ns)  THS Failing Endpoints  THS Total Endpoints  
----------    --------          -------      -------  ---------------------  -------------------      -------      -------  ---------------------  -------------------  


------------------------------------------------------------------------------------------------
| Other Path Groups Table
| -----------------------
------------------------------------------------------------------------------------------------

Path Group    From Clock    To Clock          WNS(ns)      TNS(ns)  TNS Failing Endpoints  TNS Total Endpoints      WHS(ns)      THS(ns)  THS Failing Endpoints  THS Total Endpoints  
----------    ----------    --------          -------      -------  ---------------------  -------------------      -------      -------  ---------------------  -------------------  


------------------------------------------------------------------------------------------------
| Timing Details
| --------------
------------------------------------------------------------------------------------------------


---------------------------------------------------------------------------------------------------
From Clock:  estimator_clk
  To Clock:  estimator_clk

Setup :            0  Failing Endpoints,  Worst Slack        0.095ns,  Total Violation        0.000ns
Hold  :            0  Failing Endpoints,  Worst Slack        0.096ns,  Total Violation        0.000ns
PW    :            0  Failing Endpoints,  Worst Slack        4.500ns,  Total Violation        0.000ns
---------------------------------------------------------------------------------------------------


Max Delay Paths
--------------------------------------------------------------------------------------
Slack (MET) :             0.095ns  (required time - arrival time)
  Source:                 u_engine/cov_predict_mac_accumulator_reg_reg[0]/C
                            (rising edge-triggered cell FDCE clocked by estimator_clk  {rise@0.000ns fall@5.000ns period=10.000ns})
  Destination:            u_engine/overflow_flag_reg/D
                            (rising edge-triggered cell FDCE clocked by estimator_clk  {rise@0.000ns fall@5.000ns period=10.000ns})
  Path Group:             estimator_clk
  Path Type:              Setup (Max at Slow Process Corner)
  Requirement:            10.000ns  (estimator_clk rise@10.000ns - estimator_clk rise@0.000ns)
  Data Path Delay:        9.853ns  (logic 5.721ns (58.063%)  route 4.132ns (41.937%))
  Logic Levels:           24  (CARRY4=17 LUT1=2 LUT5=2 LUT6=3)
  Clock Path Skew:        -0.049ns (DCD - SCD + CPR)
    Destination Clock Delay (DCD):    0.924ns = ( 10.924 - 10.000 ) 
    Source Clock Delay      (SCD):    0.973ns
    Clock Pessimism Removal (CPR):    0.000ns
  Clock Uncertainty:      0.035ns  ((TSJ^2 + TIJ^2)^1/2 + DJ) / 2 + PE
    Total System Jitter     (TSJ):    0.071ns
    Total Input Jitter      (TIJ):    0.000ns
    Discrete Jitter          (DJ):    0.000ns
    Phase Error              (PE):    0.000ns

    Location             Delay type                Incr(ns)  Path(ns)    Netlist Resource(s)
  -------------------------------------------------------------------    -------------------
                         (clock estimator_clk rise edge)
                                                      0.000     0.000 r  
                                                      0.000     0.000 r  clk (IN)
                         net (fo=4729, unset)         0.973     0.973    u_engine/clk
    SLICE_X74Y20         FDCE                                         r  u_engine/cov_predict_mac_accumulator_reg_reg[0]/C
  -------------------------------------------------------------------    -------------------
    SLICE_X74Y20         FDCE (Prop_fdce_C_Q)         0.419     1.392 f  u_engine/cov_predict_mac_accumulator_reg_reg[0]/Q
                         net (fo=1, routed)           0.279     1.671    u_engine/cov_predict_mac_accumulator_reg_reg_n_0_[0]
    SLICE_X74Y20         LUT1 (Prop_lut1_I0_O)        0.297     1.968 r  u_engine/cov_predict[6][0]_i_26/O
                         net (fo=1, routed)           0.189     2.157    u_engine/cov_predict[6][0]_i_26_n_0
    SLICE_X75Y20         CARRY4 (Prop_carry4_CYINIT_CO[3])
                                                      0.580     2.737 r  u_engine/cov_predict_reg[6][0]_i_21/CO[3]
                         net (fo=1, routed)           0.000     2.737    u_engine/cov_predict_reg[6][0]_i_21_n_0
    SLICE_X75Y21         CARRY4 (Prop_carry4_CI_CO[3])
                                                      0.114     2.851 r  u_engine/cov_predict_reg[6][0]_i_16/CO[3]
                         net (fo=1, routed)           0.000     2.851    u_engine/cov_predict_reg[6][0]_i_16_n_0
    SLICE_X75Y22         CARRY4 (Prop_carry4_CI_CO[3])
                                                      0.114     2.965 r  u_engine/cov_predict_reg[6][0]_i_11/CO[3]
                         net (fo=1, routed)           0.000     2.965    u_engine/cov_predict_reg[6][0]_i_11_n_0
    SLICE_X75Y23         CARRY4 (Prop_carry4_CI_CO[3])
                                                      0.114     3.079 r  u_engine/cov_predict_reg[6][0]_i_6/CO[3]
                         net (fo=1, routed)           0.000     3.079    u_engine/cov_predict_reg[6][0]_i_6_n_0
    SLICE_X75Y24         CARRY4 (Prop_carry4_CI_CO[3])
                                                      0.114     3.193 r  u_engine/cov_predict_reg[6][4]_i_17/CO[3]
                         net (fo=1, routed)           0.009     3.202    u_engine/cov_predict_reg[6][4]_i_17_n_0
    SLICE_X75Y25         CARRY4 (Prop_carry4_CI_CO[3])
                                                      0.114     3.316 r  u_engine/cov_predict_reg[6][8]_i_16/CO[3]
                         net (fo=1, routed)           0.000     3.316    u_engine/cov_predict_reg[6][8]_i_16_n_0
    SLICE_X75Y26         CARRY4 (Prop_carry4_CI_CO[3])
                                                      0.114     3.430 r  u_engine/cov_predict_reg[6][12]_i_16/CO[3]
                         net (fo=1, routed)           0.000     3.430    u_engine/cov_predict_reg[6][12]_i_16_n_0
    SLICE_X75Y27         CARRY4 (Prop_carry4_CI_CO[3])
                                                      0.114     3.544 r  u_engine/cov_predict_reg[6][16]_i_16/CO[3]
                         net (fo=1, routed)           0.000     3.544    u_engine/cov_predict_reg[6][16]_i_16_n_0
    SLICE_X75Y28         CARRY4 (Prop_carry4_CI_CO[3])
                                                      0.114     3.658 r  u_engine/cov_predict_reg[6][20]_i_16/CO[3]
                         net (fo=1, routed)           0.000     3.658    u_engine/cov_predict_reg[6][20]_i_16_n_0
    SLICE_X75Y29         CARRY4 (Prop_carry4_CI_CO[3])
                                                      0.114     3.772 r  u_engine/cov_predict_reg[6][23]_i_43/CO[3]
                         net (fo=1, routed)           0.000     3.772    u_engine/cov_predict_reg[6][23]_i_43_n_0
    SLICE_X75Y30         CARRY4 (Prop_carry4_CI_O[1])
                                                      0.334     4.106 f  u_engine/cov_predict_reg[6][23]_i_122/O[1]
                         net (fo=1, routed)           0.568     4.674    rounded_value2[42]
    SLICE_X72Y30         LUT1 (Prop_lut1_I0_O)        0.303     4.977 r  cov_predict[6][23]_i_120/O
                         net (fo=1, routed)           0.000     4.977    cov_predict[6][23]_i_120_n_0
    SLICE_X72Y30         CARRY4 (Prop_carry4_S[1]_CO[3])
                                                      0.550     5.527 r  cov_predict_reg[6][23]_i_103/CO[3]
                         net (fo=1, routed)           0.000     5.527    cov_predict_reg[6][23]_i_103_n_0
    SLICE_X72Y31         CARRY4 (Prop_carry4_CI_CO[3])
                                                      0.114     5.641 r  cov_predict_reg[6][23]_i_82/CO[3]
                         net (fo=1, routed)           0.000     5.641    cov_predict_reg[6][23]_i_82_n_0
    SLICE_X72Y32         CARRY4 (Prop_carry4_CI_O[0])
                                                      0.222     5.863 f  cov_predict_reg[6][23]_i_54/O[0]
                         net (fo=4, routed)           0.788     6.651    u_engine/rounded_value00_in_2[32]
    SLICE_X70Y30         LUT5 (Prop_lut5_I1_O)        0.299     6.950 r  u_engine/cov_predict[6][23]_i_92/O
                         net (fo=1, routed)           0.000     6.950    u_engine/cov_predict[6][23]_i_92_n_0
    SLICE_X70Y30         CARRY4 (Prop_carry4_S[1]_CO[3])
                                                      0.550     7.500 r  u_engine/cov_predict_reg[6][23]_i_55/CO[3]
                         net (fo=1, routed)           0.000     7.500    u_engine/cov_predict_reg[6][23]_i_55_n_0
    SLICE_X70Y31         CARRY4 (Prop_carry4_CI_CO[3])
                                                      0.114     7.614 r  u_engine/cov_predict_reg[6][23]_i_30/CO[3]
                         net (fo=1, routed)           0.000     7.614    u_engine/cov_predict_reg[6][23]_i_30_n_0
    SLICE_X70Y32         CARRY4 (Prop_carry4_CI_CO[2])
                                                      0.228     7.842 r  u_engine/cov_predict_reg[6][23]_i_14/CO[2]
                         net (fo=25, routed)          0.712     8.554    u_engine/overflow50_return04_in
    SLICE_X71Y28         LUT6 (Prop_lut6_I4_O)        0.313     8.867 r  u_engine/overflow_flag_i_20/O
                         net (fo=6, routed)           0.651     9.517    u_engine/u_mul_mac_pipeline/overflow_flag_i_2_1
    SLICE_X70Y28         LUT6 (Prop_lut6_I5_O)        0.124     9.641 r  u_engine/u_mul_mac_pipeline/overflow_flag_i_6/O
                         net (fo=2, routed)           0.507    10.148    u_engine/u_mul_mac_pipeline/overflow_flag_i_6_n_0
    SLICE_X71Y28         LUT6 (Prop_lut6_I0_O)        0.124    10.272 r  u_engine/u_mul_mac_pipeline/overflow_flag_i_2/O
                         net (fo=1, routed)           0.430    10.702    u_engine/u_mul_mac_pipeline/overflow_flag_i_2_n_0
    SLICE_X69Y28         LUT5 (Prop_lut5_I0_O)        0.124    10.826 r  u_engine/u_mul_mac_pipeline/overflow_flag_i_1/O
                         net (fo=1, routed)           0.000    10.826    u_engine/u_mul_mac_pipeline_n_408
    SLICE_X69Y28         FDCE                                         r  u_engine/overflow_flag_reg/D
  -------------------------------------------------------------------    -------------------

                         (clock estimator_clk rise edge)
                                                     10.000    10.000 r  
                                                      0.000    10.000 r  clk (IN)
                         net (fo=4729, unset)         0.924    10.924    u_engine/clk
    SLICE_X69Y28         FDCE                                         r  u_engine/overflow_flag_reg/C
                         clock pessimism              0.000    10.924    
                         clock uncertainty           -0.035    10.889    
    SLICE_X69Y28         FDCE (Setup_fdce_C_D)        0.032    10.921    u_engine/overflow_flag_reg
  -------------------------------------------------------------------
                         required time                         10.921    
                         arrival time                         -10.826    
  -------------------------------------------------------------------
                         slack                                  0.095    





Min Delay Paths
--------------------------------------------------------------------------------------
Slack (MET) :             0.096ns  (arrival time - required time)
  Source:                 u_engine/sign_cov_pre_reg[7][23]/C
                            (rising edge-triggered cell FDCE clocked by estimator_clk  {rise@0.000ns fall@5.000ns period=10.000ns})
  Destination:            u_engine/sign_sym_right_reg_reg[23]/D
                            (rising edge-triggered cell FDCE clocked by estimator_clk  {rise@0.000ns fall@5.000ns period=10.000ns})
  Path Group:             estimator_clk
  Path Type:              Hold (Min at Fast Process Corner)
  Requirement:            0.000ns  (estimator_clk rise@0.000ns - estimator_clk rise@0.000ns)
  Data Path Delay:        0.238ns  (logic 0.186ns (78.117%)  route 0.052ns (21.883%))
  Logic Levels:           1  (LUT5=1)
  Clock Path Skew:        0.022ns (DCD - SCD - CPR)
    Destination Clock Delay (DCD):    0.432ns
    Source Clock Delay      (SCD):    0.410ns
    Clock Pessimism Removal (CPR):    -0.000ns

    Location             Delay type                Incr(ns)  Path(ns)    Netlist Resource(s)
  -------------------------------------------------------------------    -------------------
                         (clock estimator_clk rise edge)
                                                      0.000     0.000 r  
                                                      0.000     0.000 r  clk (IN)
                         net (fo=4729, unset)         0.410     0.410    u_engine/clk
    SLICE_X63Y6          FDCE                                         r  u_engine/sign_cov_pre_reg[7][23]/C
  -------------------------------------------------------------------    -------------------
    SLICE_X63Y6          FDCE (Prop_fdce_C_Q)         0.141     0.551 r  u_engine/sign_cov_pre_reg[7][23]/Q
                         net (fo=1, routed)           0.052     0.603    u_engine/sign_cov_pre_reg[7]_14[23]
    SLICE_X62Y6          LUT5 (Prop_lut5_I0_O)        0.045     0.648 r  u_engine/sign_sym_right_reg[23]_i_1/O
                         net (fo=1, routed)           0.000     0.648    u_engine/sign_sym_right_reg[23]_i_1_n_0
    SLICE_X62Y6          FDCE                                         r  u_engine/sign_sym_right_reg_reg[23]/D
  -------------------------------------------------------------------    -------------------

                         (clock estimator_clk rise edge)
                                                      0.000     0.000 r  
                                                      0.000     0.000 r  clk (IN)
                         net (fo=4729, unset)         0.432     0.432    u_engine/clk
    SLICE_X62Y6          FDCE                                         r  u_engine/sign_sym_right_reg_reg[23]/C
                         clock pessimism              0.000     0.432    
    SLICE_X62Y6          FDCE (Hold_fdce_C_D)         0.121     0.553    u_engine/sign_sym_right_reg_reg[23]
  -------------------------------------------------------------------
                         required time                         -0.553    
                         arrival time                           0.648    
  -------------------------------------------------------------------
                         slack                                  0.096    





Pulse Width Checks
--------------------------------------------------------------------------------------
Clock Name:         estimator_clk
Waveform(ns):       { 0.000 5.000 }
Period(ns):         10.000
Sources:            { clk }

Check Type        Corner  Lib Pin             Reference Pin  Required(ns)  Actual(ns)  Slack(ns)  Location      Pin
Min Period        n/a     RAMB36E1/CLKARDCLK  n/a            2.576         10.000      7.424      RAMB36_X2Y0   u_engine/u_arcsine_cov_lut/y_reg_0/CLKARDCLK
Low Pulse Width   Fast    FDCE/C              n/a            0.500         5.000       4.500      SLICE_X82Y17  u_engine/state_post_reg[0][3]/C
High Pulse Width  Slow    FDCE/C              n/a            0.500         5.000       4.500      SLICE_X82Y17  u_engine/state_post_reg[0][3]/C



