Copyright 1986-2020 Xilinx, Inc. All Rights Reserved.
----------------------------------------------------------------------------------------------------------------------
| Tool Version : Vivado v.2020.2 (win64) Build 3064766 Wed Nov 18 09:12:45 MST 2020
| Date         : Fri Sep 11 22:18:15 2026
| Host         : REDACTED
| Command      : report_timing_summary -file <USER_HOME>/Verilog/BKF_RTL_Q8_12_Vivado/bkf_l1/timing_post_route.rpt
| Design       : bkf_l1_core
| Device       : 7z020-clg400
| Speed File   : -1  PRODUCTION 1.12 2019-11-22
----------------------------------------------------------------------------------------------------------------------

Timing Summary Report

------------------------------------------------------------------------------------------------
| Timer Settings
| --------------
------------------------------------------------------------------------------------------------

  Enable Multi Corner Analysis               :  Yes
  Enable Pessimism Removal                   :  Yes
  Pessimism Removal Resolution               :  Nearest Common Node
  Enable Input Delay Default Clock           :  No
  Enable Preset / Clear Arcs                 :  No
  Disable Flight Delays                      :  No
  Ignore I/O Paths                           :  No
  Timing Early Launch at Borrowing Latches   :  No
  Borrow Time for Max Delay Exceptions       :  Yes
  Merge Timing Exceptions                    :  Yes

  Corner  Analyze    Analyze
  Name    Max Paths  Min Paths
  ------  ---------  ---------
  Slow    Yes        Yes
  Fast    Yes        Yes



check_timing report

Table of Contents
-----------------
1. checking no_clock (0)
2. checking constant_clock (0)
3. checking pulse_width_clock (0)
4. checking unconstrained_internal_endpoints (0)
5. checking no_input_delay (429)
6. checking no_output_delay (316)
7. checking multiple_clock (0)
8. checking generated_clocks (0)
9. checking loops (0)
10. checking partial_input_delay (0)
11. checking partial_output_delay (0)
12. checking latch_loops (0)

1. checking no_clock (0)
------------------------
 There are 0 register/latch pins with no clock.


2. checking constant_clock (0)
------------------------------
 There are 0 register/latch pins with constant_clock.


3. checking pulse_width_clock (0)
---------------------------------
 There are 0 register/latch pins which need pulse_width check


4. checking unconstrained_internal_endpoints (0)
------------------------------------------------
 There are 0 pins that are not constrained for maximum delay.

 There are 0 pins that are not constrained for maximum delay due to constant clock.


5. checking no_input_delay (429)
--------------------------------
 There are 429 input ports with no input delay specified. (HIGH)

 There are 0 input ports with no input delay but user has a false path constraint.


6. checking no_output_delay (316)
---------------------------------
 There are 316 ports with no output delay specified. (HIGH)

 There are 0 ports with no output delay but user has a false path constraint

 There are 0 ports with no output delay but with a timing clock defined on it or propagating through it


7. checking multiple_clock (0)
------------------------------
 There are 0 register/latch pins with multiple clocks.


8. checking generated_clocks (0)
--------------------------------
 There are 0 generated clocks that are not connected to a clock source.


9. checking loops (0)
---------------------
 There are 0 combinational loops in the design.


10. checking partial_input_delay (0)
------------------------------------
 There are 0 input ports with partial input delay specified.


11. checking partial_output_delay (0)
-------------------------------------
 There are 0 ports with partial output delay specified.


12. checking latch_loops (0)
----------------------------
 There are 0 combinational latch loops in the design through latch input



------------------------------------------------------------------------------------------------
| Design Timing Summary
| ---------------------
------------------------------------------------------------------------------------------------

    WNS(ns)      TNS(ns)  TNS Failing Endpoints  TNS Total Endpoints      WHS(ns)      THS(ns)  THS Failing Endpoints  THS Total Endpoints     WPWS(ns)     TPWS(ns)  TPWS Failing Endpoints  TPWS Total Endpoints
    -------      -------  ---------------------  -------------------      -------      -------  ---------------------  -------------------     --------     --------  ----------------------  --------------------
      0.284        0.000                      0                 7879        0.096        0.000                      0                 7879        4.500        0.000                       0                  4003


All user specified timing constraints are met.


------------------------------------------------------------------------------------------------
| Clock Summary
| -------------
------------------------------------------------------------------------------------------------

Clock          Waveform(ns)       Period(ns)      Frequency(MHz)
-----          ------------       ----------      --------------
estimator_clk  {0.000 5.000}      10.000          100.000


------------------------------------------------------------------------------------------------
| Intra Clock Table
| -----------------
------------------------------------------------------------------------------------------------

Clock              WNS(ns)      TNS(ns)  TNS Failing Endpoints  TNS Total Endpoints      WHS(ns)      THS(ns)  THS Failing Endpoints  THS Total Endpoints     WPWS(ns)     TPWS(ns)  TPWS Failing Endpoints  TPWS Total Endpoints
-----              -------      -------  ---------------------  -------------------      -------      -------  ---------------------  -------------------     --------     --------  ----------------------  --------------------
estimator_clk        0.284        0.000                      0                 7879        0.096        0.000                      0                 7879        4.500        0.000                       0                  4003


------------------------------------------------------------------------------------------------
| Inter Clock Table
| -----------------
------------------------------------------------------------------------------------------------

From Clock    To Clock          WNS(ns)      TNS(ns)  TNS Failing Endpoints  TNS Total Endpoints      WHS(ns)      THS(ns)  THS Failing Endpoints  THS Total Endpoints
----------    --------          -------      -------  ---------------------  -------------------      -------      -------  ---------------------  -------------------


------------------------------------------------------------------------------------------------
| Other Path Groups Table
| -----------------------
------------------------------------------------------------------------------------------------

Path Group    From Clock    To Clock          WNS(ns)      TNS(ns)  TNS Failing Endpoints  TNS Total Endpoints      WHS(ns)      THS(ns)  THS Failing Endpoints  THS Total Endpoints
----------    ----------    --------          -------      -------  ---------------------  -------------------      -------      -------  ---------------------  -------------------


------------------------------------------------------------------------------------------------
| Timing Details
| --------------
------------------------------------------------------------------------------------------------


---------------------------------------------------------------------------------------------------
From Clock:  estimator_clk
  To Clock:  estimator_clk

Setup :            0  Failing Endpoints,  Worst Slack        0.284ns,  Total Violation        0.000ns
Hold  :            0  Failing Endpoints,  Worst Slack        0.096ns,  Total Violation        0.000ns
PW    :            0  Failing Endpoints,  Worst Slack        4.500ns,  Total Violation        0.000ns
---------------------------------------------------------------------------------------------------


Max Delay Paths
--------------------------------------------------------------------------------------
Slack (MET) :             0.284ns  (required time - arrival time)
  Source:                 u_engine/u_mul_mac_pipeline/stage3_mac_sum_reg[0]/C
                            (rising edge-triggered cell FDCE clocked by estimator_clk  {rise@0.000ns fall@5.000ns period=10.000ns})
  Destination:            u_engine/gain_reg[7][3]/D
                            (rising edge-triggered cell FDCE clocked by estimator_clk  {rise@0.000ns fall@5.000ns period=10.000ns})
  Path Group:             estimator_clk
  Path Type:              Setup (Max at Slow Process Corner)
  Requirement:            10.000ns  (estimator_clk rise@10.000ns - estimator_clk rise@0.000ns)
  Data Path Delay:        9.529ns  (logic 4.856ns (50.959%)  route 4.673ns (49.041%))
  Logic Levels:           16  (CARRY4=12 LUT1=2 LUT5=2)
  Clock Path Skew:        -0.049ns (DCD - SCD + CPR)
    Destination Clock Delay (DCD):    0.924ns = ( 10.924 - 10.000 )
    Source Clock Delay      (SCD):    0.973ns
    Clock Pessimism Removal (CPR):    0.000ns
  Clock Uncertainty:      0.035ns  ((TSJ^2 + TIJ^2)^1/2 + DJ) / 2 + PE
    Total System Jitter     (TSJ):    0.071ns
    Total Input Jitter      (TIJ):    0.000ns
    Discrete Jitter          (DJ):    0.000ns
    Phase Error              (PE):    0.000ns

    Location             Delay type                Incr(ns)  Path(ns)    Netlist Resource(s)
  -------------------------------------------------------------------    -------------------
                         (clock estimator_clk rise edge)
                                                      0.000     0.000 r
                                                      0.000     0.000 r  clk (IN)
                         net (fo=4002, unset)         0.973     0.973    u_engine/u_mul_mac_pipeline/clk
    SLICE_X70Y20         FDCE                                         r  u_engine/u_mul_mac_pipeline/stage3_mac_sum_reg[0]/C
  -------------------------------------------------------------------    -------------------
    SLICE_X70Y20         FDCE (Prop_fdce_C_Q)         0.456     1.429 f  u_engine/u_mul_mac_pipeline/stage3_mac_sum_reg[0]/Q
                         net (fo=4, routed)           0.297     1.726    u_engine/u_mul_mac_pipeline/Q[0]
    SLICE_X69Y20         LUT1 (Prop_lut1_I0_O)        0.124     1.850 r  u_engine/u_mul_mac_pipeline/state_predict[2][0]_i_13/O
                         net (fo=1, routed)           0.470     2.320    u_engine/u_mul_mac_pipeline/state_predict[2][0]_i_13_n_0
    SLICE_X69Y22         CARRY4 (Prop_carry4_CYINIT_CO[3])
                                                      0.580     2.900 r  u_engine/u_mul_mac_pipeline/state_predict_reg[2][0]_i_8/CO[3]
                         net (fo=1, routed)           0.000     2.900    u_engine/u_mul_mac_pipeline/state_predict_reg[2][0]_i_8_n_0
    SLICE_X69Y23         CARRY4 (Prop_carry4_CI_CO[3])
                                                      0.114     3.014 r  u_engine/u_mul_mac_pipeline/state_predict_reg[2][0]_i_3/CO[3]
                         net (fo=1, routed)           0.000     3.014    u_engine/u_mul_mac_pipeline/state_predict_reg[2][0]_i_3_n_0
    SLICE_X69Y24         CARRY4 (Prop_carry4_CI_O[3])
                                                      0.313     3.327 f  u_engine/u_mul_mac_pipeline/state_predict_reg[2][0]_i_2/O[3]
                         net (fo=2, routed)           0.483     3.810    u_engine_n_59
    SLICE_X73Y25         LUT1 (Prop_lut1_I0_O)        0.306     4.116 r  state_predict[2][4]_i_3/O
                         net (fo=1, routed)           0.546     4.662    state_predict[2][4]_i_3_n_0
    SLICE_X71Y25         CARRY4 (Prop_carry4_CYINIT_CO[3])
                                                      0.580     5.242 r  state_predict_reg[2][4]_i_2/CO[3]
                         net (fo=1, routed)           0.000     5.242    state_predict_reg[2][4]_i_2_n_0
    SLICE_X71Y26         CARRY4 (Prop_carry4_CI_CO[3])
                                                      0.114     5.356 r  state_predict_reg[2][8]_i_2/CO[3]
                         net (fo=1, routed)           0.000     5.356    state_predict_reg[2][8]_i_2_n_0
    SLICE_X71Y27         CARRY4 (Prop_carry4_CI_CO[3])
                                                      0.114     5.470 r  state_predict_reg[2][12]_i_2/CO[3]
                         net (fo=1, routed)           0.000     5.470    state_predict_reg[2][12]_i_2_n_0
    SLICE_X71Y28         CARRY4 (Prop_carry4_CI_CO[3])
                                                      0.114     5.584 r  state_predict_reg[2][16]_i_2/CO[3]
                         net (fo=1, routed)           0.000     5.584    state_predict_reg[2][16]_i_2_n_0
    SLICE_X71Y29         CARRY4 (Prop_carry4_CI_O[1])
                                                      0.334     5.918 r  state_predict_reg[2][19]_i_6/O[1]
                         net (fo=3, routed)           0.765     6.682    u_engine/u_mul_mac_pipeline/state_predict_reg[2][19]_i_40_0[1]
    SLICE_X70Y31         LUT5 (Prop_lut5_I1_O)        0.303     6.985 r  u_engine/u_mul_mac_pipeline/state_predict[2][19]_i_84/O
                         net (fo=1, routed)           0.000     6.985    u_engine/u_mul_mac_pipeline/state_predict[2][19]_i_84_n_0
    SLICE_X70Y31         CARRY4 (Prop_carry4_S[0]_CO[3])
                                                      0.532     7.517 r  u_engine/u_mul_mac_pipeline/state_predict_reg[2][19]_i_53/CO[3]
                         net (fo=1, routed)           0.000     7.517    u_engine/u_mul_mac_pipeline/state_predict_reg[2][19]_i_53_n_0
    SLICE_X70Y32         CARRY4 (Prop_carry4_CI_CO[3])
                                                      0.114     7.631 r  u_engine/u_mul_mac_pipeline/state_predict_reg[2][19]_i_31/CO[3]
                         net (fo=1, routed)           0.000     7.631    u_engine/u_mul_mac_pipeline/state_predict_reg[2][19]_i_31_n_0
    SLICE_X70Y33         CARRY4 (Prop_carry4_CI_CO[3])
                                                      0.114     7.745 r  u_engine/u_mul_mac_pipeline/state_predict_reg[2][19]_i_17/CO[3]
                         net (fo=1, routed)           0.000     7.745    u_engine/u_mul_mac_pipeline/state_predict_reg[2][19]_i_17_n_0
    SLICE_X70Y34         CARRY4 (Prop_carry4_CI_CO[0])
                                                      0.271     8.016 r  u_engine/u_mul_mac_pipeline/state_predict_reg[2][19]_i_9/CO[0]
                         net (fo=22, routed)          0.842     8.858    u_engine/u_mul_mac_pipeline/stage3_mac_sum_reg[41]_2[0]
    SLICE_X74Y31         LUT5 (Prop_lut5_I0_O)        0.373     9.231 r  u_engine/u_mul_mac_pipeline/state_predict[2][3]_i_1/O
                         net (fo=42, routed)          1.271    10.502    u_engine/pipe_rounded_mac[3]
    SLICE_X76Y25         FDCE                                         r  u_engine/gain_reg[7][3]/D
  -------------------------------------------------------------------    -------------------

                         (clock estimator_clk rise edge)
                                                     10.000    10.000 r
                                                      0.000    10.000 r  clk (IN)
                         net (fo=4002, unset)         0.924    10.924    u_engine/clk
    SLICE_X76Y25         FDCE                                         r  u_engine/gain_reg[7][3]/C
                         clock pessimism              0.000    10.924
                         clock uncertainty           -0.035    10.889
    SLICE_X76Y25         FDCE (Setup_fdce_C_D)       -0.103    10.786    u_engine/gain_reg[7][3]
  -------------------------------------------------------------------
                         required time                         10.786
                         arrival time                         -10.502
  -------------------------------------------------------------------
                         slack                                  0.284





Min Delay Paths
--------------------------------------------------------------------------------------
Slack (MET) :             0.096ns  (arrival time - required time)
  Source:                 u_engine/u_determinant_finalize_pipeline/floor_determinant_reg_reg[15]/C
                            (rising edge-triggered cell FDCE clocked by estimator_clk  {rise@0.000ns fall@5.000ns period=10.000ns})
  Destination:            u_engine/u_determinant_finalize_pipeline/result_determinant_reg_reg[15]/D
                            (rising edge-triggered cell FDCE clocked by estimator_clk  {rise@0.000ns fall@5.000ns period=10.000ns})
  Path Group:             estimator_clk
  Path Type:              Hold (Min at Fast Process Corner)
  Requirement:            0.000ns  (estimator_clk rise@0.000ns - estimator_clk rise@0.000ns)
  Data Path Delay:        0.193ns  (logic 0.141ns (73.018%)  route 0.052ns (26.982%))
  Logic Levels:           0
  Clock Path Skew:        0.022ns (DCD - SCD - CPR)
    Destination Clock Delay (DCD):    0.432ns
    Source Clock Delay      (SCD):    0.410ns
    Clock Pessimism Removal (CPR):    -0.000ns

    Location             Delay type                Incr(ns)  Path(ns)    Netlist Resource(s)
  -------------------------------------------------------------------    -------------------
                         (clock estimator_clk rise edge)
                                                      0.000     0.000 r
                                                      0.000     0.000 r  clk (IN)
                         net (fo=4002, unset)         0.410     0.410    u_engine/u_determinant_finalize_pipeline/clk
    SLICE_X55Y27         FDCE                                         r  u_engine/u_determinant_finalize_pipeline/floor_determinant_reg_reg[15]/C
  -------------------------------------------------------------------    -------------------
    SLICE_X55Y27         FDCE (Prop_fdce_C_Q)         0.141     0.551 r  u_engine/u_determinant_finalize_pipeline/floor_determinant_reg_reg[15]/Q
                         net (fo=1, routed)           0.052     0.603    u_engine/u_determinant_finalize_pipeline/floor_determinant_reg[15]
    SLICE_X54Y27         FDCE                                         r  u_engine/u_determinant_finalize_pipeline/result_determinant_reg_reg[15]/D
  -------------------------------------------------------------------    -------------------

                         (clock estimator_clk rise edge)
                                                      0.000     0.000 r
                                                      0.000     0.000 r  clk (IN)
                         net (fo=4002, unset)         0.432     0.432    u_engine/u_determinant_finalize_pipeline/clk
    SLICE_X54Y27         FDCE                                         r  u_engine/u_determinant_finalize_pipeline/result_determinant_reg_reg[15]/C
                         clock pessimism              0.000     0.432
    SLICE_X54Y27         FDCE (Hold_fdce_C_D)         0.076     0.508    u_engine/u_determinant_finalize_pipeline/result_determinant_reg_reg[15]
  -------------------------------------------------------------------
                         required time                         -0.508
                         arrival time                           0.603
  -------------------------------------------------------------------
                         slack                                  0.096





Pulse Width Checks
--------------------------------------------------------------------------------------
Clock Name:         estimator_clk
Waveform(ns):       { 0.000 5.000 }
Period(ns):         10.000
Sources:            { clk }

Check Type        Corner  Lib Pin             Reference Pin  Required(ns)  Actual(ns)  Slack(ns)  Location      Pin
Min Period        n/a     RAMB18E1/CLKARDCLK  n/a            2.576         10.000      7.424      RAMB18_X3Y6   u_engine/u_rsqrt_lut/y_reg_2/CLKARDCLK
Low Pulse Width   Fast    FDCE/C              n/a            0.500         5.000       4.500      SLICE_X61Y17  u_engine/ekf_sign_copy_operand_reg_reg[5]/C
High Pulse Width  Slow    FDCE/C              n/a            0.500         5.000       4.500      SLICE_X61Y17  u_engine/ekf_sign_copy_operand_reg_reg[5]/C



