Copyright 1986-2020 Xilinx, Inc. All Rights Reserved.
-----------------------------------------------------------------------------------------------------------------
| Tool Version : Vivado v.2020.2 (win64) Build 3064766 Wed Nov 18 09:12:45 MST 2020
| Date         : Sun Aug 30 21:06:00 2026
| Host         : REDACTED
| Command      : report_timing_summary -file <USER_HOME>/Verilog/Pipelined_BKF2/rbkf_l8/timing_post_route.rpt
| Design       : rbkf_core
| Device       : 7z020-clg400
| Speed File   : -1  PRODUCTION 1.12 2019-11-22
-----------------------------------------------------------------------------------------------------------------

Timing Summary Report

------------------------------------------------------------------------------------------------
| Timer Settings
| --------------
------------------------------------------------------------------------------------------------

  Enable Multi Corner Analysis               :  Yes
  Enable Pessimism Removal                   :  Yes
  Pessimism Removal Resolution               :  Nearest Common Node
  Enable Input Delay Default Clock           :  No
  Enable Preset / Clear Arcs                 :  No
  Disable Flight Delays                      :  No
  Ignore I/O Paths                           :  No
  Timing Early Launch at Borrowing Latches   :  No
  Borrow Time for Max Delay Exceptions       :  Yes
  Merge Timing Exceptions                    :  Yes

  Corner  Analyze    Analyze    
  Name    Max Paths  Min Paths  
  ------  ---------  ---------  
  Slow    Yes        Yes        
  Fast    Yes        Yes        



check_timing report

Table of Contents
-----------------
1. checking no_clock (0)
2. checking constant_clock (0)
3. checking pulse_width_clock (0)
4. checking unconstrained_internal_endpoints (0)
5. checking no_input_delay (534)
6. checking no_output_delay (376)
7. checking multiple_clock (0)
8. checking generated_clocks (0)
9. checking loops (0)
10. checking partial_input_delay (0)
11. checking partial_output_delay (0)
12. checking latch_loops (0)

1. checking no_clock (0)
------------------------
 There are 0 register/latch pins with no clock.


2. checking constant_clock (0)
------------------------------
 There are 0 register/latch pins with constant_clock.


3. checking pulse_width_clock (0)
---------------------------------
 There are 0 register/latch pins which need pulse_width check


4. checking unconstrained_internal_endpoints (0)
------------------------------------------------
 There are 0 pins that are not constrained for maximum delay.

 There are 0 pins that are not constrained for maximum delay due to constant clock.


5. checking no_input_delay (534)
--------------------------------
 There are 534 input ports with no input delay specified. (HIGH)

 There are 0 input ports with no input delay but user has a false path constraint.


6. checking no_output_delay (376)
---------------------------------
 There are 376 ports with no output delay specified. (HIGH)

 There are 0 ports with no output delay but user has a false path constraint

 There are 0 ports with no output delay but with a timing clock defined on it or propagating through it


7. checking multiple_clock (0)
------------------------------
 There are 0 register/latch pins with multiple clocks.


8. checking generated_clocks (0)
--------------------------------
 There are 0 generated clocks that are not connected to a clock source.


9. checking loops (0)
---------------------
 There are 0 combinational loops in the design.


10. checking partial_input_delay (0)
------------------------------------
 There are 0 input ports with partial input delay specified.


11. checking partial_output_delay (0)
-------------------------------------
 There are 0 ports with partial output delay specified.


12. checking latch_loops (0)
----------------------------
 There are 0 combinational latch loops in the design through latch input



------------------------------------------------------------------------------------------------
| Design Timing Summary
| ---------------------
------------------------------------------------------------------------------------------------

    WNS(ns)      TNS(ns)  TNS Failing Endpoints  TNS Total Endpoints      WHS(ns)      THS(ns)  THS Failing Endpoints  THS Total Endpoints     WPWS(ns)     TPWS(ns)  TPWS Failing Endpoints  TPWS Total Endpoints  
    -------      -------  ---------------------  -------------------      -------      -------  ---------------------  -------------------     --------     --------  ----------------------  --------------------  
     -0.781      -70.581                    302                 8340        0.149        0.000                      0                 8340        4.500        0.000                       0                  4207  


Timing constraints are not met.


------------------------------------------------------------------------------------------------
| Clock Summary
| -------------
------------------------------------------------------------------------------------------------

Clock          Waveform(ns)       Period(ns)      Frequency(MHz)
-----          ------------       ----------      --------------
estimator_clk  {0.000 5.000}      10.000          100.000         


------------------------------------------------------------------------------------------------
| Intra Clock Table
| -----------------
------------------------------------------------------------------------------------------------

Clock              WNS(ns)      TNS(ns)  TNS Failing Endpoints  TNS Total Endpoints      WHS(ns)      THS(ns)  THS Failing Endpoints  THS Total Endpoints     WPWS(ns)     TPWS(ns)  TPWS Failing Endpoints  TPWS Total Endpoints  
-----              -------      -------  ---------------------  -------------------      -------      -------  ---------------------  -------------------     --------     --------  ----------------------  --------------------  
estimator_clk       -0.781      -70.581                    302                 8340        0.149        0.000                      0                 8340        4.500        0.000                       0                  4207  


------------------------------------------------------------------------------------------------
| Inter Clock Table
| -----------------
------------------------------------------------------------------------------------------------

From Clock    To Clock          WNS(ns)      TNS(ns)  TNS Failing Endpoints  TNS Total Endpoints      WHS(ns)      THS(ns)  THS Failing Endpoints  THS Total Endpoints  
----------    --------          -------      -------  ---------------------  -------------------      -------      -------  ---------------------  -------------------  


------------------------------------------------------------------------------------------------
| Other Path Groups Table
| -----------------------
------------------------------------------------------------------------------------------------

Path Group    From Clock    To Clock          WNS(ns)      TNS(ns)  TNS Failing Endpoints  TNS Total Endpoints      WHS(ns)      THS(ns)  THS Failing Endpoints  THS Total Endpoints  
----------    ----------    --------          -------      -------  ---------------------  -------------------      -------      -------  ---------------------  -------------------  


------------------------------------------------------------------------------------------------
| Timing Details
| --------------
------------------------------------------------------------------------------------------------


---------------------------------------------------------------------------------------------------
From Clock:  estimator_clk
  To Clock:  estimator_clk

Setup :          302  Failing Endpoints,  Worst Slack       -0.781ns,  Total Violation      -70.581ns
Hold  :            0  Failing Endpoints,  Worst Slack        0.149ns,  Total Violation        0.000ns
PW    :            0  Failing Endpoints,  Worst Slack        4.500ns,  Total Violation        0.000ns
---------------------------------------------------------------------------------------------------


Max Delay Paths
--------------------------------------------------------------------------------------
Slack (VIOLATED) :        -0.781ns  (required time - arrival time)
  Source:                 u_engine/u_mul_mac_pipeline/stage3_mac_sum_reg[0]_replica/C
                            (rising edge-triggered cell FDCE clocked by estimator_clk  {rise@0.000ns fall@5.000ns period=10.000ns})
  Destination:            u_engine/solver_error_reg/D
                            (rising edge-triggered cell FDCE clocked by estimator_clk  {rise@0.000ns fall@5.000ns period=10.000ns})
  Path Group:             estimator_clk
  Path Type:              Setup (Max at Slow Process Corner)
  Requirement:            10.000ns  (estimator_clk rise@10.000ns - estimator_clk rise@0.000ns)
  Data Path Delay:        10.729ns  (logic 6.081ns (56.679%)  route 4.648ns (43.321%))
  Logic Levels:           25  (CARRY4=18 LUT1=2 LUT5=2 LUT6=3)
  Clock Path Skew:        -0.049ns (DCD - SCD + CPR)
    Destination Clock Delay (DCD):    0.924ns = ( 10.924 - 10.000 ) 
    Source Clock Delay      (SCD):    0.973ns
    Clock Pessimism Removal (CPR):    0.000ns
  Clock Uncertainty:      0.035ns  ((TSJ^2 + TIJ^2)^1/2 + DJ) / 2 + PE
    Total System Jitter     (TSJ):    0.071ns
    Total Input Jitter      (TIJ):    0.000ns
    Discrete Jitter          (DJ):    0.000ns
    Phase Error              (PE):    0.000ns

    Location             Delay type                Incr(ns)  Path(ns)    Netlist Resource(s)
  -------------------------------------------------------------------    -------------------
                         (clock estimator_clk rise edge)
                                                      0.000     0.000 r  
                                                      0.000     0.000 r  clk (IN)
                         net (fo=4206, unset)         0.973     0.973    u_engine/u_mul_mac_pipeline/clk
    SLICE_X57Y38         FDCE                                         r  u_engine/u_mul_mac_pipeline/stage3_mac_sum_reg[0]_replica/C
  -------------------------------------------------------------------    -------------------
    SLICE_X57Y38         FDCE (Prop_fdce_C_Q)         0.456     1.429 f  u_engine/u_mul_mac_pipeline/stage3_mac_sum_reg[0]_replica/Q
                         net (fo=1, routed)           0.306     1.735    u_engine/u_mul_mac_pipeline/pipe_mac_sum[0]_repN
    SLICE_X56Y36         LUT1 (Prop_lut1_I0_O)        0.124     1.859 r  u_engine/u_mul_mac_pipeline/state_predict[2][0]_i_18/O
                         net (fo=1, routed)           0.189     2.048    u_engine/u_mul_mac_pipeline/state_predict[2][0]_i_18_n_0
    SLICE_X57Y36         CARRY4 (Prop_carry4_CYINIT_CO[3])
                                                      0.580     2.628 r  u_engine/u_mul_mac_pipeline/state_predict_reg[2][0]_i_13/CO[3]
                         net (fo=1, routed)           0.000     2.628    u_engine/u_mul_mac_pipeline/state_predict_reg[2][0]_i_13_n_0
    SLICE_X57Y37         CARRY4 (Prop_carry4_CI_CO[3])
                                                      0.114     2.742 r  u_engine/u_mul_mac_pipeline/state_predict_reg[2][0]_i_8/CO[3]
                         net (fo=1, routed)           0.000     2.742    u_engine/u_mul_mac_pipeline/state_predict_reg[2][0]_i_8_n_0
    SLICE_X57Y38         CARRY4 (Prop_carry4_CI_CO[3])
                                                      0.114     2.856 r  u_engine/u_mul_mac_pipeline/state_predict_reg[2][0]_i_3/CO[3]
                         net (fo=1, routed)           0.000     2.856    u_engine/u_mul_mac_pipeline/state_predict_reg[2][0]_i_3_n_0
    SLICE_X57Y39         CARRY4 (Prop_carry4_CI_CO[3])
                                                      0.114     2.970 r  u_engine/u_mul_mac_pipeline/state_predict_reg[2][0]_i_2/CO[3]
                         net (fo=1, routed)           0.000     2.970    u_engine/u_mul_mac_pipeline/state_predict_reg[2][0]_i_2_n_0
    SLICE_X57Y40         CARRY4 (Prop_carry4_CI_CO[3])
                                                      0.114     3.084 r  u_engine/u_mul_mac_pipeline/state_predict_reg[2][4]_i_8/CO[3]
                         net (fo=1, routed)           0.000     3.084    u_engine/u_mul_mac_pipeline/state_predict_reg[2][4]_i_8_n_0
    SLICE_X57Y41         CARRY4 (Prop_carry4_CI_CO[3])
                                                      0.114     3.198 r  u_engine/u_mul_mac_pipeline/state_predict_reg[2][8]_i_7/CO[3]
                         net (fo=1, routed)           0.000     3.198    u_engine/u_mul_mac_pipeline/state_predict_reg[2][8]_i_7_n_0
    SLICE_X57Y42         CARRY4 (Prop_carry4_CI_CO[3])
                                                      0.114     3.312 r  u_engine/u_mul_mac_pipeline/state_predict_reg[2][12]_i_7/CO[3]
                         net (fo=1, routed)           0.000     3.312    u_engine/u_mul_mac_pipeline/state_predict_reg[2][12]_i_7_n_0
    SLICE_X57Y43         CARRY4 (Prop_carry4_CI_O[1])
                                                      0.334     3.646 f  u_engine/u_mul_mac_pipeline/state_predict_reg[2][16]_i_7/O[1]
                         net (fo=1, routed)           0.600     4.246    u_engine_n_49
    SLICE_X56Y43         LUT1 (Prop_lut1_I0_O)        0.303     4.549 r  state_predict[2][16]_i_5/O
                         net (fo=1, routed)           0.000     4.549    state_predict[2][16]_i_5_n_0
    SLICE_X56Y43         CARRY4 (Prop_carry4_S[1]_CO[3])
                                                      0.550     5.099 r  state_predict_reg[2][16]_i_2/CO[3]
                         net (fo=1, routed)           0.000     5.099    state_predict_reg[2][16]_i_2_n_0
    SLICE_X56Y44         CARRY4 (Prop_carry4_CI_CO[3])
                                                      0.114     5.213 r  state_predict_reg[2][20]_i_2/CO[3]
                         net (fo=1, routed)           0.000     5.213    state_predict_reg[2][20]_i_2_n_0
    SLICE_X56Y45         CARRY4 (Prop_carry4_CI_O[3])
                                                      0.313     5.526 r  state_predict_reg[2][23]_i_5/O[3]
                         net (fo=4, routed)           0.745     6.271    u_engine/u_mul_mac_pipeline/state_predict_reg[2][23]_i_44_0[3]
    SLICE_X55Y47         LUT5 (Prop_lut5_I1_O)        0.306     6.577 r  u_engine/u_mul_mac_pipeline/state_predict[2][23]_i_71/O
                         net (fo=1, routed)           0.000     6.577    u_engine/u_mul_mac_pipeline/state_predict[2][23]_i_71_n_0
    SLICE_X55Y47         CARRY4 (Prop_carry4_S[1]_CO[3])
                                                      0.550     7.127 r  u_engine/u_mul_mac_pipeline/state_predict_reg[2][23]_i_44/CO[3]
                         net (fo=1, routed)           0.000     7.127    u_engine/u_mul_mac_pipeline/state_predict_reg[2][23]_i_44_n_0
    SLICE_X55Y48         CARRY4 (Prop_carry4_CI_CO[3])
                                                      0.114     7.241 r  u_engine/u_mul_mac_pipeline/state_predict_reg[2][23]_i_24/CO[3]
                         net (fo=1, routed)           0.000     7.241    u_engine/u_mul_mac_pipeline/state_predict_reg[2][23]_i_24_n_0
    SLICE_X55Y49         CARRY4 (Prop_carry4_CI_CO[3])
                                                      0.114     7.355 r  u_engine/u_mul_mac_pipeline/state_predict_reg[2][23]_i_13/CO[3]
                         net (fo=1, routed)           0.001     7.356    u_engine/u_mul_mac_pipeline/state_predict_reg[2][23]_i_13_n_0
    SLICE_X55Y50         CARRY4 (Prop_carry4_CI_CO[2])
                                                      0.228     7.584 r  u_engine/u_mul_mac_pipeline/state_predict_reg[2][23]_i_7/CO[2]
                         net (fo=57, routed)          0.934     8.518    u_engine/u_mul_mac_pipeline/stage3_mac_sum_reg[49]_2[0]
    SLICE_X57Y50         LUT5 (Prop_lut5_I1_O)        0.313     8.831 f  u_engine/u_mul_mac_pipeline/state_predict[2][5]_i_1/O
                         net (fo=46, routed)          0.442     9.273    u_engine/u_mul_mac_pipeline/pipe_rounded_mac[5]
    SLICE_X55Y51         LUT6 (Prop_lut6_I5_O)        0.124     9.397 r  u_engine/u_mul_mac_pipeline/determinant[22]_i_31/O
                         net (fo=1, routed)           0.000     9.397    u_engine/u_mul_mac_pipeline/determinant[22]_i_31_n_0
    SLICE_X55Y51         CARRY4 (Prop_carry4_S[2]_CO[3])
                                                      0.398     9.795 r  u_engine/u_mul_mac_pipeline/determinant_reg[22]_i_17/CO[3]
                         net (fo=1, routed)           0.000     9.795    u_engine/u_mul_mac_pipeline/determinant_reg[22]_i_17_n_0
    SLICE_X55Y52         CARRY4 (Prop_carry4_CI_CO[3])
                                                      0.114     9.909 r  u_engine/u_mul_mac_pipeline/determinant_reg[22]_i_6/CO[3]
                         net (fo=1, routed)           0.000     9.909    u_engine/u_mul_mac_pipeline/determinant_reg[22]_i_6_n_0
    SLICE_X55Y53         CARRY4 (Prop_carry4_CI_CO[3])
                                                      0.114    10.023 r  u_engine/u_mul_mac_pipeline/determinant_reg[22]_i_3/CO[3]
                         net (fo=25, routed)          1.028    11.052    u_engine/u_mul_mac_pipeline/determinant2
    SLICE_X57Y52         LUT6 (Prop_lut6_I2_O)        0.124    11.176 r  u_engine/u_mul_mac_pipeline/solver_error_i_3_comp/O
                         net (fo=1, routed)           0.402    11.578    u_engine/u_mul_mac_pipeline/solver_error_i_3_n_0
    SLICE_X57Y52         LUT6 (Prop_lut6_I3_O)        0.124    11.702 r  u_engine/u_mul_mac_pipeline/solver_error_i_1_comp/O
                         net (fo=1, routed)           0.000    11.702    u_engine/u_mul_mac_pipeline_n_446
    SLICE_X57Y52         FDCE                                         r  u_engine/solver_error_reg/D
  -------------------------------------------------------------------    -------------------

                         (clock estimator_clk rise edge)
                                                     10.000    10.000 r  
                                                      0.000    10.000 r  clk (IN)
                         net (fo=4206, unset)         0.924    10.924    u_engine/clk
    SLICE_X57Y52         FDCE                                         r  u_engine/solver_error_reg/C
                         clock pessimism              0.000    10.924    
                         clock uncertainty           -0.035    10.889    
    SLICE_X57Y52         FDCE (Setup_fdce_C_D)        0.032    10.921    u_engine/solver_error_reg
  -------------------------------------------------------------------
                         required time                         10.921    
                         arrival time                         -11.702    
  -------------------------------------------------------------------
                         slack                                 -0.781    





Min Delay Paths
--------------------------------------------------------------------------------------
Slack (MET) :             0.149ns  (arrival time - required time)
  Source:                 u_engine/u_mul_mac_pipeline/stage2_dot_index_reg[0]/C
                            (rising edge-triggered cell FDCE clocked by estimator_clk  {rise@0.000ns fall@5.000ns period=10.000ns})
  Destination:            u_engine/u_mul_mac_pipeline/stage3_dot_index_reg[0]/D
                            (rising edge-triggered cell FDCE clocked by estimator_clk  {rise@0.000ns fall@5.000ns period=10.000ns})
  Path Group:             estimator_clk
  Path Type:              Hold (Min at Fast Process Corner)
  Requirement:            0.000ns  (estimator_clk rise@0.000ns - estimator_clk rise@0.000ns)
  Data Path Delay:        0.240ns  (logic 0.141ns (58.691%)  route 0.099ns (41.309%))
  Logic Levels:           0  
  Clock Path Skew:        0.022ns (DCD - SCD - CPR)
    Destination Clock Delay (DCD):    0.432ns
    Source Clock Delay      (SCD):    0.410ns
    Clock Pessimism Removal (CPR):    -0.000ns

    Location             Delay type                Incr(ns)  Path(ns)    Netlist Resource(s)
  -------------------------------------------------------------------    -------------------
                         (clock estimator_clk rise edge)
                                                      0.000     0.000 r  
                                                      0.000     0.000 r  clk (IN)
                         net (fo=4206, unset)         0.410     0.410    u_engine/u_mul_mac_pipeline/clk
    SLICE_X79Y28         FDCE                                         r  u_engine/u_mul_mac_pipeline/stage2_dot_index_reg[0]/C
  -------------------------------------------------------------------    -------------------
    SLICE_X79Y28         FDCE (Prop_fdce_C_Q)         0.141     0.551 r  u_engine/u_mul_mac_pipeline/stage2_dot_index_reg[0]/Q
                         net (fo=1, routed)           0.099     0.650    u_engine/u_mul_mac_pipeline/stage2_dot_index[0]
    SLICE_X77Y29         FDCE                                         r  u_engine/u_mul_mac_pipeline/stage3_dot_index_reg[0]/D
  -------------------------------------------------------------------    -------------------

                         (clock estimator_clk rise edge)
                                                      0.000     0.000 r  
                                                      0.000     0.000 r  clk (IN)
                         net (fo=4206, unset)         0.432     0.432    u_engine/u_mul_mac_pipeline/clk
    SLICE_X77Y29         FDCE                                         r  u_engine/u_mul_mac_pipeline/stage3_dot_index_reg[0]/C
                         clock pessimism              0.000     0.432    
    SLICE_X77Y29         FDCE (Hold_fdce_C_D)         0.070     0.502    u_engine/u_mul_mac_pipeline/stage3_dot_index_reg[0]
  -------------------------------------------------------------------
                         required time                         -0.502    
                         arrival time                           0.650    
  -------------------------------------------------------------------
                         slack                                  0.149    





Pulse Width Checks
--------------------------------------------------------------------------------------
Clock Name:         estimator_clk
Waveform(ns):       { 0.000 5.000 }
Period(ns):         10.000
Sources:            { clk }

Check Type        Corner  Lib Pin             Reference Pin  Required(ns)  Actual(ns)  Slack(ns)  Location      Pin
Min Period        n/a     RAMB36E1/CLKARDCLK  n/a            2.576         10.000      7.424      RAMB36_X1Y7   u_engine/u_arcsine_cov_lut/y_reg_3/CLKARDCLK
Low Pulse Width   Fast    FDCE/C              n/a            0.500         5.000       4.500      SLICE_X77Y38  u_engine/f_matrix_reg[5][11]/C
High Pulse Width  Slow    FDCE/C              n/a            0.500         5.000       4.500      SLICE_X77Y38  u_engine/f_matrix_reg[5][11]/C



