Copyright 1986-2020 Xilinx, Inc. All Rights Reserved.
-------------------------------------------------------------------------------------------------------------
| Tool Version : Vivado v.2020.2 (win64) Build 3064766 Wed Nov 18 09:12:45 MST 2020
| Date         : Sun Aug 30 20:40:45 2026
| Host         : REDACTED
| Command      : report_timing_summary -file <USER_HOME>/Verilog/Pipelined_BKF2/ekf/timing_post_route.rpt
| Design       : ekf_core
| Device       : 7z020-clg400
| Speed File   : -1  PRODUCTION 1.12 2019-11-22
-------------------------------------------------------------------------------------------------------------

Timing Summary Report

------------------------------------------------------------------------------------------------
| Timer Settings
| --------------
------------------------------------------------------------------------------------------------

  Enable Multi Corner Analysis               :  Yes
  Enable Pessimism Removal                   :  Yes
  Pessimism Removal Resolution               :  Nearest Common Node
  Enable Input Delay Default Clock           :  No
  Enable Preset / Clear Arcs                 :  No
  Disable Flight Delays                      :  No
  Ignore I/O Paths                           :  No
  Timing Early Launch at Borrowing Latches   :  No
  Borrow Time for Max Delay Exceptions       :  Yes
  Merge Timing Exceptions                    :  Yes

  Corner  Analyze    Analyze    
  Name    Max Paths  Min Paths  
  ------  ---------  ---------  
  Slow    Yes        Yes        
  Fast    Yes        Yes        



check_timing report

Table of Contents
-----------------
1. checking no_clock (0)
2. checking constant_clock (0)
3. checking pulse_width_clock (0)
4. checking unconstrained_internal_endpoints (0)
5. checking no_input_delay (580)
6. checking no_output_delay (302)
7. checking multiple_clock (0)
8. checking generated_clocks (0)
9. checking loops (0)
10. checking partial_input_delay (0)
11. checking partial_output_delay (0)
12. checking latch_loops (0)

1. checking no_clock (0)
------------------------
 There are 0 register/latch pins with no clock.


2. checking constant_clock (0)
------------------------------
 There are 0 register/latch pins with constant_clock.


3. checking pulse_width_clock (0)
---------------------------------
 There are 0 register/latch pins which need pulse_width check


4. checking unconstrained_internal_endpoints (0)
------------------------------------------------
 There are 0 pins that are not constrained for maximum delay.

 There are 0 pins that are not constrained for maximum delay due to constant clock.


5. checking no_input_delay (580)
--------------------------------
 There are 580 input ports with no input delay specified. (HIGH)

 There are 0 input ports with no input delay but user has a false path constraint.


6. checking no_output_delay (302)
---------------------------------
 There are 302 ports with no output delay specified. (HIGH)

 There are 0 ports with no output delay but user has a false path constraint

 There are 0 ports with no output delay but with a timing clock defined on it or propagating through it


7. checking multiple_clock (0)
------------------------------
 There are 0 register/latch pins with multiple clocks.


8. checking generated_clocks (0)
--------------------------------
 There are 0 generated clocks that are not connected to a clock source.


9. checking loops (0)
---------------------
 There are 0 combinational loops in the design.


10. checking partial_input_delay (0)
------------------------------------
 There are 0 input ports with partial input delay specified.


11. checking partial_output_delay (0)
-------------------------------------
 There are 0 ports with partial output delay specified.


12. checking latch_loops (0)
----------------------------
 There are 0 combinational latch loops in the design through latch input



------------------------------------------------------------------------------------------------
| Design Timing Summary
| ---------------------
------------------------------------------------------------------------------------------------

    WNS(ns)      TNS(ns)  TNS Failing Endpoints  TNS Total Endpoints      WHS(ns)      THS(ns)  THS Failing Endpoints  THS Total Endpoints     WPWS(ns)     TPWS(ns)  TPWS Failing Endpoints  TPWS Total Endpoints  
    -------      -------  ---------------------  -------------------      -------      -------  ---------------------  -------------------     --------     --------  ----------------------  --------------------  
     -1.360     -209.449                    489                 8517        0.122        0.000                      0                 8517        4.500        0.000                       0                  4315  


Timing constraints are not met.


------------------------------------------------------------------------------------------------
| Clock Summary
| -------------
------------------------------------------------------------------------------------------------

Clock          Waveform(ns)       Period(ns)      Frequency(MHz)
-----          ------------       ----------      --------------
estimator_clk  {0.000 5.000}      10.000          100.000         


------------------------------------------------------------------------------------------------
| Intra Clock Table
| -----------------
------------------------------------------------------------------------------------------------

Clock              WNS(ns)      TNS(ns)  TNS Failing Endpoints  TNS Total Endpoints      WHS(ns)      THS(ns)  THS Failing Endpoints  THS Total Endpoints     WPWS(ns)     TPWS(ns)  TPWS Failing Endpoints  TPWS Total Endpoints  
-----              -------      -------  ---------------------  -------------------      -------      -------  ---------------------  -------------------     --------     --------  ----------------------  --------------------  
estimator_clk       -1.360     -209.449                    489                 8517        0.122        0.000                      0                 8517        4.500        0.000                       0                  4315  


------------------------------------------------------------------------------------------------
| Inter Clock Table
| -----------------
------------------------------------------------------------------------------------------------

From Clock    To Clock          WNS(ns)      TNS(ns)  TNS Failing Endpoints  TNS Total Endpoints      WHS(ns)      THS(ns)  THS Failing Endpoints  THS Total Endpoints  
----------    --------          -------      -------  ---------------------  -------------------      -------      -------  ---------------------  -------------------  


------------------------------------------------------------------------------------------------
| Other Path Groups Table
| -----------------------
------------------------------------------------------------------------------------------------

Path Group    From Clock    To Clock          WNS(ns)      TNS(ns)  TNS Failing Endpoints  TNS Total Endpoints      WHS(ns)      THS(ns)  THS Failing Endpoints  THS Total Endpoints  
----------    ----------    --------          -------      -------  ---------------------  -------------------      -------      -------  ---------------------  -------------------  


------------------------------------------------------------------------------------------------
| Timing Details
| --------------
------------------------------------------------------------------------------------------------


---------------------------------------------------------------------------------------------------
From Clock:  estimator_clk
  To Clock:  estimator_clk

Setup :          489  Failing Endpoints,  Worst Slack       -1.360ns,  Total Violation     -209.449ns
Hold  :            0  Failing Endpoints,  Worst Slack        0.122ns,  Total Violation        0.000ns
PW    :            0  Failing Endpoints,  Worst Slack        4.500ns,  Total Violation        0.000ns
---------------------------------------------------------------------------------------------------


Max Delay Paths
--------------------------------------------------------------------------------------
Slack (VIOLATED) :        -1.360ns  (required time - arrival time)
  Source:                 u_engine/state_reg[3]/C
                            (rising edge-triggered cell FDCE clocked by estimator_clk  {rise@0.000ns fall@5.000ns period=10.000ns})
  Destination:            u_engine/cov_predict_reg[2][23]/D
                            (rising edge-triggered cell FDCE clocked by estimator_clk  {rise@0.000ns fall@5.000ns period=10.000ns})
  Path Group:             estimator_clk
  Path Type:              Setup (Max at Slow Process Corner)
  Requirement:            10.000ns  (estimator_clk rise@10.000ns - estimator_clk rise@0.000ns)
  Data Path Delay:        11.229ns  (logic 4.320ns (38.471%)  route 6.909ns (61.529%))
  Logic Levels:           14  (CARRY4=6 LUT1=2 LUT3=1 LUT4=1 LUT5=1 LUT6=3)
  Clock Path Skew:        -0.049ns (DCD - SCD + CPR)
    Destination Clock Delay (DCD):    0.924ns = ( 10.924 - 10.000 ) 
    Source Clock Delay      (SCD):    0.973ns
    Clock Pessimism Removal (CPR):    0.000ns
  Clock Uncertainty:      0.035ns  ((TSJ^2 + TIJ^2)^1/2 + DJ) / 2 + PE
    Total System Jitter     (TSJ):    0.071ns
    Total Input Jitter      (TIJ):    0.000ns
    Discrete Jitter          (DJ):    0.000ns
    Phase Error              (PE):    0.000ns

    Location             Delay type                Incr(ns)  Path(ns)    Netlist Resource(s)
  -------------------------------------------------------------------    -------------------
                         (clock estimator_clk rise edge)
                                                      0.000     0.000 r  
                                                      0.000     0.000 r  clk (IN)
                         net (fo=4314, unset)         0.973     0.973    u_engine/clk
    SLICE_X43Y68         FDCE                                         r  u_engine/state_reg[3]/C
  -------------------------------------------------------------------    -------------------
    SLICE_X43Y68         FDCE (Prop_fdce_C_Q)         0.456     1.429 f  u_engine/state_reg[3]/Q
                         net (fo=164, routed)         1.239     2.668    u_engine/Q[3]
    SLICE_X38Y70         LUT6 (Prop_lut6_I2_O)        0.124     2.792 f  u_engine/measurement_cov[6][23]_i_53/O
                         net (fo=24, routed)          0.648     3.439    u_engine/measurement_cov[6][23]_i_53_n_0
    SLICE_X38Y69         LUT6 (Prop_lut6_I5_O)        0.124     3.563 r  u_engine/measurement_cov[6][11]_i_24/O
                         net (fo=1, routed)           0.808     4.372    u_engine/measurement_cov[6][11]_i_24_n_0
    SLICE_X44Y68         LUT4 (Prop_lut4_I0_O)        0.124     4.496 r  u_engine/measurement_cov[6][11]_i_7/O
                         net (fo=2, routed)           0.948     5.443    u_engine/p_1_in__0[8]
    SLICE_X44Y71         LUT6 (Prop_lut6_I0_O)        0.124     5.567 r  u_engine/measurement_cov[6][11]_i_11/O
                         net (fo=1, routed)           0.000     5.567    u_engine/measurement_cov[6][11]_i_11_n_0
    SLICE_X44Y71         CARRY4 (Prop_carry4_S[0]_CO[3])
                                                      0.532     6.099 r  u_engine/measurement_cov_reg[6][11]_i_3/CO[3]
                         net (fo=1, routed)           0.000     6.099    u_engine/measurement_cov_reg[6][11]_i_3_n_0
    SLICE_X44Y72         CARRY4 (Prop_carry4_CI_O[3])
                                                      0.313     6.412 f  u_engine/measurement_cov_reg[6][15]_i_3/O[3]
                         net (fo=2, routed)           0.718     7.130    u_engine_n_376
    SLICE_X45Y72         LUT1 (Prop_lut1_I0_O)        0.306     7.436 r  measurement_cov[6][16]_i_8/O
                         net (fo=1, routed)           0.000     7.436    measurement_cov[6][16]_i_8_n_0
    SLICE_X45Y72         CARRY4 (Prop_carry4_S[3]_CO[3])
                                                      0.401     7.837 r  measurement_cov_reg[6][16]_i_7/CO[3]
                         net (fo=1, routed)           0.000     7.837    measurement_cov_reg[6][16]_i_7_n_0
    SLICE_X45Y73         CARRY4 (Prop_carry4_CI_O[3])
                                                      0.313     8.150 f  measurement_cov_reg[6][20]_i_7/O[3]
                         net (fo=1, routed)           0.565     8.715    u_engine/measurement_cov_reg[6][20]_i_2_0[3]
    SLICE_X46Y74         LUT1 (Prop_lut1_I0_O)        0.306     9.021 r  u_engine/measurement_cov[6][20]_i_5/O
                         net (fo=1, routed)           0.000     9.021    u_engine/measurement_cov[6][20]_i_5_n_0
    SLICE_X46Y74         CARRY4 (Prop_carry4_S[1]_CO[3])
                                                      0.533     9.554 r  u_engine/measurement_cov_reg[6][20]_i_2/CO[3]
                         net (fo=1, routed)           0.009     9.563    u_engine/measurement_cov_reg[6][20]_i_2_n_0
    SLICE_X46Y75         CARRY4 (Prop_carry4_CI_O[2])
                                                      0.239     9.802 r  u_engine/measurement_cov_reg[6][23]_i_6/O[2]
                         net (fo=4, routed)           0.901    10.703    u_engine/p_1_in2_in[23]
    SLICE_X55Y77         LUT3 (Prop_lut3_I2_O)        0.301    11.004 r  u_engine/cov_predict[6][23]_i_6/O
                         net (fo=1, routed)           0.406    11.411    u_engine/u_mul_mac_pipeline/cov_predict_reg[1][23]
    SLICE_X55Y79         LUT5 (Prop_lut5_I2_O)        0.124    11.535 r  u_engine/u_mul_mac_pipeline/cov_predict[6][23]_i_2/O
                         net (fo=6, routed)           0.668    12.202    u_engine/u_mul_mac_pipeline_n_70
    SLICE_X55Y79         FDCE                                         r  u_engine/cov_predict_reg[2][23]/D
  -------------------------------------------------------------------    -------------------

                         (clock estimator_clk rise edge)
                                                     10.000    10.000 r  
                                                      0.000    10.000 r  clk (IN)
                         net (fo=4314, unset)         0.924    10.924    u_engine/clk
    SLICE_X55Y79         FDCE                                         r  u_engine/cov_predict_reg[2][23]/C
                         clock pessimism              0.000    10.924    
                         clock uncertainty           -0.035    10.889    
    SLICE_X55Y79         FDCE (Setup_fdce_C_D)       -0.047    10.842    u_engine/cov_predict_reg[2][23]
  -------------------------------------------------------------------
                         required time                         10.842    
                         arrival time                         -12.202    
  -------------------------------------------------------------------
                         slack                                 -1.360    





Min Delay Paths
--------------------------------------------------------------------------------------
Slack (MET) :             0.122ns  (arrival time - required time)
  Source:                 u_engine/u_divider/divisor_input_reg_reg[10]/C
                            (rising edge-triggered cell FDCE clocked by estimator_clk  {rise@0.000ns fall@5.000ns period=10.000ns})
  Destination:            u_engine/u_divider/divisor_stage_a_reg[10]/D
                            (rising edge-triggered cell FDCE clocked by estimator_clk  {rise@0.000ns fall@5.000ns period=10.000ns})
  Path Group:             estimator_clk
  Path Type:              Hold (Min at Fast Process Corner)
  Requirement:            0.000ns  (estimator_clk rise@0.000ns - estimator_clk rise@0.000ns)
  Data Path Delay:        0.228ns  (logic 0.141ns (61.814%)  route 0.087ns (38.186%))
  Logic Levels:           0  
  Clock Path Skew:        0.022ns (DCD - SCD - CPR)
    Destination Clock Delay (DCD):    0.432ns
    Source Clock Delay      (SCD):    0.410ns
    Clock Pessimism Removal (CPR):    -0.000ns

    Location             Delay type                Incr(ns)  Path(ns)    Netlist Resource(s)
  -------------------------------------------------------------------    -------------------
                         (clock estimator_clk rise edge)
                                                      0.000     0.000 r  
                                                      0.000     0.000 r  clk (IN)
                         net (fo=4314, unset)         0.410     0.410    u_engine/u_divider/clk
    SLICE_X63Y99         FDCE                                         r  u_engine/u_divider/divisor_input_reg_reg[10]/C
  -------------------------------------------------------------------    -------------------
    SLICE_X63Y99         FDCE (Prop_fdce_C_Q)         0.141     0.551 r  u_engine/u_divider/divisor_input_reg_reg[10]/Q
                         net (fo=1, routed)           0.087     0.638    u_engine/u_divider/divisor_input_reg[10]
    SLICE_X62Y99         FDCE                                         r  u_engine/u_divider/divisor_stage_a_reg[10]/D
  -------------------------------------------------------------------    -------------------

                         (clock estimator_clk rise edge)
                                                      0.000     0.000 r  
                                                      0.000     0.000 r  clk (IN)
                         net (fo=4314, unset)         0.432     0.432    u_engine/u_divider/clk
    SLICE_X62Y99         FDCE                                         r  u_engine/u_divider/divisor_stage_a_reg[10]/C
                         clock pessimism              0.000     0.432    
    SLICE_X62Y99         FDCE (Hold_fdce_C_D)         0.085     0.517    u_engine/u_divider/divisor_stage_a_reg[10]
  -------------------------------------------------------------------
                         required time                         -0.517    
                         arrival time                           0.638    
  -------------------------------------------------------------------
                         slack                                  0.122    





Pulse Width Checks
--------------------------------------------------------------------------------------
Clock Name:         estimator_clk
Waveform(ns):       { 0.000 5.000 }
Period(ns):         10.000
Sources:            { clk }

Check Type        Corner  Lib Pin             Reference Pin  Required(ns)  Actual(ns)  Slack(ns)  Location      Pin
Min Period        n/a     RAMB36E1/CLKARDCLK  n/a            2.576         10.000      7.424      RAMB36_X2Y14  u_engine/u_arcsine_cov_lut/y_reg_3/CLKARDCLK
Low Pulse Width   Fast    FDCE/C              n/a            0.500         5.000       4.500      SLICE_X28Y96  u_engine/gain_inner_reg[3][10]/C
High Pulse Width  Slow    FDCE/C              n/a            0.500         5.000       4.500      SLICE_X28Y96  u_engine/gain_inner_reg[3][10]/C



