Copyright 1986-2020 Xilinx, Inc. All Rights Reserved.
---------------------------------------------------------------------------------------------------------------
| Tool Version : Vivado v.2020.2 (win64) Build 3064766 Wed Nov 18 09:12:45 MST 2020
| Date         : Mon Aug 31 21:48:22 2026
| Host         : REDACTED
| Command      : report_timing_summary -file <USER_HOME>/Verilog/nonPipelined/rbkf_l8/timing_post_route.rpt
| Design       : rbkf_core
| Device       : 7z020-clg400
| Speed File   : -1  PRODUCTION 1.12 2019-11-22
---------------------------------------------------------------------------------------------------------------

Timing Summary Report

------------------------------------------------------------------------------------------------
| Timer Settings
| --------------
------------------------------------------------------------------------------------------------

  Enable Multi Corner Analysis               :  Yes
  Enable Pessimism Removal                   :  Yes
  Pessimism Removal Resolution               :  Nearest Common Node
  Enable Input Delay Default Clock           :  No
  Enable Preset / Clear Arcs                 :  No
  Disable Flight Delays                      :  No
  Ignore I/O Paths                           :  No
  Timing Early Launch at Borrowing Latches   :  No
  Borrow Time for Max Delay Exceptions       :  Yes
  Merge Timing Exceptions                    :  Yes

  Corner  Analyze    Analyze    
  Name    Max Paths  Min Paths  
  ------  ---------  ---------  
  Slow    Yes        Yes        
  Fast    Yes        Yes        



check_timing report

Table of Contents
-----------------
1. checking no_clock (0)
2. checking constant_clock (0)
3. checking pulse_width_clock (0)
4. checking unconstrained_internal_endpoints (0)
5. checking no_input_delay (534)
6. checking no_output_delay (376)
7. checking multiple_clock (0)
8. checking generated_clocks (0)
9. checking loops (0)
10. checking partial_input_delay (0)
11. checking partial_output_delay (0)
12. checking latch_loops (0)

1. checking no_clock (0)
------------------------
 There are 0 register/latch pins with no clock.


2. checking constant_clock (0)
------------------------------
 There are 0 register/latch pins with constant_clock.


3. checking pulse_width_clock (0)
---------------------------------
 There are 0 register/latch pins which need pulse_width check


4. checking unconstrained_internal_endpoints (0)
------------------------------------------------
 There are 0 pins that are not constrained for maximum delay.

 There are 0 pins that are not constrained for maximum delay due to constant clock.


5. checking no_input_delay (534)
--------------------------------
 There are 534 input ports with no input delay specified. (HIGH)

 There are 0 input ports with no input delay but user has a false path constraint.


6. checking no_output_delay (376)
---------------------------------
 There are 376 ports with no output delay specified. (HIGH)

 There are 0 ports with no output delay but user has a false path constraint

 There are 0 ports with no output delay but with a timing clock defined on it or propagating through it


7. checking multiple_clock (0)
------------------------------
 There are 0 register/latch pins with multiple clocks.


8. checking generated_clocks (0)
--------------------------------
 There are 0 generated clocks that are not connected to a clock source.


9. checking loops (0)
---------------------
 There are 0 combinational loops in the design.


10. checking partial_input_delay (0)
------------------------------------
 There are 0 input ports with partial input delay specified.


11. checking partial_output_delay (0)
-------------------------------------
 There are 0 ports with partial output delay specified.


12. checking latch_loops (0)
----------------------------
 There are 0 combinational latch loops in the design through latch input



------------------------------------------------------------------------------------------------
| Design Timing Summary
| ---------------------
------------------------------------------------------------------------------------------------

    WNS(ns)      TNS(ns)  TNS Failing Endpoints  TNS Total Endpoints      WHS(ns)      THS(ns)  THS Failing Endpoints  THS Total Endpoints     WPWS(ns)     TPWS(ns)  TPWS Failing Endpoints  TPWS Total Endpoints  
    -------      -------  ---------------------  -------------------      -------      -------  ---------------------  -------------------     --------     --------  ----------------------  --------------------  
    -15.142   -32405.221                   4127                 7412        0.136        0.000                      0                 7412        4.500        0.000                       0                  3801  


Timing constraints are not met.


------------------------------------------------------------------------------------------------
| Clock Summary
| -------------
------------------------------------------------------------------------------------------------

Clock          Waveform(ns)       Period(ns)      Frequency(MHz)
-----          ------------       ----------      --------------
estimator_clk  {0.000 5.000}      10.000          100.000         


------------------------------------------------------------------------------------------------
| Intra Clock Table
| -----------------
------------------------------------------------------------------------------------------------

Clock              WNS(ns)      TNS(ns)  TNS Failing Endpoints  TNS Total Endpoints      WHS(ns)      THS(ns)  THS Failing Endpoints  THS Total Endpoints     WPWS(ns)     TPWS(ns)  TPWS Failing Endpoints  TPWS Total Endpoints  
-----              -------      -------  ---------------------  -------------------      -------      -------  ---------------------  -------------------     --------     --------  ----------------------  --------------------  
estimator_clk      -15.142   -32405.221                   4127                 7412        0.136        0.000                      0                 7412        4.500        0.000                       0                  3801  


------------------------------------------------------------------------------------------------
| Inter Clock Table
| -----------------
------------------------------------------------------------------------------------------------

From Clock    To Clock          WNS(ns)      TNS(ns)  TNS Failing Endpoints  TNS Total Endpoints      WHS(ns)      THS(ns)  THS Failing Endpoints  THS Total Endpoints  
----------    --------          -------      -------  ---------------------  -------------------      -------      -------  ---------------------  -------------------  


------------------------------------------------------------------------------------------------
| Other Path Groups Table
| -----------------------
------------------------------------------------------------------------------------------------

Path Group    From Clock    To Clock          WNS(ns)      TNS(ns)  TNS Failing Endpoints  TNS Total Endpoints      WHS(ns)      THS(ns)  THS Failing Endpoints  THS Total Endpoints  
----------    ----------    --------          -------      -------  ---------------------  -------------------      -------      -------  ---------------------  -------------------  


------------------------------------------------------------------------------------------------
| Timing Details
| --------------
------------------------------------------------------------------------------------------------


---------------------------------------------------------------------------------------------------
From Clock:  estimator_clk
  To Clock:  estimator_clk

Setup :         4127  Failing Endpoints,  Worst Slack      -15.142ns,  Total Violation   -32405.220ns
Hold  :            0  Failing Endpoints,  Worst Slack        0.136ns,  Total Violation        0.000ns
PW    :            0  Failing Endpoints,  Worst Slack        4.500ns,  Total Violation        0.000ns
---------------------------------------------------------------------------------------------------


Max Delay Paths
--------------------------------------------------------------------------------------
Slack (VIOLATED) :        -15.142ns  (required time - arrival time)
  Source:                 u_engine/col_index_reg[0]/C
                            (rising edge-triggered cell FDCE clocked by estimator_clk  {rise@0.000ns fall@5.000ns period=10.000ns})
  Destination:            u_engine/solver_error_reg/D
                            (rising edge-triggered cell FDCE clocked by estimator_clk  {rise@0.000ns fall@5.000ns period=10.000ns})
  Path Group:             estimator_clk
  Path Type:              Setup (Max at Slow Process Corner)
  Requirement:            10.000ns  (estimator_clk rise@10.000ns - estimator_clk rise@0.000ns)
  Data Path Delay:        25.135ns  (logic 13.336ns (53.058%)  route 11.799ns (46.942%))
  Logic Levels:           34  (CARRY4=17 DSP48E1=2 LUT1=2 LUT2=1 LUT4=2 LUT5=3 LUT6=6 MUXF7=1)
  Clock Path Skew:        -0.049ns (DCD - SCD + CPR)
    Destination Clock Delay (DCD):    0.924ns = ( 10.924 - 10.000 ) 
    Source Clock Delay      (SCD):    0.973ns
    Clock Pessimism Removal (CPR):    0.000ns
  Clock Uncertainty:      0.035ns  ((TSJ^2 + TIJ^2)^1/2 + DJ) / 2 + PE
    Total System Jitter     (TSJ):    0.071ns
    Total Input Jitter      (TIJ):    0.000ns
    Discrete Jitter          (DJ):    0.000ns
    Phase Error              (PE):    0.000ns

    Location             Delay type                Incr(ns)  Path(ns)    Netlist Resource(s)
  -------------------------------------------------------------------    -------------------
                         (clock estimator_clk rise edge)
                                                      0.000     0.000 r  
                                                      0.000     0.000 r  clk (IN)
                         net (fo=3800, unset)         0.973     0.973    u_engine/clk
    SLICE_X57Y76         FDCE                                         r  u_engine/col_index_reg[0]/C
  -------------------------------------------------------------------    -------------------
    SLICE_X57Y76         FDCE (Prop_fdce_C_Q)         0.456     1.429 r  u_engine/col_index_reg[0]/Q
                         net (fo=57, routed)          0.985     2.414    u_engine/col_index_reg_n_0_[0]
    SLICE_X57Y77         LUT4 (Prop_lut4_I1_O)        0.124     2.538 r  u_engine/multiply_product_i_1164/O
                         net (fo=96, routed)          1.381     3.918    u_engine/multiply_product_i_1164_n_0
    SLICE_X56Y78         LUT6 (Prop_lut6_I2_O)        0.124     4.042 f  u_engine/multiply_product_i_1175/O
                         net (fo=1, routed)           0.467     4.509    u_engine/multiply_product_i_1175_n_0
    SLICE_X57Y74         LUT5 (Prop_lut5_I2_O)        0.124     4.633 r  u_engine/multiply_product_i_685/O
                         net (fo=1, routed)           0.000     4.633    u_engine/multiply_product_i_685_n_0
    SLICE_X57Y74         MUXF7 (Prop_muxf7_I1_O)      0.245     4.878 r  u_engine/multiply_product_i_263/O
                         net (fo=1, routed)           0.809     5.687    u_engine/multiply_product_i_263_n_0
    SLICE_X52Y71         LUT6 (Prop_lut6_I3_O)        0.298     5.985 r  u_engine/multiply_product_i_82/O
                         net (fo=1, routed)           0.702     6.687    u_engine/multiply_product_i_82_n_0
    SLICE_X48Y71         LUT5 (Prop_lut5_I4_O)        0.124     6.811 r  u_engine/multiply_product_i_19/O
                         net (fo=2, routed)           0.948     7.759    u_engine/mul_b[22]
    DSP48_X2Y28          DSP48E1 (Prop_dsp48e1_A[22]_PCOUT[47])
                                                      4.036    11.795 r  u_engine/multiply_product/PCOUT[47]
                         net (fo=1, routed)           0.002    11.797    u_engine/multiply_product_n_106
    DSP48_X2Y29          DSP48E1 (Prop_dsp48e1_PCIN[47]_P[0])
                                                      1.518    13.315 r  u_engine/multiply_product__0/P[0]
                         net (fo=4, routed)           0.808    14.123    u_engine/multiply_product__1[17]
    SLICE_X38Y70         LUT2 (Prop_lut2_I1_O)        0.124    14.247 r  u_engine/mac_accumulator[19]_i_5/O
                         net (fo=1, routed)           0.000    14.247    u_engine/mac_accumulator[19]_i_5_n_0
    SLICE_X38Y70         CARRY4 (Prop_carry4_S[1]_CO[3])
                                                      0.533    14.780 r  u_engine/mac_accumulator_reg[19]_i_2/CO[3]
                         net (fo=1, routed)           0.000    14.780    u_engine/mac_accumulator_reg[19]_i_2_n_0
    SLICE_X38Y71         CARRY4 (Prop_carry4_CI_CO[3])
                                                      0.117    14.897 r  u_engine/mac_accumulator_reg[23]_i_2/CO[3]
                         net (fo=1, routed)           0.000    14.897    u_engine/mac_accumulator_reg[23]_i_2_n_0
    SLICE_X38Y72         CARRY4 (Prop_carry4_CI_CO[3])
                                                      0.117    15.014 r  u_engine/mac_accumulator_reg[27]_i_2/CO[3]
                         net (fo=1, routed)           0.000    15.014    u_engine/mac_accumulator_reg[27]_i_2_n_0
    SLICE_X38Y73         CARRY4 (Prop_carry4_CI_O[1])
                                                      0.323    15.337 f  u_engine/mac_accumulator_reg[31]_i_2/O[1]
                         net (fo=3, routed)           0.602    15.939    u_engine_n_152
    SLICE_X40Y73         LUT1 (Prop_lut1_I0_O)        0.306    16.245 r  state_predict[2][16]_i_11/O
                         net (fo=1, routed)           0.000    16.245    state_predict[2][16]_i_11_n_0
    SLICE_X40Y73         CARRY4 (Prop_carry4_S[0]_CO[3])
                                                      0.532    16.777 r  state_predict_reg[2][16]_i_7/CO[3]
                         net (fo=1, routed)           0.000    16.777    state_predict_reg[2][16]_i_7_n_0
    SLICE_X40Y74         CARRY4 (Prop_carry4_CI_O[1])
                                                      0.334    17.111 f  state_predict_reg[2][20]_i_7/O[1]
                         net (fo=1, routed)           0.590    17.702    state_predict_reg[2][20]_i_7_n_6
    SLICE_X42Y74         LUT1 (Prop_lut1_I0_O)        0.303    18.005 r  state_predict[2][20]_i_5/O
                         net (fo=1, routed)           0.000    18.005    state_predict[2][20]_i_5_n_0
    SLICE_X42Y74         CARRY4 (Prop_carry4_S[1]_CO[3])
                                                      0.533    18.538 r  state_predict_reg[2][20]_i_2/CO[3]
                         net (fo=1, routed)           0.009    18.547    state_predict_reg[2][20]_i_2_n_0
    SLICE_X42Y75         CARRY4 (Prop_carry4_CI_CO[3])
                                                      0.117    18.664 r  state_predict_reg[2][23]_i_7/CO[3]
                         net (fo=1, routed)           0.000    18.664    state_predict_reg[2][23]_i_7_n_0
    SLICE_X42Y76         CARRY4 (Prop_carry4_CI_CO[3])
                                                      0.117    18.781 r  state_predict_reg[2][23]_i_85/CO[3]
                         net (fo=1, routed)           0.000    18.781    state_predict_reg[2][23]_i_85_n_0
    SLICE_X42Y77         CARRY4 (Prop_carry4_CI_CO[3])
                                                      0.117    18.898 r  state_predict_reg[2][23]_i_60/CO[3]
                         net (fo=1, routed)           0.000    18.898    state_predict_reg[2][23]_i_60_n_0
    SLICE_X42Y78         CARRY4 (Prop_carry4_CI_CO[2])
                                                      0.229    19.127 f  state_predict_reg[2][23]_i_39/CO[2]
                         net (fo=34, routed)          0.871    19.998    state_predict_reg[2][23]_i_39_n_1
    SLICE_X43Y76         LUT4 (Prop_lut4_I0_O)        0.310    20.308 r  state_predict[2][23]_i_74/O
                         net (fo=1, routed)           0.000    20.308    state_predict[2][23]_i_74_n_0
    SLICE_X43Y76         CARRY4 (Prop_carry4_S[2]_CO[3])
                                                      0.398    20.706 r  state_predict_reg[2][23]_i_42/CO[3]
                         net (fo=1, routed)           0.000    20.706    state_predict_reg[2][23]_i_42_n_0
    SLICE_X43Y77         CARRY4 (Prop_carry4_CI_CO[3])
                                                      0.114    20.820 r  state_predict_reg[2][23]_i_24/CO[3]
                         net (fo=1, routed)           0.000    20.820    state_predict_reg[2][23]_i_24_n_0
    SLICE_X43Y78         CARRY4 (Prop_carry4_CI_CO[2])
                                                      0.228    21.048 f  state_predict_reg[2][23]_i_10/CO[2]
                         net (fo=55, routed)          0.861    21.909    u_engine/state_correction_reg[0][22]_1[0]
    SLICE_X46Y78         LUT5 (Prop_lut5_I1_O)        0.313    22.222 r  u_engine/state_predict[2][5]_i_1/O
                         net (fo=46, routed)          0.766    22.988    u_engine/state_predict[2][5]_i_1_n_0
    SLICE_X47Y74         LUT6 (Prop_lut6_I5_O)        0.124    23.112 r  u_engine/determinant[22]_i_22/O
                         net (fo=1, routed)           0.354    23.467    u_engine/determinant[22]_i_22_n_0
    SLICE_X48Y73         CARRY4 (Prop_carry4_DI[2]_CO[3])
                                                      0.398    23.865 r  u_engine/determinant_reg[22]_i_12/CO[3]
                         net (fo=1, routed)           0.000    23.865    u_engine/determinant_reg[22]_i_12_n_0
    SLICE_X48Y74         CARRY4 (Prop_carry4_CI_CO[3])
                                                      0.114    23.979 r  u_engine/determinant_reg[22]_i_4/CO[3]
                         net (fo=1, routed)           0.009    23.988    u_engine/determinant_reg[22]_i_4_n_0
    SLICE_X48Y75         CARRY4 (Prop_carry4_CI_CO[3])
                                                      0.114    24.102 r  u_engine/determinant_reg[22]_i_2/CO[3]
                         net (fo=24, routed)          1.034    25.136    u_engine/determinant2
    SLICE_X51Y75         LUT6 (Prop_lut6_I4_O)        0.124    25.260 r  u_engine/solver_error_i_5/O
                         net (fo=1, routed)           0.154    25.414    u_engine/u_divider/solver_error_reg_1
    SLICE_X51Y75         LUT6 (Prop_lut6_I5_O)        0.124    25.538 r  u_engine/u_divider/solver_error_i_3/O
                         net (fo=1, routed)           0.446    25.984    u_engine/u_divider/solver_error_i_3_n_0
    SLICE_X50Y74         LUT6 (Prop_lut6_I4_O)        0.124    26.108 r  u_engine/u_divider/solver_error_i_1/O
                         net (fo=1, routed)           0.000    26.108    u_engine/u_divider_n_16
    SLICE_X50Y74         FDCE                                         r  u_engine/solver_error_reg/D
  -------------------------------------------------------------------    -------------------

                         (clock estimator_clk rise edge)
                                                     10.000    10.000 r  
                                                      0.000    10.000 r  clk (IN)
                         net (fo=3800, unset)         0.924    10.924    u_engine/clk
    SLICE_X50Y74         FDCE                                         r  u_engine/solver_error_reg/C
                         clock pessimism              0.000    10.924    
                         clock uncertainty           -0.035    10.889    
    SLICE_X50Y74         FDCE (Setup_fdce_C_D)        0.077    10.966    u_engine/solver_error_reg
  -------------------------------------------------------------------
                         required time                         10.966    
                         arrival time                         -26.108    
  -------------------------------------------------------------------
                         slack                                -15.142    





Min Delay Paths
--------------------------------------------------------------------------------------
Slack (MET) :             0.136ns  (arrival time - required time)
  Source:                 u_engine/u_divider/bit_index_reg[5]/C
                            (rising edge-triggered cell FDCE clocked by estimator_clk  {rise@0.000ns fall@5.000ns period=10.000ns})
  Destination:            u_engine/u_divider/quotient_reg_reg[21]/D
                            (rising edge-triggered cell FDCE clocked by estimator_clk  {rise@0.000ns fall@5.000ns period=10.000ns})
  Path Group:             estimator_clk
  Path Type:              Hold (Min at Fast Process Corner)
  Requirement:            0.000ns  (estimator_clk rise@0.000ns - estimator_clk rise@0.000ns)
  Data Path Delay:        0.278ns  (logic 0.186ns (67.017%)  route 0.092ns (32.983%))
  Logic Levels:           1  (LUT6=1)
  Clock Path Skew:        0.022ns (DCD - SCD - CPR)
    Destination Clock Delay (DCD):    0.432ns
    Source Clock Delay      (SCD):    0.410ns
    Clock Pessimism Removal (CPR):    -0.000ns

    Location             Delay type                Incr(ns)  Path(ns)    Netlist Resource(s)
  -------------------------------------------------------------------    -------------------
                         (clock estimator_clk rise edge)
                                                      0.000     0.000 r  
                                                      0.000     0.000 r  clk (IN)
                         net (fo=3800, unset)         0.410     0.410    u_engine/u_divider/clk
    SLICE_X37Y99         FDCE                                         r  u_engine/u_divider/bit_index_reg[5]/C
  -------------------------------------------------------------------    -------------------
    SLICE_X37Y99         FDCE (Prop_fdce_C_Q)         0.141     0.551 f  u_engine/u_divider/bit_index_reg[5]/Q
                         net (fo=45, routed)          0.092     0.643    u_engine/u_divider/bit_index_reg[5]
    SLICE_X36Y99         LUT6 (Prop_lut6_I4_O)        0.045     0.688 r  u_engine/u_divider/quotient_reg[21]_i_1/O
                         net (fo=1, routed)           0.000     0.688    u_engine/u_divider/quotient_reg[21]_i_1_n_0
    SLICE_X36Y99         FDCE                                         r  u_engine/u_divider/quotient_reg_reg[21]/D
  -------------------------------------------------------------------    -------------------

                         (clock estimator_clk rise edge)
                                                      0.000     0.000 r  
                                                      0.000     0.000 r  clk (IN)
                         net (fo=3800, unset)         0.432     0.432    u_engine/u_divider/clk
    SLICE_X36Y99         FDCE                                         r  u_engine/u_divider/quotient_reg_reg[21]/C
                         clock pessimism              0.000     0.432    
    SLICE_X36Y99         FDCE (Hold_fdce_C_D)         0.120     0.552    u_engine/u_divider/quotient_reg_reg[21]
  -------------------------------------------------------------------
                         required time                         -0.552    
                         arrival time                           0.688    
  -------------------------------------------------------------------
                         slack                                  0.136    





Pulse Width Checks
--------------------------------------------------------------------------------------
Clock Name:         estimator_clk
Waveform(ns):       { 0.000 5.000 }
Period(ns):         10.000
Sources:            { clk }

Check Type        Corner  Lib Pin             Reference Pin  Required(ns)  Actual(ns)  Slack(ns)  Location      Pin
Min Period        n/a     RAMB36E1/CLKARDCLK  n/a            2.576         10.000      7.424      RAMB36_X2Y14  u_engine/u_arcsine_cov_lut/y_reg_3/CLKARDCLK
Low Pulse Width   Fast    FDCE/C              n/a            0.500         5.000       4.500      SLICE_X37Y58  u_engine/sign_cov_pre_reg[2][8]/C
High Pulse Width  Slow    FDCE/C              n/a            0.500         5.000       4.500      SLICE_X37Y58  u_engine/sign_cov_pre_reg[2][8]/C



